Archive member included because of file (symbol)

d:/altera/13.0sp1/nios2eds/bin/gnu/h-i686-mingw32/bin/../lib/gcc/nios2-elf/4.1.2/../../../../nios2-elf/lib\libc.a(lib_a-printf.o)
                              obj/default/hello_world.o (printf)
d:/altera/13.0sp1/nios2eds/bin/gnu/h-i686-mingw32/bin/../lib/gcc/nios2-elf/4.1.2/../../../../nios2-elf/lib\libc.a(lib_a-puts.o)
                              obj/default/hello_world.o (puts)
d:/altera/13.0sp1/nios2eds/bin/gnu/h-i686-mingw32/bin/../lib/gcc/nios2-elf/4.1.2/../../../../nios2-elf/lib\libc.a(lib_a-strlen.o)
                              d:/altera/13.0sp1/nios2eds/bin/gnu/h-i686-mingw32/bin/../lib/gcc/nios2-elf/4.1.2/../../../../nios2-elf/lib\libc.a(lib_a-puts.o) (strlen)
d:/altera/13.0sp1/nios2eds/bin/gnu/h-i686-mingw32/bin/../lib/gcc/nios2-elf/4.1.2/../../../../nios2-elf/lib\libc.a(lib_a-time.o)
                              obj/default/hello_world.o (time)
d:/altera/13.0sp1/nios2eds/bin/gnu/h-i686-mingw32/bin/../lib/gcc/nios2-elf/4.1.2/../../../../nios2-elf/lib\libc.a(lib_a-vfprintf.o)
                              d:/altera/13.0sp1/nios2eds/bin/gnu/h-i686-mingw32/bin/../lib/gcc/nios2-elf/4.1.2/../../../../nios2-elf/lib\libc.a(lib_a-printf.o) (___vfprintf_internal_r)
d:/altera/13.0sp1/nios2eds/bin/gnu/h-i686-mingw32/bin/../lib/gcc/nios2-elf/4.1.2/../../../../nios2-elf/lib\libc.a(lib_a-wsetup.o)
                              d:/altera/13.0sp1/nios2eds/bin/gnu/h-i686-mingw32/bin/../lib/gcc/nios2-elf/4.1.2/../../../../nios2-elf/lib\libc.a(lib_a-vfprintf.o) (__swsetup_r)
d:/altera/13.0sp1/nios2eds/bin/gnu/h-i686-mingw32/bin/../lib/gcc/nios2-elf/4.1.2/../../../../nios2-elf/lib\libc.a(lib_a-dtoa.o)
                              d:/altera/13.0sp1/nios2eds/bin/gnu/h-i686-mingw32/bin/../lib/gcc/nios2-elf/4.1.2/../../../../nios2-elf/lib\libc.a(lib_a-vfprintf.o) (_dtoa_r)
d:/altera/13.0sp1/nios2eds/bin/gnu/h-i686-mingw32/bin/../lib/gcc/nios2-elf/4.1.2/../../../../nios2-elf/lib\libc.a(lib_a-fflush.o)
                              d:/altera/13.0sp1/nios2eds/bin/gnu/h-i686-mingw32/bin/../lib/gcc/nios2-elf/4.1.2/../../../../nios2-elf/lib\libc.a(lib_a-vfprintf.o) (_fflush_r)
d:/altera/13.0sp1/nios2eds/bin/gnu/h-i686-mingw32/bin/../lib/gcc/nios2-elf/4.1.2/../../../../nios2-elf/lib\libc.a(lib_a-findfp.o)
                              d:/altera/13.0sp1/nios2eds/bin/gnu/h-i686-mingw32/bin/../lib/gcc/nios2-elf/4.1.2/../../../../nios2-elf/lib\libc.a(lib_a-vfprintf.o) (__sinit)
d:/altera/13.0sp1/nios2eds/bin/gnu/h-i686-mingw32/bin/../lib/gcc/nios2-elf/4.1.2/../../../../nios2-elf/lib\libc.a(lib_a-freer.o)
                              d:/altera/13.0sp1/nios2eds/bin/gnu/h-i686-mingw32/bin/../lib/gcc/nios2-elf/4.1.2/../../../../nios2-elf/lib\libc.a(lib_a-wsetup.o) (_free_r)
d:/altera/13.0sp1/nios2eds/bin/gnu/h-i686-mingw32/bin/../lib/gcc/nios2-elf/4.1.2/../../../../nios2-elf/lib\libc.a(lib_a-fvwrite.o)
                              d:/altera/13.0sp1/nios2eds/bin/gnu/h-i686-mingw32/bin/../lib/gcc/nios2-elf/4.1.2/../../../../nios2-elf/lib\libc.a(lib_a-puts.o) (__sfvwrite_r)
d:/altera/13.0sp1/nios2eds/bin/gnu/h-i686-mingw32/bin/../lib/gcc/nios2-elf/4.1.2/../../../../nios2-elf/lib\libc.a(lib_a-fwalk.o)
                              d:/altera/13.0sp1/nios2eds/bin/gnu/h-i686-mingw32/bin/../lib/gcc/nios2-elf/4.1.2/../../../../nios2-elf/lib\libc.a(lib_a-fflush.o) (_fwalk_reent)
d:/altera/13.0sp1/nios2eds/bin/gnu/h-i686-mingw32/bin/../lib/gcc/nios2-elf/4.1.2/../../../../nios2-elf/lib\libc.a(lib_a-gettimeofdayr.o)
                              d:/altera/13.0sp1/nios2eds/bin/gnu/h-i686-mingw32/bin/../lib/gcc/nios2-elf/4.1.2/../../../../nios2-elf/lib\libc.a(lib_a-time.o) (_gettimeofday_r)
d:/altera/13.0sp1/nios2eds/bin/gnu/h-i686-mingw32/bin/../lib/gcc/nios2-elf/4.1.2/../../../../nios2-elf/lib\libc.a(lib_a-impure.o)
                              d:/altera/13.0sp1/nios2eds/bin/gnu/h-i686-mingw32/bin/../lib/gcc/nios2-elf/4.1.2/../../../../nios2-elf/lib\libc.a(lib_a-printf.o) (_impure_ptr)
d:/altera/13.0sp1/nios2eds/bin/gnu/h-i686-mingw32/bin/../lib/gcc/nios2-elf/4.1.2/../../../../nios2-elf/lib\libc.a(lib_a-int_errno.o)
                              d:/altera/13.0sp1/nios2eds/bin/gnu/h-i686-mingw32/bin/../lib/gcc/nios2-elf/4.1.2/../../../../nios2-elf/lib\libc.a(lib_a-gettimeofdayr.o) (errno)
d:/altera/13.0sp1/nios2eds/bin/gnu/h-i686-mingw32/bin/../lib/gcc/nios2-elf/4.1.2/../../../../nios2-elf/lib\libc.a(lib_a-locale.o)
                              d:/altera/13.0sp1/nios2eds/bin/gnu/h-i686-mingw32/bin/../lib/gcc/nios2-elf/4.1.2/../../../../nios2-elf/lib\libc.a(lib_a-vfprintf.o) (_localeconv_r)
d:/altera/13.0sp1/nios2eds/bin/gnu/h-i686-mingw32/bin/../lib/gcc/nios2-elf/4.1.2/../../../../nios2-elf/lib\libc.a(lib_a-makebuf.o)
                              d:/altera/13.0sp1/nios2eds/bin/gnu/h-i686-mingw32/bin/../lib/gcc/nios2-elf/4.1.2/../../../../nios2-elf/lib\libc.a(lib_a-wsetup.o) (__smakebuf_r)
[...]
Memory Configuration

Name             Origin             Length             Attributes
onchip_memory2_0 0x00000000         0x00001000
reset            0x01000000         0x00000020
new_sdram_controller_0 0x01000020         0x007fffe0
*default*        0x00000000         0xffffffff

Linker script and memory map

LOAD ../sd_to_audio_bsp//obj/HAL/src/crt0.o
LOAD obj/default/hello_world.o
LOAD d:/altera/13.0sp1/nios2eds/bin/gnu/h-i686-mingw32/bin/../lib/gcc/nios2-elf/4.1.2/../../../../nios2-elf/lib\libstdc++.a
LOAD d:/altera/13.0sp1/nios2eds/bin/gnu/h-i686-mingw32/bin/../lib/gcc/nios2-elf/4.1.2/../../../../nios2-elf/lib\libm.a
LOAD d:/altera/13.0sp1/nios2eds/bin/gnu/h-i686-mingw32/bin/../lib/gcc/nios2-elf/4.1.2\libgcc.a
START GROUP
LOAD d:/altera/13.0sp1/nios2eds/bin/gnu/h-i686-mingw32/bin/../lib/gcc/nios2-elf/4.1.2/../../../../nios2-elf/lib\libc.a
LOAD d:/altera/13.0sp1/nios2eds/bin/gnu/h-i686-mingw32/bin/../lib/gcc/nios2-elf/4.1.2\libgcc.a
LOAD ../sd_to_audio_bsp/\libhal_bsp.a
END GROUP
LOAD d:/altera/13.0sp1/nios2eds/bin/gnu/h-i686-mingw32/bin/../lib/gcc/nios2-elf/4.1.2\libgcc.a
                0x00000000                __alt_mem_onchip_memory2_0 = 0x0
                0x01000000                __alt_mem_new_sdram_controller_0 = 0x1000000

.entry          0x01000000       0x20
 *(.entry)
 .entry         0x01000000       0x20 ../sd_to_audio_bsp//obj/HAL/src/crt0.o
                0x01000000                __reset

.exceptions     0x01000020      0x198
                0x01000020                PROVIDE (__ram_exceptions_start, ABSOLUTE (.))
                0x01000020                . = ALIGN (0x20)
 *(.irq)
 *(.exceptions.entry.label)
 .exceptions.entry.label
                0x01000020        0x0 ../sd_to_audio_bsp/\libhal_bsp.a(alt_irq_entry.o)
                0x01000020                alt_irq_entry
 .exceptions.entry.label
                0x01000020        0x0 ../sd_to_audio_bsp/\libhal_bsp.a(alt_exception_entry.o)
                0x01000020                alt_exception
 *(.exceptions.entry.user)
 *(.exceptions.entry)
 .exceptions.entry
                0x01000020       0x54 ../sd_to_audio_bsp/\libhal_bsp.a(alt_exception_entry.o)
 *(.exceptions.irqtest.user)
 *(.exceptions.irqtest)
 .exceptions.irqtest
                0x01000074       0x10 ../sd_to_audio_bsp/\libhal_bsp.a(alt_irq_entry.o)
 *(.exceptions.irqhandler.user)
 *(.exceptions.irqhandler)
 .exceptions.irqhandler
                0x01000084        0x4 ../sd_to_audio_bsp/\libhal_bsp.a(alt_irq_entry.o)
 *(.exceptions.irqreturn.user)
 *(.exceptions.irqreturn)
 .exceptions.irqreturn
                0x01000088        0x4 ../sd_to_audio_bsp/\libhal_bsp.a(alt_irq_entry.o)
 *(.exceptions.notirq.label)
 .exceptions.notirq.label
                0x0100008c        0x0 ../sd_to_audio_bsp/\libhal_bsp.a(alt_irq_entry.o)
 *(.exceptions.notirq.user)
 *(.exceptions.notirq)
 .exceptions.notirq
                0x0100008c        0x8 ../sd_to_audio_bsp/\libhal_bsp.a(alt_exception_entry.o)
 *(.exceptions.soft.user)
 *(.exceptions.soft)
 *(.exceptions.unknown.user)
 *(.exceptions.unknown)
 .exceptions.unknown
                0x01000094        0x4 ../sd_to_audio_bsp/\libhal_bsp.a(alt_exception_entry.o)
 *(.exceptions.exit.label)
 .exceptions.exit.label
                0x01000098        0x0 ../sd_to_audio_bsp/\libhal_bsp.a(alt_irq_entry.o)
 .exceptions.exit.label
                0x01000098        0x0 ../sd_to_audio_bsp/\libhal_bsp.a(alt_exception_entry.o)
 *(.exceptions.exit.user)
 *(.exceptions.exit)
 .exceptions.exit
                0x01000098       0x54 ../sd_to_audio_bsp/\libhal_bsp.a(alt_exception_entry.o)
 *(.exceptions)
 .exceptions    0x010000ec       0xcc ../sd_to_audio_bsp/\libhal_bsp.a(alt_irq_handler.o)
                0x010000ec                alt_irq_handler
                0x010001b8                PROVIDE (__ram_exceptions_end, ABSOLUTE (.))
                0x01000020                PROVIDE (__flash_exceptions_start, LOADADDR (.exceptions))

.text           0x010001b8    0x11e5c
                0x010001b8                PROVIDE (stext, ABSOLUTE (.))
 *(.interp)
 *(.hash)
 *(.dynsym)
 *(.dynstr)
 *(.gnu.version)
 *(.gnu.version_d)
 *(.gnu.version_r)
 *(.rel.init)
 *(.rela.init)
 *(.rel.text .rel.text.* .rel.gnu.linkonce.t.*)
 *(.rela.text .rela.text.* .rela.gnu.linkonce.t.*)
 *(.rel.fini)
 *(.rela.fini)
 *(.rel.rodata .rel.rodata.* .rel.gnu.linkonce.r.*)
 *(.rela.rodata .rela.rodata.* .rela.gnu.linkonce.r.*)
 *(.rel.data .rel.data.* .rel.gnu.linkonce.d.*)
 *(.rela.data .rela.data.* .rela.gnu.linkonce.d.*)
 *(.rel.tdata .rel.tdata.* .rel.gnu.linkonce.td.*)
 *(.rela.tdata .rela.tdata.* .rela.gnu.linkonce.td.*)
 *(.rel.tbss .rel.tbss.* .rel.gnu.linkonce.tb.*)
 *(.rela.tbss .rela.tbss.* .rela.gnu.linkonce.tb.*)
 *(.rel.ctors)
 *(.rela.ctors)
 *(.rel.dtors)
 *(.rela.dtors)
 *(.rel.got)
 *(.rela.got)
 *(.rel.sdata .rel.sdata.* .rel.gnu.linkonce.s.*)
 *(.rela.sdata .rela.sdata.* .rela.gnu.linkonce.s.*)
 *(.rel.sbss .rel.sbss.* .rel.gnu.linkonce.sb.*)
 *(.rela.sbss .rela.sbss.* .rela.gnu.linkonce.sb.*)
 *(.rel.sdata2 .rel.sdata2.* .rel.gnu.linkonce.s2.*)
 *(.rela.sdata2 .rela.sdata2.* .rela.gnu.linkonce.s2.*)
 *(.rel.sbss2 .rel.sbss2.* .rel.gnu.linkonce.sb2.*)
 *(.rela.sbss2 .rela.sbss2.* .rela.gnu.linkonce.sb2.*)
 *(.rel.bss .rel.bss.* .rel.gnu.linkonce.b.*)
 *(.rela.bss .rela.bss.* .rela.gnu.linkonce.b.*)
 *(.rel.plt)
 *(.rela.plt)
 *(.rel.dyn)
 *(.init)
 *(.plt)
 *(.text .stub .text.* .gnu.linkonce.t.*)
 .text          0x010001b8       0x4c ../sd_to_audio_bsp//obj/HAL/src/crt0.o
                0x010001b8                _start
 .text          0x01000204      0x5c8 obj/default/hello_world.o
                0x01000204                av_config_setup
                0x01000248                waitFor
                0x0100029c                printWAVHeader
                0x0100062c                main
 .text          0x010007cc       0x78 d:/altera/13.0sp1/nios2eds/bin/gnu/h-i686-mingw32/bin/../lib/gcc/nios2-elf/4.1.2/../../../../nios2-elf/lib\libc.a(lib_a-printf.o)
                0x010007cc                printf
                0x01000810                _printf_r
 .text          0x01000844       0xb4 d:/altera/13.0sp1/nios2eds/bin/gnu/h-i686-mingw32/bin/../lib/gcc/nios2-elf/4.1.2/../../../../nios2-elf/lib\libc.a(lib_a-puts.o)
                0x01000844                _puts_r
                0x010008e4                puts
 .text          0x010008f8       0x74 d:/altera/13.0sp1/nios2eds/bin/gnu/h-i686-mingw32/bin/../lib/gcc/nios2-elf/4.1.2/../../../../nios2-elf/lib\libc.a(lib_a-strlen.o)
                0x010008f8                strlen
 .text          0x0100096c       0x5c d:/altera/13.0sp1/nios2eds/bin/gnu/h-i686-mingw32/bin/../lib/gcc/nios2-elf/4.1.2/../../../../nios2-elf/lib\libc.a(lib_a-time.o)
                0x0100096c                time
 .text          0x010009c8     0x1f28 d:/altera/13.0sp1/nios2eds/bin/gnu/h-i686-mingw32/bin/../lib/gcc/nios2-elf/4.1.2/../../../../nios2-elf/lib\libc.a(lib_a-vfprintf.o)
                0x01000a20                ___vfprintf_internal_r
                0x010028cc                __vfprintf_internal
 .text          0x010028f0      0x13c d:/altera/13.0sp1/nios2eds/bin/gnu/h-i686-mingw32/bin/../lib/gcc/nios2-elf/4.1.2/../../../../nios2-elf/lib\libc.a(lib_a-wsetup.o)
                0x010028f0                __swsetup_r
 .text          0x01002a2c     0x17cc d:/altera/13.0sp1/nios2eds/bin/gnu/h-i686-mingw32/bin/../lib/gcc/nios2-elf/4.1.2/../../../../nios2-elf/lib\libc.a(lib_a-dtoa.o)
                0x01002c44                _dtoa_r
 .text          0x010041f8      0x230 d:/altera/13.0sp1/nios2eds/bin/gnu/h-i686-mingw32/bin/../lib/gcc/nios2-elf/4.1.2/../../../../nios2-elf/lib\libc.a(lib_a-fflush.o)
                0x010041f8                _fflush_r
                0x010043f4                fflush
 .text          0x01004428      0x2c0 d:/altera/13.0sp1/nios2eds/bin/gnu/h-i686-mingw32/bin/../lib/gcc/nios2-elf/4.1.2/../../../../nios2-elf/lib\libc.a(lib_a-findfp.o)
                0x01004480                __sfp_lock_acquire
                0x01004484                __sfp_lock_release
                0x01004488                __sinit_lock_acquire
                0x0100448c                __sinit_lock_release
                0x01004490                __sinit
                0x01004544                __fp_unlock_all
                0x0100455c                __fp_lock_all
                0x01004574                _cleanup_r
                0x01004580                _cleanup
                0x01004590                __sfmoreglue
                0x010045f8                __sfp
 .text          0x010046e8      0x440 d:/altera/13.0sp1/nios2eds/bin/gnu/h-i686-mingw32/bin/../lib/gcc/nios2-elf/4.1.2/../../../../nios2-elf/lib\libc.a(lib_a-freer.o)
                0x010046e8                _malloc_trim_r
                0x01004814                _free_r
 .text          0x01004b28      0x49c d:/altera/13.0sp1/nios2eds/bin/gnu/h-i686-mingw32/bin/../lib/gcc/nios2-elf/4.1.2/../../../../nios2-elf/lib\libc.a(lib_a-fvwrite.o)
                0x01004b28                __sfvwrite_r
 .text          0x01004fc4      0x180 d:/altera/13.0sp1/nios2eds/bin/gnu/h-i686-mingw32/bin/../lib/gcc/nios2-elf/4.1.2/../../../../nios2-elf/lib\libc.a(lib_a-fwalk.o)
                0x01004fc4                _fwalk_reent
                0x0100508c                _fwalk
 .text          0x01005144       0x74 d:/altera/13.0sp1/nios2eds/bin/gnu/h-i686-mingw32/bin/../lib/gcc/nios2-elf/4.1.2/../../../../nios2-elf/lib\libc.a(lib_a-gettimeofdayr.o)
                0x01005144                _gettimeofday_r
 .text          0x010051b8        0x0 d:/altera/13.0sp1/nios2eds/bin/gnu/h-i686-mingw32/bin/../lib/gcc/nios2-elf/4.1.2/../../../../nios2-elf/lib\libc.a(lib_a-impure.o)
 .text          0x010051b8        0x0 d:/altera/13.0sp1/nios2eds/bin/gnu/h-i686-mingw32/bin/../lib/gcc/nios2-elf/4.1.2/../../../../nios2-elf/lib\libc.a(lib_a-int_errno.o)
 .text          0x010051b8       0xc4 d:/altera/13.0sp1/nios2eds/bin/gnu/h-i686-mingw32/bin/../lib/gcc/nios2-elf/4.1.2/../../../../nios2-elf/lib\libc.a(lib_a-locale.o)
                0x010051b8                __locale_charset
                0x010051c0                _localeconv_r
                0x010051cc                localeconv
                0x010051dc                _setlocale_r
                0x01005260                setlocale
 .text          0x0100527c      0x194 d:/altera/13.0sp1/nios2eds/bin/gnu/h-i686-mingw32/bin/../lib/gcc/nios2-elf/4.1.2/../../../../nios2-elf/lib\libc.a(lib_a-makebuf.o)
                0x0100527c                __smakebuf_r
 .text          0x01005410      0x740 d:/altera/13.0sp1/nios2eds/bin/gnu/h-i686-mingw32/bin/../lib/gcc/nios2-elf/4.1.2/../../../../nios2-elf/lib\libc.a(lib_a-mallocr.o)
                0x01005410                _malloc_r
 .text          0x01005b50       0xe4 d:/altera/13.0sp1/nios2eds/bin/gnu/h-i686-mingw32/bin/../lib/gcc/nios2-elf/4.1.2/../../../../nios2-elf/lib\libc.a(lib_a-memchr.o)
                0x01005b50                memchr
 .text          0x01005c34       0xa0 d:/altera/13.0sp1/nios2eds/bin/gnu/h-i686-mingw32/bin/../lib/gcc/nios2-elf/4.1.2/../../../../nios2-elf/lib\libc.a(lib_a-memcpy.o)
                0x01005c34                memcpy
 .text          0x01005cd4       0xe0 d:/altera/13.0sp1/nios2eds/bin/gnu/h-i686-mingw32/bin/../lib/gcc/nios2-elf/4.1.2/../../../../nios2-elf/lib\libc.a(lib_a-memmove.o)
                0x01005cd4                memmove
 .text          0x01005db4       0x98 d:/altera/13.0sp1/nios2eds/bin/gnu/h-i686-mingw32/bin/../lib/gcc/nios2-elf/4.1.2/../../../../nios2-elf/lib\libc.a(lib_a-memset.o)
                0x01005db4                memset
 .text          0x01005e4c      0xff4 d:/altera/13.0sp1/nios2eds/bin/gnu/h-i686-mingw32/bin/../lib/gcc/nios2-elf/4.1.2/../../../../nios2-elf/lib\libc.a(lib_a-mprec.o)
                0x01005e4c                _Bfree
                0x01005e74                __hi0bits
                0x01005ee4                __lo0bits
                0x01005fa8                __mcmp
                0x01006008                __ulp
                0x01006088                __b2d
                0x010061a8                __ratio
                0x01006258                _mprec_log10
                0x010062ec                __copybits
                0x01006344                __any_on
                0x010063cc                _Balloc
                0x01006488                __d2b
                0x01006604                __mdiff
                0x01006790                __lshift
                0x010068dc                __multiply
                0x01006ac4                __i2b
                0x01006b00                __multadd
                0x01006c00                __pow5mult
                0x01006d20                __s2b
 .text          0x01006e40      0x5f4 d:/altera/13.0sp1/nios2eds/bin/gnu/h-i686-mingw32/bin/../lib/gcc/nios2-elf/4.1.2/../../../../nios2-elf/lib\libc.a(lib_a-reallocr.o)
                0x01006e40                _realloc_r
 .text          0x01007434       0x40 d:/altera/13.0sp1/nios2eds/bin/gnu/h-i686-mingw32/bin/../lib/gcc/nios2-elf/4.1.2/../../../../nios2-elf/lib\libc.a(lib_a-s_isinfd.o)
                0x01007434                __isinfd
 .text          0x01007474       0x30 d:/altera/13.0sp1/nios2eds/bin/gnu/h-i686-mingw32/bin/../lib/gcc/nios2-elf/4.1.2/../../../../nios2-elf/lib\libc.a(lib_a-s_isnand.o)
                0x01007474                __isnand
 .text          0x010074a4       0x70 d:/altera/13.0sp1/nios2eds/bin/gnu/h-i686-mingw32/bin/../lib/gcc/nios2-elf/4.1.2/../../../../nios2-elf/lib\libc.a(lib_a-sbrkr.o)
                0x010074a4                _sbrk_r
 .text          0x01007514      0x14c d:/altera/13.0sp1/nios2eds/bin/gnu/h-i686-mingw32/bin/../lib/gcc/nios2-elf/4.1.2/../../../../nios2-elf/lib\libc.a(lib_a-stdio.o)
                0x01007514                __sclose
                0x0100751c                __sseek
                0x01007584                __swrite
                0x01007600                __sread
 .text          0x01007660       0xbc d:/altera/13.0sp1/nios2eds/bin/gnu/h-i686-mingw32/bin/../lib/gcc/nios2-elf/4.1.2/../../../../nios2-elf/lib\libc.a(lib_a-strcmp.o)
                0x01007660                strcmp
 .text          0x0100771c       0x78 d:/altera/13.0sp1/nios2eds/bin/gnu/h-i686-mingw32/bin/../lib/gcc/nios2-elf/4.1.2/../../../../nios2-elf/lib\libc.a(lib_a-writer.o)
                0x0100771c                _write_r
 .text          0x01007794       0xb4 d:/altera/13.0sp1/nios2eds/bin/gnu/h-i686-mingw32/bin/../lib/gcc/nios2-elf/4.1.2/../../../../nios2-elf/lib\libc.a(lib_a-callocr.o)
                0x01007794                _calloc_r
 .text          0x01007848       0x70 d:/altera/13.0sp1/nios2eds/bin/gnu/h-i686-mingw32/bin/../lib/gcc/nios2-elf/4.1.2/../../../../nios2-elf/lib\libc.a(lib_a-closer.o)
                0x01007848                _close_r
 .text          0x010078b8      0x124 d:/altera/13.0sp1/nios2eds/bin/gnu/h-i686-mingw32/bin/../lib/gcc/nios2-elf/4.1.2/../../../../nios2-elf/lib\libc.a(lib_a-fclose.o)
                0x010078b8                _fclose_r
                0x010079c8                fclose
 .text          0x010079dc       0x74 d:/altera/13.0sp1/nios2eds/bin/gnu/h-i686-mingw32/bin/../lib/gcc/nios2-elf/4.1.2/../../../../nios2-elf/lib\libc.a(lib_a-fstatr.o)
                0x010079dc                _fstat_r
 .text          0x01007a50       0x70 d:/altera/13.0sp1/nios2eds/bin/gnu/h-i686-mingw32/bin/../lib/gcc/nios2-elf/4.1.2/../../../../nios2-elf/lib\libc.a(lib_a-isattyr.o)
                0x01007a50                _isatty_r
 .text          0x01007ac0       0x78 d:/altera/13.0sp1/nios2eds/bin/gnu/h-i686-mingw32/bin/../lib/gcc/nios2-elf/4.1.2/../../../../nios2-elf/lib\libc.a(lib_a-lseekr.o)
                0x01007ac0                _lseek_r
 .text          0x01007b38       0x78 d:/altera/13.0sp1/nios2eds/bin/gnu/h-i686-mingw32/bin/../lib/gcc/nios2-elf/4.1.2/../../../../nios2-elf/lib\libc.a(lib_a-readr.o)
                0x01007b38                _read_r
 .text          0x01007bb0      0x5dc d:/altera/13.0sp1/nios2eds/bin/gnu/h-i686-mingw32/bin/../lib/gcc/nios2-elf/4.1.2\libgcc.a(_udivdi3.o)
                0x01007bb0                __udivdi3
 .text          0x0100818c      0x5b0 d:/altera/13.0sp1/nios2eds/bin/gnu/h-i686-mingw32/bin/../lib/gcc/nios2-elf/4.1.2\libgcc.a(_umoddi3.o)
                0x0100818c                __umoddi3
 .text          0x0100873c      0x504 d:/altera/13.0sp1/nios2eds/bin/gnu/h-i686-mingw32/bin/../lib/gcc/nios2-elf/4.1.2\libgcc.a(_addsub_df.o)
                0x01008b4c                __subdf3
                0x01008bcc                __adddf3
 .text          0x01008c40      0x3c4 d:/altera/13.0sp1/nios2eds/bin/gnu/h-i686-mingw32/bin/../lib/gcc/nios2-elf/4.1.2\libgcc.a(_mul_df.o)
                0x01008c40                __muldf3
 .text          0x01009004      0x258 d:/altera/13.0sp1/nios2eds/bin/gnu/h-i686-mingw32/bin/../lib/gcc/nios2-elf/4.1.2\libgcc.a(_div_df.o)
                0x01009004                __divdf3
 .text          0x0100925c       0x88 d:/altera/13.0sp1/nios2eds/bin/gnu/h-i686-mingw32/bin/../lib/gcc/nios2-elf/4.1.2\libgcc.a(_eq_df.o)
                0x0100925c                __eqdf2
 .text          0x010092e4       0x88 d:/altera/13.0sp1/nios2eds/bin/gnu/h-i686-mingw32/bin/../lib/gcc/nios2-elf/4.1.2\libgcc.a(_ne_df.o)
                0x010092e4                __nedf2
 .text          0x0100936c       0x88 d:/altera/13.0sp1/nios2eds/bin/gnu/h-i686-mingw32/bin/../lib/gcc/nios2-elf/4.1.2\libgcc.a(_gt_df.o)
                0x0100936c                __gtdf2
 .text          0x010093f4       0x88 d:/altera/13.0sp1/nios2eds/bin/gnu/h-i686-mingw32/bin/../lib/gcc/nios2-elf/4.1.2\libgcc.a(_ge_df.o)
                0x010093f4                __gedf2
 .text          0x0100947c       0x88 d:/altera/13.0sp1/nios2eds/bin/gnu/h-i686-mingw32/bin/../lib/gcc/nios2-elf/4.1.2\libgcc.a(_lt_df.o)
                0x0100947c                __ltdf2
 .text          0x01009504       0xf8 d:/altera/13.0sp1/nios2eds/bin/gnu/h-i686-mingw32/bin/../lib/gcc/nios2-elf/4.1.2\libgcc.a(_si_to_df.o)
                0x01009504                __floatsidf
 .text          0x010095fc       0xd8 d:/altera/13.0sp1/nios2eds/bin/gnu/h-i686-mingw32/bin/../lib/gcc/nios2-elf/4.1.2\libgcc.a(_df_to_si.o)
                0x010095fc                __fixdfsi
 .text          0x010096d4        0x0 d:/altera/13.0sp1/nios2eds/bin/gnu/h-i686-mingw32/bin/../lib/gcc/nios2-elf/4.1.2\libgcc.a(_thenan_df.o)
 .text          0x010096d4      0x194 d:/altera/13.0sp1/nios2eds/bin/gnu/h-i686-mingw32/bin/../lib/gcc/nios2-elf/4.1.2\libgcc.a(_usi_to_df.o)
                0x010096d4                __floatunsidf
 .text          0x01009868      0x14c d:/altera/13.0sp1/nios2eds/bin/gnu/h-i686-mingw32/bin/../lib/gcc/nios2-elf/4.1.2\libgcc.a(lib2-divmod.o)
                0x010098e4                __divsi3
                0x01009944                __modsi3
                0x010099a4                __udivsi3
                0x010099ac                __umodsi3
 .text          0x010099b4       0x98 d:/altera/13.0sp1/nios2eds/bin/gnu/h-i686-mingw32/bin/../lib/gcc/nios2-elf/4.1.2\libgcc.a(_muldi3.o)
                0x010099b4                __muldi3
 .text          0x01009a4c        0x0 d:/altera/13.0sp1/nios2eds/bin/gnu/h-i686-mingw32/bin/../lib/gcc/nios2-elf/4.1.2\libgcc.a(_clz.o)
 .text          0x01009a4c       0x80 d:/altera/13.0sp1/nios2eds/bin/gnu/h-i686-mingw32/bin/../lib/gcc/nios2-elf/4.1.2\libgcc.a(_clzsi2.o)
                0x01009a4c                __clzsi2
 .text          0x01009acc      0x314 d:/altera/13.0sp1/nios2eds/bin/gnu/h-i686-mingw32/bin/../lib/gcc/nios2-elf/4.1.2\libgcc.a(_pack_df.o)
                0x01009acc                __pack_d
 .text          0x01009de0      0x138 d:/altera/13.0sp1/nios2eds/bin/gnu/h-i686-mingw32/bin/../lib/gcc/nios2-elf/4.1.2\libgcc.a(_unpack_df.o)
                0x01009de0                __unpack_d
 .text          0x01009f18       0xc8 d:/altera/13.0sp1/nios2eds/bin/gnu/h-i686-mingw32/bin/../lib/gcc/nios2-elf/4.1.2\libgcc.a(_fpcmp_parts_df.o)
                0x01009f18                __fpcmp_parts_d
 .text          0x01009fe0      0x15c ../sd_to_audio_bsp/\libhal_bsp.a(alt_close.o)
                0x01009fe0                close
 .text          0x0100a13c       0x2c ../sd_to_audio_bsp/\libhal_bsp.a(alt_dev.o)
 .text          0x0100a168        0x0 ../sd_to_audio_bsp/\libhal_bsp.a(alt_errno.o)
 .text          0x0100a168      0x134 ../sd_to_audio_bsp/\libhal_bsp.a(alt_fstat.o)
                0x0100a168                fstat
 .text          0x0100a29c      0x208 ../sd_to_audio_bsp/\libhal_bsp.a(alt_gettod.o)
                0x0100a29c                gettimeofday
 .text          0x0100a4a4      0x120 ../sd_to_audio_bsp/\libhal_bsp.a(alt_isatty.o)
                0x0100a4a4                isatty
 .text          0x0100a5c4       0xec ../sd_to_audio_bsp/\libhal_bsp.a(alt_load.o)
                0x0100a5c4                alt_load
 .text          0x0100a6b0      0x150 ../sd_to_audio_bsp/\libhal_bsp.a(alt_lseek.o)
                0x0100a6b0                lseek
 .text          0x0100a800       0x6c ../sd_to_audio_bsp/\libhal_bsp.a(alt_main.o)
                0x0100a800                alt_main
 .text          0x0100a86c       0x40 ../sd_to_audio_bsp/\libhal_bsp.a(alt_malloc_lock.o)
                0x0100a86c                __malloc_lock
                0x0100a88c                __malloc_unlock
 .text          0x0100a8ac      0x180 ../sd_to_audio_bsp/\libhal_bsp.a(alt_read.o)
                0x0100a8ac                read
 .text          0x0100aa2c       0x60 ../sd_to_audio_bsp/\libhal_bsp.a(alt_release_fd.o)
                0x0100aa2c                alt_release_fd
 .text          0x0100aa8c       0xbc ../sd_to_audio_bsp/\libhal_bsp.a(alt_sbrk.o)
                0x0100aa8c                sbrk
 .text          0x0100ab48      0x1a4 ../sd_to_audio_bsp/\libhal_bsp.a(alt_tick.o)
                0x0100ab48                alt_alarm_stop
                0x0100abe0                alt_tick
 .text          0x0100acec      0x180 ../sd_to_audio_bsp/\libhal_bsp.a(alt_write.o)
                0x0100acec                write
 .text          0x0100ae6c      0x10c ../sd_to_audio_bsp/\libhal_bsp.a(alt_sys_init.o)
                0x0100ae6c                alt_irq_init
                0x0100aea0                alt_sys_init
 .text          0x0100af78     0x441c ../sd_to_audio_bsp/\libhal_bsp.a(Altera_UP_SD_Card_Avalon_Interface.o)
                0x0100af78                Write_Sector_Data
                0x0100b040                Save_Modified_Sector
                0x0100b090                Read_Sector_Data
                0x0100b18c                get_cluster_flag
                0x0100b244                mark_cluster
                0x0100b328                Check_for_Master_Boot_Record
                0x0100b4d8                Read_File_Record_At_Offset
                0x0100b75c                Write_File_Record_At_Offset
                0x0100ba14                Check_for_DOS_FAT
                0x0100c054                Look_for_FAT16
                0x0100c14c                filename_to_upper_case
                0x0100c21c                check_file_name_for_FAT16_compliance
                0x0100c4ac                get_dir_divider_location
                0x0100c56c                match_file_record_to_name_ext
                0x0100c858                get_home_directory_cluster_for_file
                0x0100cd6c                find_file_in_directory
                0x0100d1d0                find_first_empty_cluster
                0x0100d374                find_first_empty_record_in_a_subdirectory
                0x0100d5c0                find_first_empty_record_in_root_directory
                0x0100d6ec                convert_filename_to_name_extension
                0x0100d8a4                create_file
                0x0100db78                copy_file_record_name_to_string
                0x0100dccc                alt_up_sd_card_open_dev
                0x0100dd90                alt_up_sd_card_is_Present
                0x0100de58                alt_up_sd_card_is_FAT16
                0x0100decc                alt_up_sd_card_find_first
                0x0100dfa0                alt_up_sd_card_find_next
                0x0100e350                alt_up_sd_card_fopen
                0x0100e6f8                alt_up_sd_card_set_attributes
                0x0100e788                alt_up_sd_card_get_attributes
                0x0100e814                alt_up_sd_card_read
                0x0100eba8                alt_up_sd_card_write
                0x0100f1c8                alt_up_sd_card_fclose
 .text          0x0100f394      0x148 ../sd_to_audio_bsp/\libhal_bsp.a(altera_avalon_jtag_uart_fd.o)
                0x0100f394                altera_avalon_jtag_uart_read_fd
                0x0100f3ec                altera_avalon_jtag_uart_write_fd
                0x0100f444                altera_avalon_jtag_uart_close_fd
                0x0100f48c                altera_avalon_jtag_uart_ioctl_fd
 .text          0x0100f4dc      0x408 ../sd_to_audio_bsp/\libhal_bsp.a(altera_avalon_jtag_uart_init.o)
                0x0100f4dc                altera_avalon_jtag_uart_init
                0x0100f870                altera_avalon_jtag_uart_close
 .text          0x0100f8e4       0xf4 ../sd_to_audio_bsp/\libhal_bsp.a(altera_avalon_jtag_uart_ioctl.o)
                0x0100f8e4                altera_avalon_jtag_uart_ioctl
 .text          0x0100f9d8      0x224 ../sd_to_audio_bsp/\libhal_bsp.a(altera_avalon_jtag_uart_read.o)
                0x0100f9d8                altera_avalon_jtag_uart_read
 .text          0x0100fbfc      0x240 ../sd_to_audio_bsp/\libhal_bsp.a(altera_avalon_jtag_uart_write.o)
                0x0100fbfc                altera_avalon_jtag_uart_write
 .text          0x0100fe3c       0xfc ../sd_to_audio_bsp/\libhal_bsp.a(altera_avalon_timer_sc.o)
                0x0100feb0                alt_avalon_timer_sc_init
 .text          0x0100ff38      0x788 ../sd_to_audio_bsp/\libhal_bsp.a(altera_up_avalon_audio_and_video_config.o)
                0x0100ff38                alt_up_av_config_open_dev
                0x0100ff9c                alt_up_av_config_write_data
                0x01010000                alt_up_av_config_read_data
                0x0101008c                alt_up_av_config_reset
                0x010100c4                alt_up_av_config_enable_interrupt
                0x010100fc                alt_up_av_config_disable_interrupt
                0x0101012c                alt_up_av_config_read_acknowledge
                0x01010194                alt_up_av_config_read_ready
                0x010101cc                alt_up_av_config_write_audio_cfg_register
                0x01010278                alt_up_av_config_read_video_cfg_register
                0x01010370                alt_up_av_config_write_video_cfg_register
                0x01010468                alt_up_av_config_read_DC2_cfg_register
                0x010104cc                alt_up_av_config_write_DC2_cfg_register
                0x01010530                alt_up_av_config_read_D5M_cfg_register
                0x01010594                alt_up_av_config_write_D5M_cfg_register
                0x010105f8                alt_up_av_config_read_LTM_cfg_register
                0x0101065c                alt_up_av_config_write_LTM_cfg_register
 .text          0x010106c0      0x530 ../sd_to_audio_bsp/\libhal_bsp.a(altera_up_avalon_character_lcd.o)
                0x010106c0                get_DDRAM_addr
                0x0101073c                alt_up_character_lcd_send_cmd
                0x01010770                alt_up_character_lcd_init
                0x010107a4                alt_up_character_lcd_open_dev
                0x010107e4                alt_up_character_lcd_write
                0x0101085c                alt_up_character_lcd_string
                0x010108d4                alt_up_character_lcd_write_fd
                0x01010920                alt_up_character_lcd_set_cursor_pos
                0x01010998                alt_up_character_lcd_shift_cursor
                0x01010a48                alt_up_character_lcd_shift_display
                0x01010af8                alt_up_character_lcd_erase_pos
                0x01010b88                alt_up_character_lcd_cursor_off
                0x01010bbc                alt_up_character_lcd_cursor_blink_on
 .text          0x01010bf0      0x398 ../sd_to_audio_bsp/\libhal_bsp.a(altera_up_avalon_rs232.o)
                0x01010bf0                alt_up_rs232_enable_read_interrupt
                0x01010c44                alt_up_rs232_disable_read_interrupt
                0x01010c9c                alt_up_rs232_get_used_space_in_read_FIFO
                0x01010cd8                alt_up_rs232_get_available_space_in_write_FIFO
                0x01010d18                alt_up_rs232_check_parity
                0x01010d68                alt_up_rs232_write_data
                0x01010db0                alt_up_rs232_read_data
                0x01010e24                alt_up_rs232_read_fd
                0x01010eb4                alt_up_rs232_write_fd
                0x01010f48                alt_up_rs232_open_dev
 .text          0x01010f88      0x154 ../sd_to_audio_bsp/\libhal_bsp.a(alt_alarm_start.o)
                0x01010f88                alt_alarm_start
 .text          0x010110dc       0x44 ../sd_to_audio_bsp/\libhal_bsp.a(alt_dcache_flush_all.o)
                0x010110dc                alt_dcache_flush_all
 .text          0x01011120      0x114 ../sd_to_audio_bsp/\libhal_bsp.a(alt_dev_llist_insert.o)
                0x01011120                alt_dev_llist_insert
 .text          0x01011234       0x64 ../sd_to_audio_bsp/\libhal_bsp.a(alt_do_ctors.o)
                0x01011234                _do_ctors
 .text          0x01011298       0x64 ../sd_to_audio_bsp/\libhal_bsp.a(alt_do_dtors.o)
                0x01011298                _do_dtors
 .text          0x010112fc       0x94 ../sd_to_audio_bsp/\libhal_bsp.a(alt_find_dev.o)
                0x010112fc                alt_find_dev
 .text          0x01011390       0x30 ../sd_to_audio_bsp/\libhal_bsp.a(alt_icache_flush_all.o)
                0x01011390                alt_icache_flush_all
 .text          0x010113c0      0x13c ../sd_to_audio_bsp/\libhal_bsp.a(alt_io_redirect.o)
                0x01011484                alt_io_redirect
 .text          0x010114fc      0x1c0 ../sd_to_audio_bsp/\libhal_bsp.a(alt_irq_register.o)
                0x010114fc                alt_irq_register
 .text          0x010116bc        0x0 ../sd_to_audio_bsp/\libhal_bsp.a(alt_irq_vars.o)
 .text          0x010116bc      0x2c4 ../sd_to_audio_bsp/\libhal_bsp.a(alt_open.o)
                0x01011798                open
 .text          0x01011980       0x20 ../sd_to_audio_bsp/\libhal_bsp.a(altera_nios2_qsys_irq.o)
                0x01011980                altera_nios2_qsys_irq_init
 .text          0x010119a0      0x120 ../sd_to_audio_bsp/\libhal_bsp.a(alt_find_file.o)
                0x010119a0                alt_find_file
 .text          0x01011ac0       0xb8 ../sd_to_audio_bsp/\libhal_bsp.a(alt_get_fd.o)
                0x01011ac0                alt_get_fd
 .text          0x01011b78       0x90 ../sd_to_audio_bsp/\libhal_bsp.a(alt_icache_flush.o)
                0x01011b78                alt_icache_flush
 .text          0x01011c08        0x0 ../sd_to_audio_bsp/\libhal_bsp.a(alt_irq_entry.o)
 .text          0x01011c08        0x0 ../sd_to_audio_bsp/\libhal_bsp.a(alt_irq_handler.o)
 .text          0x01011c08        0x0 ../sd_to_audio_bsp/\libhal_bsp.a(alt_exception_entry.o)
 .text          0x01011c08       0x14 d:/altera/13.0sp1/nios2eds/bin/gnu/h-i686-mingw32/bin/../lib/gcc/nios2-elf/4.1.2/../../../../nios2-elf/lib\libc.a(lib_a-atexit.o)
                0x01011c08                atexit
 .text          0x01011c1c       0x38 d:/altera/13.0sp1/nios2eds/bin/gnu/h-i686-mingw32/bin/../lib/gcc/nios2-elf/4.1.2/../../../../nios2-elf/lib\libc.a(lib_a-exit.o)
                0x01011c1c                exit
 .text          0x01011c54       0x74 d:/altera/13.0sp1/nios2eds/bin/gnu/h-i686-mingw32/bin/../lib/gcc/nios2-elf/4.1.2/../../../../nios2-elf/lib\libc.a(lib_a-memcmp.o)
                0x01011c54                memcmp
 .text          0x01011cc8      0x134 d:/altera/13.0sp1/nios2eds/bin/gnu/h-i686-mingw32/bin/../lib/gcc/nios2-elf/4.1.2/../../../../nios2-elf/lib\libc.a(lib_a-__atexit.o)
                0x01011cc8                __register_exitproc
 .text          0x01011dfc      0x1b4 d:/altera/13.0sp1/nios2eds/bin/gnu/h-i686-mingw32/bin/../lib/gcc/nios2-elf/4.1.2/../../../../nios2-elf/lib\libc.a(lib_a-__call_atexit.o)
                0x01011e00                __call_exitprocs
 .text          0x01011fb0       0x60 ../sd_to_audio_bsp/\libhal_bsp.a(alt_exit.o)
                0x01011ff0                _exit
 *(.gnu.warning.*)
 *(.fini)
                0x01012010                PROVIDE (__etext, ABSOLUTE (.))
                0x01012010                PROVIDE (_etext, ABSOLUTE (.))
                0x01012010                PROVIDE (etext, ABSOLUTE (.))
 *(.eh_frame_hdr)
                0x01012010                . = ALIGN (0x4)
                0x01012010                PROVIDE (__preinit_array_start, ABSOLUTE (.))
 *(.preinit_array)
                0x01012010                PROVIDE (__preinit_array_end, ABSOLUTE (.))
                0x01012010                PROVIDE (__init_array_start, ABSOLUTE (.))
 *(.init_array)
                0x01012010                PROVIDE (__init_array_end, ABSOLUTE (.))
                0x01012010                PROVIDE (__fini_array_start, ABSOLUTE (.))
 *(.fini_array)
                0x01012010                PROVIDE (__fini_array_end, ABSOLUTE (.))
 *(.eh_frame)
 *(.gcc_except_table)
 *(.dynamic)
                0x01012010                PROVIDE (__CTOR_LIST__, ABSOLUTE (.))
 *(.ctors)
 *(SORT(.ctors.*))
 .ctors.65535   0x01012010        0x4 d:/altera/13.0sp1/nios2eds/bin/gnu/h-i686-mingw32/bin/../lib/gcc/nios2-elf/4.1.2/../../../../nios2-elf/lib\libc.a(lib_a-__call_atexit.o)
                0x01012014                PROVIDE (__CTOR_END__, ABSOLUTE (.))
                0x01012014                PROVIDE (__DTOR_LIST__, ABSOLUTE (.))
 *(.dtors)
 *(SORT(.dtors.*))
                0x01012014                PROVIDE (__DTOR_END__, ABSOLUTE (.))
 *(.jcr)
                0x01012014                . = ALIGN (0x4)

.rodata         0x01012014      0x4c4
                0x01012014                PROVIDE (__ram_rodata_start, ABSOLUTE (.))
                0x01012014                . = ALIGN (0x4)
 *(.rodata .rodata.* .gnu.linkonce.r.*)
 .rodata        0x01012014       0xfc obj/default/hello_world.o
 .rodata.str1.4
                0x01012110        0x2 d:/altera/13.0sp1/nios2eds/bin/gnu/h-i686-mingw32/bin/../lib/gcc/nios2-elf/4.1.2/../../../../nios2-elf/lib\libc.a(lib_a-puts.o)
                                  0x4 (size before relaxing)
 *fill*         0x01012112        0x2 00
 .rodata.str1.4
                0x01012114       0x5e d:/altera/13.0sp1/nios2eds/bin/gnu/h-i686-mingw32/bin/../lib/gcc/nios2-elf/4.1.2/../../../../nios2-elf/lib\libc.a(lib_a-vfprintf.o)
                                 0x60 (size before relaxing)
 .rodata        0x01012172       0x20 d:/altera/13.0sp1/nios2eds/bin/gnu/h-i686-mingw32/bin/../lib/gcc/nios2-elf/4.1.2/../../../../nios2-elf/lib\libc.a(lib_a-vfprintf.o)
 *fill*         0x01012192        0x2 00
 .rodata.str1.4
                0x01012194       0x10 d:/altera/13.0sp1/nios2eds/bin/gnu/h-i686-mingw32/bin/../lib/gcc/nios2-elf/4.1.2/../../../../nios2-elf/lib\libc.a(lib_a-dtoa.o)
                                 0x14 (size before relaxing)
 .rodata.str1.4
                0x010121a4        0x2 d:/altera/13.0sp1/nios2eds/bin/gnu/h-i686-mingw32/bin/../lib/gcc/nios2-elf/4.1.2/../../../../nios2-elf/lib\libc.a(lib_a-impure.o)
                                  0x4 (size before relaxing)
 *fill*         0x010121a6        0x2 00
 .rodata.str1.4
                0x010121a8       0x10 d:/altera/13.0sp1/nios2eds/bin/gnu/h-i686-mingw32/bin/../lib/gcc/nios2-elf/4.1.2/../../../../nios2-elf/lib\libc.a(lib_a-locale.o)
                                 0x18 (size before relaxing)
 .rodata        0x010121b8       0x30 d:/altera/13.0sp1/nios2eds/bin/gnu/h-i686-mingw32/bin/../lib/gcc/nios2-elf/4.1.2/../../../../nios2-elf/lib\libc.a(lib_a-locale.o)
 .rodata        0x010121e8      0x124 d:/altera/13.0sp1/nios2eds/bin/gnu/h-i686-mingw32/bin/../lib/gcc/nios2-elf/4.1.2/../../../../nios2-elf/lib\libc.a(lib_a-mprec.o)
                0x010121e8                __mprec_tens
                0x010122b0                __mprec_bigtens
                0x010122d8                __mprec_tinytens
 .rodata        0x0101230c       0x14 d:/altera/13.0sp1/nios2eds/bin/gnu/h-i686-mingw32/bin/../lib/gcc/nios2-elf/4.1.2\libgcc.a(_thenan_df.o)
                0x0101230c                __thenan_df
 .rodata        0x01012320      0x100 d:/altera/13.0sp1/nios2eds/bin/gnu/h-i686-mingw32/bin/../lib/gcc/nios2-elf/4.1.2\libgcc.a(_clz.o)
                0x01012320                __clz_tab
 .rodata        0x01012420        0xc ../sd_to_audio_bsp/\libhal_bsp.a(alt_dev.o)
 .rodata        0x0101242c       0x14 ../sd_to_audio_bsp/\libhal_bsp.a(alt_main.o)
 .rodata        0x01012440       0x98 ../sd_to_audio_bsp/\libhal_bsp.a(alt_sys_init.o)
 *(.rodata1)
                0x010124d8                . = ALIGN (0x4)
                0x010124d8                PROVIDE (__ram_rodata_end, ABSOLUTE (.))
                0x01012014                PROVIDE (__flash_rodata_start, LOADADDR (.rodata))

.rwdata         0x010124d8     0x1d40 load address 0x01014218
                0x010124d8                PROVIDE (__ram_rwdata_start, ABSOLUTE (.))
                0x010124d8                . = ALIGN (0x4)
 *(.got.plt)
 *(.got)
 *(.data1)
 *(.data .data.* .gnu.linkonce.d.*)
 .data          0x010124d8        0x0 ../sd_to_audio_bsp//obj/HAL/src/crt0.o
 .data          0x010124d8      0x200 obj/default/hello_world.o
                0x010124d8                sample_message
 .data          0x010126d8        0x0 d:/altera/13.0sp1/nios2eds/bin/gnu/h-i686-mingw32/bin/../lib/gcc/nios2-elf/4.1.2/../../../../nios2-elf/lib\libc.a(lib_a-printf.o)
 .data          0x010126d8        0x0 d:/altera/13.0sp1/nios2eds/bin/gnu/h-i686-mingw32/bin/../lib/gcc/nios2-elf/4.1.2/../../../../nios2-elf/lib\libc.a(lib_a-puts.o)
 .data          0x010126d8        0x0 d:/altera/13.0sp1/nios2eds/bin/gnu/h-i686-mingw32/bin/../lib/gcc/nios2-elf/4.1.2/../../../../nios2-elf/lib\libc.a(lib_a-strlen.o)
 .data          0x010126d8        0x0 d:/altera/13.0sp1/nios2eds/bin/gnu/h-i686-mingw32/bin/../lib/gcc/nios2-elf/4.1.2/../../../../nios2-elf/lib\libc.a(lib_a-time.o)
 .data          0x010126d8        0x0 d:/altera/13.0sp1/nios2eds/bin/gnu/h-i686-mingw32/bin/../lib/gcc/nios2-elf/4.1.2/../../../../nios2-elf/lib\libc.a(lib_a-vfprintf.o)
 .data          0x010126d8        0x0 d:/altera/13.0sp1/nios2eds/bin/gnu/h-i686-mingw32/bin/../lib/gcc/nios2-elf/4.1.2/../../../../nios2-elf/lib\libc.a(lib_a-wsetup.o)
 .data          0x010126d8        0x0 d:/altera/13.0sp1/nios2eds/bin/gnu/h-i686-mingw32/bin/../lib/gcc/nios2-elf/4.1.2/../../../../nios2-elf/lib\libc.a(lib_a-dtoa.o)
 .data          0x010126d8        0x0 d:/altera/13.0sp1/nios2eds/bin/gnu/h-i686-mingw32/bin/../lib/gcc/nios2-elf/4.1.2/../../../../nios2-elf/lib\libc.a(lib_a-fflush.o)
 .data          0x010126d8        0x0 d:/altera/13.0sp1/nios2eds/bin/gnu/h-i686-mingw32/bin/../lib/gcc/nios2-elf/4.1.2/../../../../nios2-elf/lib\libc.a(lib_a-findfp.o)
 .data          0x010126d8        0x0 d:/altera/13.0sp1/nios2eds/bin/gnu/h-i686-mingw32/bin/../lib/gcc/nios2-elf/4.1.2/../../../../nios2-elf/lib\libc.a(lib_a-freer.o)
 .data          0x010126d8        0x0 d:/altera/13.0sp1/nios2eds/bin/gnu/h-i686-mingw32/bin/../lib/gcc/nios2-elf/4.1.2/../../../../nios2-elf/lib\libc.a(lib_a-fvwrite.o)
 .data          0x010126d8        0x0 d:/altera/13.0sp1/nios2eds/bin/gnu/h-i686-mingw32/bin/../lib/gcc/nios2-elf/4.1.2/../../../../nios2-elf/lib\libc.a(lib_a-fwalk.o)
 .data          0x010126d8        0x0 d:/altera/13.0sp1/nios2eds/bin/gnu/h-i686-mingw32/bin/../lib/gcc/nios2-elf/4.1.2/../../../../nios2-elf/lib\libc.a(lib_a-gettimeofdayr.o)
 .data          0x010126d8      0x400 d:/altera/13.0sp1/nios2eds/bin/gnu/h-i686-mingw32/bin/../lib/gcc/nios2-elf/4.1.2/../../../../nios2-elf/lib\libc.a(lib_a-impure.o)
 .data          0x01012ad8        0x0 d:/altera/13.0sp1/nios2eds/bin/gnu/h-i686-mingw32/bin/../lib/gcc/nios2-elf/4.1.2/../../../../nios2-elf/lib\libc.a(lib_a-int_errno.o)
 .data          0x01012ad8        0xc d:/altera/13.0sp1/nios2eds/bin/gnu/h-i686-mingw32/bin/../lib/gcc/nios2-elf/4.1.2/../../../../nios2-elf/lib\libc.a(lib_a-locale.o)
                0x01012ad8                __lc_ctype
 .data          0x01012ae4        0x0 d:/altera/13.0sp1/nios2eds/bin/gnu/h-i686-mingw32/bin/../lib/gcc/nios2-elf/4.1.2/../../../../nios2-elf/lib\libc.a(lib_a-makebuf.o)
 .data          0x01012ae4      0x408 d:/altera/13.0sp1/nios2eds/bin/gnu/h-i686-mingw32/bin/../lib/gcc/nios2-elf/4.1.2/../../../../nios2-elf/lib\libc.a(lib_a-mallocr.o)
                0x01012ae4                __malloc_av_
 .data          0x01012eec        0x0 d:/altera/13.0sp1/nios2eds/bin/gnu/h-i686-mingw32/bin/../lib/gcc/nios2-elf/4.1.2/../../../../nios2-elf/lib\libc.a(lib_a-memchr.o)
 .data          0x01012eec        0x0 d:/altera/13.0sp1/nios2eds/bin/gnu/h-i686-mingw32/bin/../lib/gcc/nios2-elf/4.1.2/../../../../nios2-elf/lib\libc.a(lib_a-memcpy.o)
 .data          0x01012eec        0x0 d:/altera/13.0sp1/nios2eds/bin/gnu/h-i686-mingw32/bin/../lib/gcc/nios2-elf/4.1.2/../../../../nios2-elf/lib\libc.a(lib_a-memmove.o)
 .data          0x01012eec        0x0 d:/altera/13.0sp1/nios2eds/bin/gnu/h-i686-mingw32/bin/../lib/gcc/nios2-elf/4.1.2/../../../../nios2-elf/lib\libc.a(lib_a-memset.o)
 .data          0x01012eec        0x0 d:/altera/13.0sp1/nios2eds/bin/gnu/h-i686-mingw32/bin/../lib/gcc/nios2-elf/4.1.2/../../../../nios2-elf/lib\libc.a(lib_a-mprec.o)
 .data          0x01012eec        0x0 d:/altera/13.0sp1/nios2eds/bin/gnu/h-i686-mingw32/bin/../lib/gcc/nios2-elf/4.1.2/../../../../nios2-elf/lib\libc.a(lib_a-reallocr.o)
 .data          0x01012eec        0x0 d:/altera/13.0sp1/nios2eds/bin/gnu/h-i686-mingw32/bin/../lib/gcc/nios2-elf/4.1.2/../../../../nios2-elf/lib\libc.a(lib_a-s_isinfd.o)
 .data          0x01012eec        0x0 d:/altera/13.0sp1/nios2eds/bin/gnu/h-i686-mingw32/bin/../lib/gcc/nios2-elf/4.1.2/../../../../nios2-elf/lib\libc.a(lib_a-s_isnand.o)
 .data          0x01012eec        0x0 d:/altera/13.0sp1/nios2eds/bin/gnu/h-i686-mingw32/bin/../lib/gcc/nios2-elf/4.1.2/../../../../nios2-elf/lib\libc.a(lib_a-sbrkr.o)
 .data          0x01012eec        0x0 d:/altera/13.0sp1/nios2eds/bin/gnu/h-i686-mingw32/bin/../lib/gcc/nios2-elf/4.1.2/../../../../nios2-elf/lib\libc.a(lib_a-stdio.o)
 .data          0x01012eec        0x0 d:/altera/13.0sp1/nios2eds/bin/gnu/h-i686-mingw32/bin/../lib/gcc/nios2-elf/4.1.2/../../../../nios2-elf/lib\libc.a(lib_a-strcmp.o)
 .data          0x01012eec        0x0 d:/altera/13.0sp1/nios2eds/bin/gnu/h-i686-mingw32/bin/../lib/gcc/nios2-elf/4.1.2/../../../../nios2-elf/lib\libc.a(lib_a-writer.o)
 .data          0x01012eec        0x0 d:/altera/13.0sp1/nios2eds/bin/gnu/h-i686-mingw32/bin/../lib/gcc/nios2-elf/4.1.2/../../../../nios2-elf/lib\libc.a(lib_a-callocr.o)
 .data          0x01012eec        0x0 d:/altera/13.0sp1/nios2eds/bin/gnu/h-i686-mingw32/bin/../lib/gcc/nios2-elf/4.1.2/../../../../nios2-elf/lib\libc.a(lib_a-closer.o)
 .data          0x01012eec        0x0 d:/altera/13.0sp1/nios2eds/bin/gnu/h-i686-mingw32/bin/../lib/gcc/nios2-elf/4.1.2/../../../../nios2-elf/lib\libc.a(lib_a-fclose.o)
 .data          0x01012eec        0x0 d:/altera/13.0sp1/nios2eds/bin/gnu/h-i686-mingw32/bin/../lib/gcc/nios2-elf/4.1.2/../../../../nios2-elf/lib\libc.a(lib_a-fstatr.o)
 .data          0x01012eec        0x0 d:/altera/13.0sp1/nios2eds/bin/gnu/h-i686-mingw32/bin/../lib/gcc/nios2-elf/4.1.2/../../../../nios2-elf/lib\libc.a(lib_a-isattyr.o)
 .data          0x01012eec        0x0 d:/altera/13.0sp1/nios2eds/bin/gnu/h-i686-mingw32/bin/../lib/gcc/nios2-elf/4.1.2/../../../../nios2-elf/lib\libc.a(lib_a-lseekr.o)
 .data          0x01012eec        0x0 d:/altera/13.0sp1/nios2eds/bin/gnu/h-i686-mingw32/bin/../lib/gcc/nios2-elf/4.1.2/../../../../nios2-elf/lib\libc.a(lib_a-readr.o)
 .data          0x01012eec        0x0 d:/altera/13.0sp1/nios2eds/bin/gnu/h-i686-mingw32/bin/../lib/gcc/nios2-elf/4.1.2\libgcc.a(_udivdi3.o)
 .data          0x01012eec        0x0 d:/altera/13.0sp1/nios2eds/bin/gnu/h-i686-mingw32/bin/../lib/gcc/nios2-elf/4.1.2\libgcc.a(_umoddi3.o)
 .data          0x01012eec        0x0 d:/altera/13.0sp1/nios2eds/bin/gnu/h-i686-mingw32/bin/../lib/gcc/nios2-elf/4.1.2\libgcc.a(_addsub_df.o)
 .data          0x01012eec        0x0 d:/altera/13.0sp1/nios2eds/bin/gnu/h-i686-mingw32/bin/../lib/gcc/nios2-elf/4.1.2\libgcc.a(_mul_df.o)
 .data          0x01012eec        0x0 d:/altera/13.0sp1/nios2eds/bin/gnu/h-i686-mingw32/bin/../lib/gcc/nios2-elf/4.1.2\libgcc.a(_div_df.o)
 .data          0x01012eec        0x0 d:/altera/13.0sp1/nios2eds/bin/gnu/h-i686-mingw32/bin/../lib/gcc/nios2-elf/4.1.2\libgcc.a(_eq_df.o)
 .data          0x01012eec        0x0 d:/altera/13.0sp1/nios2eds/bin/gnu/h-i686-mingw32/bin/../lib/gcc/nios2-elf/4.1.2\libgcc.a(_ne_df.o)
 .data          0x01012eec        0x0 d:/altera/13.0sp1/nios2eds/bin/gnu/h-i686-mingw32/bin/../lib/gcc/nios2-elf/4.1.2\libgcc.a(_gt_df.o)
 .data          0x01012eec        0x0 d:/altera/13.0sp1/nios2eds/bin/gnu/h-i686-mingw32/bin/../lib/gcc/nios2-elf/4.1.2\libgcc.a(_ge_df.o)
 .data          0x01012eec        0x0 d:/altera/13.0sp1/nios2eds/bin/gnu/h-i686-mingw32/bin/../lib/gcc/nios2-elf/4.1.2\libgcc.a(_lt_df.o)
 .data          0x01012eec        0x0 d:/altera/13.0sp1/nios2eds/bin/gnu/h-i686-mingw32/bin/../lib/gcc/nios2-elf/4.1.2\libgcc.a(_si_to_df.o)
 .data          0x01012eec        0x0 d:/altera/13.0sp1/nios2eds/bin/gnu/h-i686-mingw32/bin/../lib/gcc/nios2-elf/4.1.2\libgcc.a(_df_to_si.o)
 .data          0x01012eec        0x0 d:/altera/13.0sp1/nios2eds/bin/gnu/h-i686-mingw32/bin/../lib/gcc/nios2-elf/4.1.2\libgcc.a(_thenan_df.o)
 .data          0x01012eec        0x0 d:/altera/13.0sp1/nios2eds/bin/gnu/h-i686-mingw32/bin/../lib/gcc/nios2-elf/4.1.2\libgcc.a(_usi_to_df.o)
 .data          0x01012eec        0x0 d:/altera/13.0sp1/nios2eds/bin/gnu/h-i686-mingw32/bin/../lib/gcc/nios2-elf/4.1.2\libgcc.a(lib2-divmod.o)
 .data          0x01012eec        0x0 d:/altera/13.0sp1/nios2eds/bin/gnu/h-i686-mingw32/bin/../lib/gcc/nios2-elf/4.1.2\libgcc.a(_muldi3.o)
 .data          0x01012eec        0x0 d:/altera/13.0sp1/nios2eds/bin/gnu/h-i686-mingw32/bin/../lib/gcc/nios2-elf/4.1.2\libgcc.a(_clz.o)
 .data          0x01012eec        0x0 d:/altera/13.0sp1/nios2eds/bin/gnu/h-i686-mingw32/bin/../lib/gcc/nios2-elf/4.1.2\libgcc.a(_clzsi2.o)
 .data          0x01012eec        0x0 d:/altera/13.0sp1/nios2eds/bin/gnu/h-i686-mingw32/bin/../lib/gcc/nios2-elf/4.1.2\libgcc.a(_pack_df.o)
 .data          0x01012eec        0x0 d:/altera/13.0sp1/nios2eds/bin/gnu/h-i686-mingw32/bin/../lib/gcc/nios2-elf/4.1.2\libgcc.a(_unpack_df.o)
 .data          0x01012eec        0x0 d:/altera/13.0sp1/nios2eds/bin/gnu/h-i686-mingw32/bin/../lib/gcc/nios2-elf/4.1.2\libgcc.a(_fpcmp_parts_df.o)
 .data          0x01012eec        0x0 ../sd_to_audio_bsp/\libhal_bsp.a(alt_close.o)
 .data          0x01012eec      0x1a8 ../sd_to_audio_bsp/\libhal_bsp.a(alt_dev.o)
                0x01012eec                alt_dev_null
                0x01012f14                alt_fd_list
 .data          0x01013094        0x0 ../sd_to_audio_bsp/\libhal_bsp.a(alt_errno.o)
 .data          0x01013094        0x0 ../sd_to_audio_bsp/\libhal_bsp.a(alt_fstat.o)
 .data          0x01013094        0x0 ../sd_to_audio_bsp/\libhal_bsp.a(alt_gettod.o)
 .data          0x01013094        0x0 ../sd_to_audio_bsp/\libhal_bsp.a(alt_isatty.o)
 .data          0x01013094        0x0 ../sd_to_audio_bsp/\libhal_bsp.a(alt_load.o)
 .data          0x01013094        0x0 ../sd_to_audio_bsp/\libhal_bsp.a(alt_lseek.o)
 .data          0x01013094        0x0 ../sd_to_audio_bsp/\libhal_bsp.a(alt_main.o)
 .data          0x01013094        0x0 ../sd_to_audio_bsp/\libhal_bsp.a(alt_malloc_lock.o)
 .data          0x01013094        0x0 ../sd_to_audio_bsp/\libhal_bsp.a(alt_read.o)
 .data          0x01013094        0x0 ../sd_to_audio_bsp/\libhal_bsp.a(alt_release_fd.o)
 .data          0x01013094        0x0 ../sd_to_audio_bsp/\libhal_bsp.a(alt_sbrk.o)
 .data          0x01013094        0x0 ../sd_to_audio_bsp/\libhal_bsp.a(alt_tick.o)
 .data          0x01013094        0x0 ../sd_to_audio_bsp/\libhal_bsp.a(alt_write.o)
 .data          0x01013094     0x1144 ../sd_to_audio_bsp/\libhal_bsp.a(alt_sys_init.o)
 .data          0x010141d8        0x0 ../sd_to_audio_bsp/\libhal_bsp.a(Altera_UP_SD_Card_Avalon_Interface.o)
 .data          0x010141d8        0x0 ../sd_to_audio_bsp/\libhal_bsp.a(altera_avalon_jtag_uart_fd.o)
 .data          0x010141d8        0x0 ../sd_to_audio_bsp/\libhal_bsp.a(altera_avalon_jtag_uart_init.o)
 .data          0x010141d8        0x0 ../sd_to_audio_bsp/\libhal_bsp.a(altera_avalon_jtag_uart_ioctl.o)
 .data          0x010141d8        0x0 ../sd_to_audio_bsp/\libhal_bsp.a(altera_avalon_jtag_uart_read.o)
 .data          0x010141d8        0x0 ../sd_to_audio_bsp/\libhal_bsp.a(altera_avalon_jtag_uart_write.o)
 .data          0x010141d8        0x0 ../sd_to_audio_bsp/\libhal_bsp.a(altera_avalon_timer_sc.o)
 .data          0x010141d8        0x0 ../sd_to_audio_bsp/\libhal_bsp.a(altera_up_avalon_audio_and_video_config.o)
 .data          0x010141d8        0x0 ../sd_to_audio_bsp/\libhal_bsp.a(altera_up_avalon_character_lcd.o)
 .data          0x010141d8        0x0 ../sd_to_audio_bsp/\libhal_bsp.a(altera_up_avalon_rs232.o)
 .data          0x010141d8        0x0 ../sd_to_audio_bsp/\libhal_bsp.a(alt_alarm_start.o)
 .data          0x010141d8        0x0 ../sd_to_audio_bsp/\libhal_bsp.a(alt_dcache_flush_all.o)
 .data          0x010141d8        0x0 ../sd_to_audio_bsp/\libhal_bsp.a(alt_dev_llist_insert.o)
 .data          0x010141d8        0x0 ../sd_to_audio_bsp/\libhal_bsp.a(alt_do_ctors.o)
 .data          0x010141d8        0x0 ../sd_to_audio_bsp/\libhal_bsp.a(alt_do_dtors.o)
 .data          0x010141d8        0x0 ../sd_to_audio_bsp/\libhal_bsp.a(alt_find_dev.o)
 .data          0x010141d8        0x0 ../sd_to_audio_bsp/\libhal_bsp.a(alt_icache_flush_all.o)
 .data          0x010141d8        0x0 ../sd_to_audio_bsp/\libhal_bsp.a(alt_io_redirect.o)
 .data          0x010141d8        0x0 ../sd_to_audio_bsp/\libhal_bsp.a(alt_irq_register.o)
 .data          0x010141d8        0x0 ../sd_to_audio_bsp/\libhal_bsp.a(alt_irq_vars.o)
 .data          0x010141d8        0x0 ../sd_to_audio_bsp/\libhal_bsp.a(alt_open.o)
 .data          0x010141d8        0x0 ../sd_to_audio_bsp/\libhal_bsp.a(altera_nios2_qsys_irq.o)
 .data          0x010141d8        0x0 ../sd_to_audio_bsp/\libhal_bsp.a(alt_find_file.o)
 .data          0x010141d8        0x0 ../sd_to_audio_bsp/\libhal_bsp.a(alt_get_fd.o)
 .data          0x010141d8        0x0 ../sd_to_audio_bsp/\libhal_bsp.a(alt_icache_flush.o)
 .data          0x010141d8        0x0 ../sd_to_audio_bsp/\libhal_bsp.a(alt_irq_entry.o)
 .data          0x010141d8        0x0 ../sd_to_audio_bsp/\libhal_bsp.a(alt_irq_handler.o)
 .data          0x010141d8        0x0 ../sd_to_audio_bsp/\libhal_bsp.a(alt_exception_entry.o)
 .data          0x010141d8        0x0 d:/altera/13.0sp1/nios2eds/bin/gnu/h-i686-mingw32/bin/../lib/gcc/nios2-elf/4.1.2/../../../../nios2-elf/lib\libc.a(lib_a-atexit.o)
 .data          0x010141d8        0x0 d:/altera/13.0sp1/nios2eds/bin/gnu/h-i686-mingw32/bin/../lib/gcc/nios2-elf/4.1.2/../../../../nios2-elf/lib\libc.a(lib_a-exit.o)
 .data          0x010141d8        0x0 d:/altera/13.0sp1/nios2eds/bin/gnu/h-i686-mingw32/bin/../lib/gcc/nios2-elf/4.1.2/../../../../nios2-elf/lib\libc.a(lib_a-memcmp.o)
 .data          0x010141d8        0x0 d:/altera/13.0sp1/nios2eds/bin/gnu/h-i686-mingw32/bin/../lib/gcc/nios2-elf/4.1.2/../../../../nios2-elf/lib\libc.a(lib_a-__atexit.o)
 .data          0x010141d8        0x0 d:/altera/13.0sp1/nios2eds/bin/gnu/h-i686-mingw32/bin/../lib/gcc/nios2-elf/4.1.2/../../../../nios2-elf/lib\libc.a(lib_a-__call_atexit.o)
 .data          0x010141d8        0x0 ../sd_to_audio_bsp/\libhal_bsp.a(alt_exit.o)
                0x0101c1d8                _gp = ABSOLUTE ((. + 0x8000))
                0x0101c1d8                PROVIDE (gp, _gp)
 *(.rwdata .rwdata.*)
 *(.sdata .sdata.* .gnu.linkonce.s.*)
 .sdata         0x010141d8        0x8 d:/altera/13.0sp1/nios2eds/bin/gnu/h-i686-mingw32/bin/../lib/gcc/nios2-elf/4.1.2/../../../../nios2-elf/lib\libc.a(lib_a-impure.o)
                0x010141d8                _impure_ptr
                0x010141dc                _global_impure_ptr
 .sdata         0x010141e0        0x8 d:/altera/13.0sp1/nios2eds/bin/gnu/h-i686-mingw32/bin/../lib/gcc/nios2-elf/4.1.2/../../../../nios2-elf/lib\libc.a(lib_a-locale.o)
                0x010141e0                __mb_cur_max
 .sdata         0x010141e8        0x8 d:/altera/13.0sp1/nios2eds/bin/gnu/h-i686-mingw32/bin/../lib/gcc/nios2-elf/4.1.2/../../../../nios2-elf/lib\libc.a(lib_a-mallocr.o)
                0x010141e8                __malloc_trim_threshold
                0x010141ec                __malloc_sbrk_base
 .sdata         0x010141f0       0x14 ../sd_to_audio_bsp/\libhal_bsp.a(alt_dev.o)
                0x010141f0                alt_fs_list
                0x010141f8                alt_dev_list
                0x01014200                alt_max_fd
 .sdata         0x01014204        0x4 ../sd_to_audio_bsp/\libhal_bsp.a(alt_errno.o)
                0x01014204                alt_errno
 .sdata         0x01014208        0x4 ../sd_to_audio_bsp/\libhal_bsp.a(alt_sbrk.o)
 .sdata         0x0101420c        0x8 ../sd_to_audio_bsp/\libhal_bsp.a(alt_tick.o)
                0x0101420c                alt_alarm_list
 .sdata         0x01014214        0x4 ../sd_to_audio_bsp/\libhal_bsp.a(alt_irq_vars.o)
                0x01014214                alt_priority_mask
 *(.sdata2 .sdata2.* .gnu.linkonce.s2.*)
                0x01014218                . = ALIGN (0x4)
                0x01014218                _edata = ABSOLUTE (.)
                0x01014218                PROVIDE (edata, ABSOLUTE (.))
                0x01014218                PROVIDE (__ram_rwdata_end, ABSOLUTE (.))
                0x01014218                PROVIDE (__flash_rwdata_start, LOADADDR (.rwdata))

.bss            0x01015f58      0x89c
                0x01015f58                __bss_start = ABSOLUTE (.)
                0x01015f58                PROVIDE (__sbss_start, ABSOLUTE (.))
                0x01015f58                PROVIDE (___sbss_start, ABSOLUTE (.))
 *(.dynsbss)
 *(.sbss .sbss.* .gnu.linkonce.sb.*)
 .sbss          0x01015f58        0x2 obj/default/hello_world.o
                0x01015f58                sd_fileh
 *fill*         0x01015f5a        0x2 00
 .sbss          0x01015f5c        0x4 d:/altera/13.0sp1/nios2eds/bin/gnu/h-i686-mingw32/bin/../lib/gcc/nios2-elf/4.1.2/../../../../nios2-elf/lib\libc.a(lib_a-int_errno.o)
                0x01015f5c                errno
 .sbss          0x01015f60        0xc d:/altera/13.0sp1/nios2eds/bin/gnu/h-i686-mingw32/bin/../lib/gcc/nios2-elf/4.1.2/../../../../nios2-elf/lib\libc.a(lib_a-locale.o)
                0x01015f60                __nlocale_changed
                0x01015f64                __mlocale_changed
                0x01015f68                _PathLocale
 .sbss          0x01015f6c        0xc d:/altera/13.0sp1/nios2eds/bin/gnu/h-i686-mingw32/bin/../lib/gcc/nios2-elf/4.1.2/../../../../nios2-elf/lib\libc.a(lib_a-mallocr.o)
                0x01015f6c                __malloc_top_pad
                0x01015f70                __malloc_max_sbrked_mem
                0x01015f74                __malloc_max_total_mem
 .sbss          0x01015f78       0x10 ../sd_to_audio_bsp/\libhal_bsp.a(alt_gettod.o)
                0x01015f78                alt_timezone
                0x01015f80                alt_resettime
 .sbss          0x01015f88        0xc ../sd_to_audio_bsp/\libhal_bsp.a(alt_main.o)
                0x01015f88                alt_argc
                0x01015f8c                alt_argv
                0x01015f90                alt_envp
 .sbss          0x01015f94        0x8 ../sd_to_audio_bsp/\libhal_bsp.a(alt_tick.o)
                0x01015f94                _alt_tick_rate
                0x01015f98                _alt_nticks
 .sbss          0x01015f9c       0x34 ../sd_to_audio_bsp/\libhal_bsp.a(Altera_UP_SD_Card_Avalon_Interface.o)
                0x01015f9c                initialized
                0x01015fa0                is_sd_card_formated_as_FAT16
                0x01015fa4                aux_status_register
                0x01015fa8                status_register
                0x01015fac                CSD_register_w0
                0x01015fb0                command_register
                0x01015fb4                command_argument_register
                0x01015fb8                buffer_memory
                0x01015fbc                fat_partition_offset_in_512_byte_sectors
                0x01015fc0                fat_partition_size_in_512_byte_sectors
                0x01015fc4                device_pointer
                0x01015fc8                current_sector_modified
                0x01015fcc                current_sector_index
 .sbss          0x01015fd0        0x4 ../sd_to_audio_bsp/\libhal_bsp.a(alt_irq_vars.o)
                0x01015fd0                alt_irq_active
 *(.sbss2 .sbss2.* .gnu.linkonce.sb2.*)
 *(.scommon)
                0x01015fd4                PROVIDE (__sbss_end, ABSOLUTE (.))
                0x01015fd4                PROVIDE (___sbss_end, ABSOLUTE (.))
 *(.dynbss)
 *(.bss .bss.* .gnu.linkonce.b.*)
 .bss           0x01015fd4        0x0 ../sd_to_audio_bsp//obj/HAL/src/crt0.o
 .bss           0x01015fd4        0x0 obj/default/hello_world.o
 .bss           0x01015fd4        0x0 d:/altera/13.0sp1/nios2eds/bin/gnu/h-i686-mingw32/bin/../lib/gcc/nios2-elf/4.1.2/../../../../nios2-elf/lib\libc.a(lib_a-printf.o)
 .bss           0x01015fd4        0x0 d:/altera/13.0sp1/nios2eds/bin/gnu/h-i686-mingw32/bin/../lib/gcc/nios2-elf/4.1.2/../../../../nios2-elf/lib\libc.a(lib_a-puts.o)
 .bss           0x01015fd4        0x0 d:/altera/13.0sp1/nios2eds/bin/gnu/h-i686-mingw32/bin/../lib/gcc/nios2-elf/4.1.2/../../../../nios2-elf/lib\libc.a(lib_a-strlen.o)
 .bss           0x01015fd4        0x0 d:/altera/13.0sp1/nios2eds/bin/gnu/h-i686-mingw32/bin/../lib/gcc/nios2-elf/4.1.2/../../../../nios2-elf/lib\libc.a(lib_a-time.o)
 .bss           0x01015fd4        0x0 d:/altera/13.0sp1/nios2eds/bin/gnu/h-i686-mingw32/bin/../lib/gcc/nios2-elf/4.1.2/../../../../nios2-elf/lib\libc.a(lib_a-vfprintf.o)
 .bss           0x01015fd4        0x0 d:/altera/13.0sp1/nios2eds/bin/gnu/h-i686-mingw32/bin/../lib/gcc/nios2-elf/4.1.2/../../../../nios2-elf/lib\libc.a(lib_a-wsetup.o)
 .bss           0x01015fd4        0x0 d:/altera/13.0sp1/nios2eds/bin/gnu/h-i686-mingw32/bin/../lib/gcc/nios2-elf/4.1.2/../../../../nios2-elf/lib\libc.a(lib_a-dtoa.o)
 .bss           0x01015fd4        0x0 d:/altera/13.0sp1/nios2eds/bin/gnu/h-i686-mingw32/bin/../lib/gcc/nios2-elf/4.1.2/../../../../nios2-elf/lib\libc.a(lib_a-fflush.o)
 .bss           0x01015fd4        0x0 d:/altera/13.0sp1/nios2eds/bin/gnu/h-i686-mingw32/bin/../lib/gcc/nios2-elf/4.1.2/../../../../nios2-elf/lib\libc.a(lib_a-findfp.o)
 .bss           0x01015fd4        0x0 d:/altera/13.0sp1/nios2eds/bin/gnu/h-i686-mingw32/bin/../lib/gcc/nios2-elf/4.1.2/../../../../nios2-elf/lib\libc.a(lib_a-freer.o)
 .bss           0x01015fd4        0x0 d:/altera/13.0sp1/nios2eds/bin/gnu/h-i686-mingw32/bin/../lib/gcc/nios2-elf/4.1.2/../../../../nios2-elf/lib\libc.a(lib_a-fvwrite.o)
 .bss           0x01015fd4        0x0 d:/altera/13.0sp1/nios2eds/bin/gnu/h-i686-mingw32/bin/../lib/gcc/nios2-elf/4.1.2/../../../../nios2-elf/lib\libc.a(lib_a-fwalk.o)
 .bss           0x01015fd4        0x0 d:/altera/13.0sp1/nios2eds/bin/gnu/h-i686-mingw32/bin/../lib/gcc/nios2-elf/4.1.2/../../../../nios2-elf/lib\libc.a(lib_a-gettimeofdayr.o)
 .bss           0x01015fd4        0x0 d:/altera/13.0sp1/nios2eds/bin/gnu/h-i686-mingw32/bin/../lib/gcc/nios2-elf/4.1.2/../../../../nios2-elf/lib\libc.a(lib_a-impure.o)
 .bss           0x01015fd4        0x0 d:/altera/13.0sp1/nios2eds/bin/gnu/h-i686-mingw32/bin/../lib/gcc/nios2-elf/4.1.2/../../../../nios2-elf/lib\libc.a(lib_a-int_errno.o)
 .bss           0x01015fd4        0x0 d:/altera/13.0sp1/nios2eds/bin/gnu/h-i686-mingw32/bin/../lib/gcc/nios2-elf/4.1.2/../../../../nios2-elf/lib\libc.a(lib_a-locale.o)
 .bss           0x01015fd4        0x0 d:/altera/13.0sp1/nios2eds/bin/gnu/h-i686-mingw32/bin/../lib/gcc/nios2-elf/4.1.2/../../../../nios2-elf/lib\libc.a(lib_a-makebuf.o)
 .bss           0x01015fd4       0x28 d:/altera/13.0sp1/nios2eds/bin/gnu/h-i686-mingw32/bin/../lib/gcc/nios2-elf/4.1.2/../../../../nios2-elf/lib\libc.a(lib_a-mallocr.o)
                0x01015fd4                __malloc_current_mallinfo
 .bss           0x01015ffc        0x0 d:/altera/13.0sp1/nios2eds/bin/gnu/h-i686-mingw32/bin/../lib/gcc/nios2-elf/4.1.2/../../../../nios2-elf/lib\libc.a(lib_a-memchr.o)
 .bss           0x01015ffc        0x0 d:/altera/13.0sp1/nios2eds/bin/gnu/h-i686-mingw32/bin/../lib/gcc/nios2-elf/4.1.2/../../../../nios2-elf/lib\libc.a(lib_a-memcpy.o)
 .bss           0x01015ffc        0x0 d:/altera/13.0sp1/nios2eds/bin/gnu/h-i686-mingw32/bin/../lib/gcc/nios2-elf/4.1.2/../../../../nios2-elf/lib\libc.a(lib_a-memmove.o)
 .bss           0x01015ffc        0x0 d:/altera/13.0sp1/nios2eds/bin/gnu/h-i686-mingw32/bin/../lib/gcc/nios2-elf/4.1.2/../../../../nios2-elf/lib\libc.a(lib_a-memset.o)
 .bss           0x01015ffc        0x0 d:/altera/13.0sp1/nios2eds/bin/gnu/h-i686-mingw32/bin/../lib/gcc/nios2-elf/4.1.2/../../../../nios2-elf/lib\libc.a(lib_a-mprec.o)
 .bss           0x01015ffc        0x0 d:/altera/13.0sp1/nios2eds/bin/gnu/h-i686-mingw32/bin/../lib/gcc/nios2-elf/4.1.2/../../../../nios2-elf/lib\libc.a(lib_a-reallocr.o)
 .bss           0x01015ffc        0x0 d:/altera/13.0sp1/nios2eds/bin/gnu/h-i686-mingw32/bin/../lib/gcc/nios2-elf/4.1.2/../../../../nios2-elf/lib\libc.a(lib_a-s_isinfd.o)
 .bss           0x01015ffc        0x0 d:/altera/13.0sp1/nios2eds/bin/gnu/h-i686-mingw32/bin/../lib/gcc/nios2-elf/4.1.2/../../../../nios2-elf/lib\libc.a(lib_a-s_isnand.o)
 .bss           0x01015ffc        0x0 d:/altera/13.0sp1/nios2eds/bin/gnu/h-i686-mingw32/bin/../lib/gcc/nios2-elf/4.1.2/../../../../nios2-elf/lib\libc.a(lib_a-sbrkr.o)
 .bss           0x01015ffc        0x0 d:/altera/13.0sp1/nios2eds/bin/gnu/h-i686-mingw32/bin/../lib/gcc/nios2-elf/4.1.2/../../../../nios2-elf/lib\libc.a(lib_a-stdio.o)
 .bss           0x01015ffc        0x0 d:/altera/13.0sp1/nios2eds/bin/gnu/h-i686-mingw32/bin/../lib/gcc/nios2-elf/4.1.2/../../../../nios2-elf/lib\libc.a(lib_a-strcmp.o)
 .bss           0x01015ffc        0x0 d:/altera/13.0sp1/nios2eds/bin/gnu/h-i686-mingw32/bin/../lib/gcc/nios2-elf/4.1.2/../../../../nios2-elf/lib\libc.a(lib_a-writer.o)
 .bss           0x01015ffc        0x0 d:/altera/13.0sp1/nios2eds/bin/gnu/h-i686-mingw32/bin/../lib/gcc/nios2-elf/4.1.2/../../../../nios2-elf/lib\libc.a(lib_a-callocr.o)
 .bss           0x01015ffc        0x0 d:/altera/13.0sp1/nios2eds/bin/gnu/h-i686-mingw32/bin/../lib/gcc/nios2-elf/4.1.2/../../../../nios2-elf/lib\libc.a(lib_a-closer.o)
 .bss           0x01015ffc        0x0 d:/altera/13.0sp1/nios2eds/bin/gnu/h-i686-mingw32/bin/../lib/gcc/nios2-elf/4.1.2/../../../../nios2-elf/lib\libc.a(lib_a-fclose.o)
 .bss           0x01015ffc        0x0 d:/altera/13.0sp1/nios2eds/bin/gnu/h-i686-mingw32/bin/../lib/gcc/nios2-elf/4.1.2/../../../../nios2-elf/lib\libc.a(lib_a-fstatr.o)
 .bss           0x01015ffc        0x0 d:/altera/13.0sp1/nios2eds/bin/gnu/h-i686-mingw32/bin/../lib/gcc/nios2-elf/4.1.2/../../../../nios2-elf/lib\libc.a(lib_a-isattyr.o)
 .bss           0x01015ffc        0x0 d:/altera/13.0sp1/nios2eds/bin/gnu/h-i686-mingw32/bin/../lib/gcc/nios2-elf/4.1.2/../../../../nios2-elf/lib\libc.a(lib_a-lseekr.o)
 .bss           0x01015ffc        0x0 d:/altera/13.0sp1/nios2eds/bin/gnu/h-i686-mingw32/bin/../lib/gcc/nios2-elf/4.1.2/../../../../nios2-elf/lib\libc.a(lib_a-readr.o)
 .bss           0x01015ffc        0x0 d:/altera/13.0sp1/nios2eds/bin/gnu/h-i686-mingw32/bin/../lib/gcc/nios2-elf/4.1.2\libgcc.a(_udivdi3.o)
 .bss           0x01015ffc        0x0 d:/altera/13.0sp1/nios2eds/bin/gnu/h-i686-mingw32/bin/../lib/gcc/nios2-elf/4.1.2\libgcc.a(_umoddi3.o)
 .bss           0x01015ffc        0x0 d:/altera/13.0sp1/nios2eds/bin/gnu/h-i686-mingw32/bin/../lib/gcc/nios2-elf/4.1.2\libgcc.a(_addsub_df.o)
 .bss           0x01015ffc        0x0 d:/altera/13.0sp1/nios2eds/bin/gnu/h-i686-mingw32/bin/../lib/gcc/nios2-elf/4.1.2\libgcc.a(_mul_df.o)
 .bss           0x01015ffc        0x0 d:/altera/13.0sp1/nios2eds/bin/gnu/h-i686-mingw32/bin/../lib/gcc/nios2-elf/4.1.2\libgcc.a(_div_df.o)
 .bss           0x01015ffc        0x0 d:/altera/13.0sp1/nios2eds/bin/gnu/h-i686-mingw32/bin/../lib/gcc/nios2-elf/4.1.2\libgcc.a(_eq_df.o)
 .bss           0x01015ffc        0x0 d:/altera/13.0sp1/nios2eds/bin/gnu/h-i686-mingw32/bin/../lib/gcc/nios2-elf/4.1.2\libgcc.a(_ne_df.o)
 .bss           0x01015ffc        0x0 d:/altera/13.0sp1/nios2eds/bin/gnu/h-i686-mingw32/bin/../lib/gcc/nios2-elf/4.1.2\libgcc.a(_gt_df.o)
 .bss           0x01015ffc        0x0 d:/altera/13.0sp1/nios2eds/bin/gnu/h-i686-mingw32/bin/../lib/gcc/nios2-elf/4.1.2\libgcc.a(_ge_df.o)
 .bss           0x01015ffc        0x0 d:/altera/13.0sp1/nios2eds/bin/gnu/h-i686-mingw32/bin/../lib/gcc/nios2-elf/4.1.2\libgcc.a(_lt_df.o)
 .bss           0x01015ffc        0x0 d:/altera/13.0sp1/nios2eds/bin/gnu/h-i686-mingw32/bin/../lib/gcc/nios2-elf/4.1.2\libgcc.a(_si_to_df.o)
 .bss           0x01015ffc        0x0 d:/altera/13.0sp1/nios2eds/bin/gnu/h-i686-mingw32/bin/../lib/gcc/nios2-elf/4.1.2\libgcc.a(_df_to_si.o)
 .bss           0x01015ffc        0x0 d:/altera/13.0sp1/nios2eds/bin/gnu/h-i686-mingw32/bin/../lib/gcc/nios2-elf/4.1.2\libgcc.a(_thenan_df.o)
 .bss           0x01015ffc        0x0 d:/altera/13.0sp1/nios2eds/bin/gnu/h-i686-mingw32/bin/../lib/gcc/nios2-elf/4.1.2\libgcc.a(_usi_to_df.o)
 .bss           0x01015ffc        0x0 d:/altera/13.0sp1/nios2eds/bin/gnu/h-i686-mingw32/bin/../lib/gcc/nios2-elf/4.1.2\libgcc.a(lib2-divmod.o)
 .bss           0x01015ffc        0x0 d:/altera/13.0sp1/nios2eds/bin/gnu/h-i686-mingw32/bin/../lib/gcc/nios2-elf/4.1.2\libgcc.a(_muldi3.o)
 .bss           0x01015ffc        0x0 d:/altera/13.0sp1/nios2eds/bin/gnu/h-i686-mingw32/bin/../lib/gcc/nios2-elf/4.1.2\libgcc.a(_clz.o)
 .bss           0x01015ffc        0x0 d:/altera/13.0sp1/nios2eds/bin/gnu/h-i686-mingw32/bin/../lib/gcc/nios2-elf/4.1.2\libgcc.a(_clzsi2.o)
 .bss           0x01015ffc        0x0 d:/altera/13.0sp1/nios2eds/bin/gnu/h-i686-mingw32/bin/../lib/gcc/nios2-elf/4.1.2\libgcc.a(_pack_df.o)
 .bss           0x01015ffc        0x0 d:/altera/13.0sp1/nios2eds/bin/gnu/h-i686-mingw32/bin/../lib/gcc/nios2-elf/4.1.2\libgcc.a(_unpack_df.o)
 .bss           0x01015ffc        0x0 d:/altera/13.0sp1/nios2eds/bin/gnu/h-i686-mingw32/bin/../lib/gcc/nios2-elf/4.1.2\libgcc.a(_fpcmp_parts_df.o)
 .bss           0x01015ffc        0x0 ../sd_to_audio_bsp/\libhal_bsp.a(alt_close.o)
 .bss           0x01015ffc        0x0 ../sd_to_audio_bsp/\libhal_bsp.a(alt_dev.o)
 .bss           0x01015ffc        0x0 ../sd_to_audio_bsp/\libhal_bsp.a(alt_errno.o)
 .bss           0x01015ffc        0x0 ../sd_to_audio_bsp/\libhal_bsp.a(alt_fstat.o)
 .bss           0x01015ffc        0x0 ../sd_to_audio_bsp/\libhal_bsp.a(alt_gettod.o)
 .bss           0x01015ffc        0x0 ../sd_to_audio_bsp/\libhal_bsp.a(alt_isatty.o)
 .bss           0x01015ffc        0x0 ../sd_to_audio_bsp/\libhal_bsp.a(alt_load.o)
 .bss           0x01015ffc        0x0 ../sd_to_audio_bsp/\libhal_bsp.a(alt_lseek.o)
 .bss           0x01015ffc        0x0 ../sd_to_audio_bsp/\libhal_bsp.a(alt_main.o)
 .bss           0x01015ffc        0x0 ../sd_to_audio_bsp/\libhal_bsp.a(alt_malloc_lock.o)
 .bss           0x01015ffc        0x0 ../sd_to_audio_bsp/\libhal_bsp.a(alt_read.o)
 .bss           0x01015ffc        0x0 ../sd_to_audio_bsp/\libhal_bsp.a(alt_release_fd.o)
 .bss           0x01015ffc        0x0 ../sd_to_audio_bsp/\libhal_bsp.a(alt_sbrk.o)
 .bss           0x01015ffc        0x0 ../sd_to_audio_bsp/\libhal_bsp.a(alt_tick.o)
 .bss           0x01015ffc        0x0 ../sd_to_audio_bsp/\libhal_bsp.a(alt_write.o)
 .bss           0x01015ffc        0x0 ../sd_to_audio_bsp/\libhal_bsp.a(alt_sys_init.o)
 .bss           0x01015ffc        0x0 ../sd_to_audio_bsp/\libhal_bsp.a(Altera_UP_SD_Card_Avalon_Interface.o)
 .bss           0x01015ffc        0x0 ../sd_to_audio_bsp/\libhal_bsp.a(altera_avalon_jtag_uart_fd.o)
 .bss           0x01015ffc        0x0 ../sd_to_audio_bsp/\libhal_bsp.a(altera_avalon_jtag_uart_init.o)
 .bss           0x01015ffc        0x0 ../sd_to_audio_bsp/\libhal_bsp.a(altera_avalon_jtag_uart_ioctl.o)
 .bss           0x01015ffc        0x0 ../sd_to_audio_bsp/\libhal_bsp.a(altera_avalon_jtag_uart_read.o)
 .bss           0x01015ffc        0x0 ../sd_to_audio_bsp/\libhal_bsp.a(altera_avalon_jtag_uart_write.o)
 .bss           0x01015ffc        0x0 ../sd_to_audio_bsp/\libhal_bsp.a(altera_avalon_timer_sc.o)
 .bss           0x01015ffc        0x0 ../sd_to_audio_bsp/\libhal_bsp.a(altera_up_avalon_audio_and_video_config.o)
 .bss           0x01015ffc        0x0 ../sd_to_audio_bsp/\libhal_bsp.a(altera_up_avalon_character_lcd.o)
 .bss           0x01015ffc        0x0 ../sd_to_audio_bsp/\libhal_bsp.a(altera_up_avalon_rs232.o)
 .bss           0x01015ffc        0x0 ../sd_to_audio_bsp/\libhal_bsp.a(alt_alarm_start.o)
 .bss           0x01015ffc        0x0 ../sd_to_audio_bsp/\libhal_bsp.a(alt_dcache_flush_all.o)
 .bss           0x01015ffc        0x0 ../sd_to_audio_bsp/\libhal_bsp.a(alt_dev_llist_insert.o)
 .bss           0x01015ffc        0x0 ../sd_to_audio_bsp/\libhal_bsp.a(alt_do_ctors.o)
 .bss           0x01015ffc        0x0 ../sd_to_audio_bsp/\libhal_bsp.a(alt_do_dtors.o)
 .bss           0x01015ffc        0x0 ../sd_to_audio_bsp/\libhal_bsp.a(alt_find_dev.o)
 .bss           0x01015ffc        0x0 ../sd_to_audio_bsp/\libhal_bsp.a(alt_icache_flush_all.o)
 .bss           0x01015ffc        0x0 ../sd_to_audio_bsp/\libhal_bsp.a(alt_io_redirect.o)
 .bss           0x01015ffc        0x0 ../sd_to_audio_bsp/\libhal_bsp.a(alt_irq_register.o)
 .bss           0x01015ffc        0x0 ../sd_to_audio_bsp/\libhal_bsp.a(alt_irq_vars.o)
 .bss           0x01015ffc        0x0 ../sd_to_audio_bsp/\libhal_bsp.a(alt_open.o)
 .bss           0x01015ffc        0x0 ../sd_to_audio_bsp/\libhal_bsp.a(altera_nios2_qsys_irq.o)
 .bss           0x01015ffc        0x0 ../sd_to_audio_bsp/\libhal_bsp.a(alt_find_file.o)
 .bss           0x01015ffc        0x0 ../sd_to_audio_bsp/\libhal_bsp.a(alt_get_fd.o)
 .bss           0x01015ffc        0x0 ../sd_to_audio_bsp/\libhal_bsp.a(alt_icache_flush.o)
 .bss           0x01015ffc        0x0 ../sd_to_audio_bsp/\libhal_bsp.a(alt_irq_entry.o)
 .bss           0x01015ffc        0x0 ../sd_to_audio_bsp/\libhal_bsp.a(alt_irq_handler.o)
 .bss           0x01015ffc        0x0 ../sd_to_audio_bsp/\libhal_bsp.a(alt_exception_entry.o)
 .bss           0x01015ffc        0x0 d:/altera/13.0sp1/nios2eds/bin/gnu/h-i686-mingw32/bin/../lib/gcc/nios2-elf/4.1.2/../../../../nios2-elf/lib\libc.a(lib_a-atexit.o)
 .bss           0x01015ffc        0x0 d:/altera/13.0sp1/nios2eds/bin/gnu/h-i686-mingw32/bin/../lib/gcc/nios2-elf/4.1.2/../../../../nios2-elf/lib\libc.a(lib_a-exit.o)
 .bss           0x01015ffc        0x0 d:/altera/13.0sp1/nios2eds/bin/gnu/h-i686-mingw32/bin/../lib/gcc/nios2-elf/4.1.2/../../../../nios2-elf/lib\libc.a(lib_a-memcmp.o)
 .bss           0x01015ffc        0x0 d:/altera/13.0sp1/nios2eds/bin/gnu/h-i686-mingw32/bin/../lib/gcc/nios2-elf/4.1.2/../../../../nios2-elf/lib\libc.a(lib_a-__atexit.o)
 .bss           0x01015ffc        0x0 d:/altera/13.0sp1/nios2eds/bin/gnu/h-i686-mingw32/bin/../lib/gcc/nios2-elf/4.1.2/../../../../nios2-elf/lib\libc.a(lib_a-__call_atexit.o)
 .bss           0x01015ffc        0x0 ../sd_to_audio_bsp/\libhal_bsp.a(alt_exit.o)
 *(COMMON)
 COMMON         0x01015ffc      0x568 ../sd_to_audio_bsp/\libhal_bsp.a(Altera_UP_SD_Card_Avalon_Interface.o)
                0x01015ffc                search_data
                0x01016010                boot_sector_data
                0x01016064                active_files
 COMMON         0x01016564      0x100 ../sd_to_audio_bsp/\libhal_bsp.a(alt_irq_handler.o)
                0x01016564                alt_irq
 COMMON         0x01016664      0x190 d:/altera/13.0sp1/nios2eds/bin/gnu/h-i686-mingw32/bin/../lib/gcc/nios2-elf/4.1.2/../../../../nios2-elf/lib\libc.a(lib_a-atexit.o)
                0x01016664                _atexit0
                0x010167f4                . = ALIGN (0x4)
                0x010167f4                __bss_end = ABSOLUTE (.)

.onchip_memory2_0
                0x00000000        0x0 load address 0x010167f4
                0x00000000                PROVIDE (_alt_partition_onchip_memory2_0_start, ABSOLUTE (.))
 *(.onchip_memory2_0. onchip_memory2_0.*)
                0x00000000                . = ALIGN (0x4)
                0x00000000                PROVIDE (_alt_partition_onchip_memory2_0_end, ABSOLUTE (.))
                0x010167f4                PROVIDE (_alt_partition_onchip_memory2_0_load_addr, LOADADDR (.onchip_memory2_0))

.new_sdram_controller_0
                0x010167f4        0x0
                0x010167f4                PROVIDE (_alt_partition_new_sdram_controller_0_start, ABSOLUTE (.))
 *(.new_sdram_controller_0. new_sdram_controller_0.*)
                0x010167f4                . = ALIGN (0x4)
                0x010167f4                PROVIDE (_alt_partition_new_sdram_controller_0_end, ABSOLUTE (.))
                0x010167f4                _end = ABSOLUTE (.)
                0x010167f4                end = ABSOLUTE (.)
                0x010167f4                __alt_stack_base = ABSOLUTE (.)
                0x010167f4                PROVIDE (_alt_partition_new_sdram_controller_0_load_addr, LOADADDR (.new_sdram_controller_0))

.stab
 *(.stab)

.stabstr
 *(.stabstr)

.stab.excl
 *(.stab.excl)

.stab.exclstr
 *(.stab.exclstr)

.stab.index
 *(.stab.index)

.stab.indexstr
 *(.stab.indexstr)

.comment        0x00000000       0x26
 *(.comment)
 .comment       0x00000000       0x26 obj/default/hello_world.o
                                 0x27 (size before relaxing)
 .comment       0x00000000       0x27 d:/altera/13.0sp1/nios2eds/bin/gnu/h-i686-mingw32/bin/../lib/gcc/nios2-elf/4.1.2/../../../../nios2-elf/lib\libc.a(lib_a-printf.o)
 .comment       0x00000000       0x27 d:/altera/13.0sp1/nios2eds/bin/gnu/h-i686-mingw32/bin/../lib/gcc/nios2-elf/4.1.2/../../../../nios2-elf/lib\libc.a(lib_a-puts.o)
 .comment       0x00000000       0x27 d:/altera/13.0sp1/nios2eds/bin/gnu/h-i686-mingw32/bin/../lib/gcc/nios2-elf/4.1.2/../../../../nios2-elf/lib\libc.a(lib_a-strlen.o)
 .comment       0x00000000       0x27 d:/altera/13.0sp1/nios2eds/bin/gnu/h-i686-mingw32/bin/../lib/gcc/nios2-elf/4.1.2/../../../../nios2-elf/lib\libc.a(lib_a-time.o)
 .comment       0x00000000       0x27 d:/altera/13.0sp1/nios2eds/bin/gnu/h-i686-mingw32/bin/../lib/gcc/nios2-elf/4.1.2/../../../../nios2-elf/lib\libc.a(lib_a-vfprintf.o)
 .comment       0x00000000       0x27 d:/altera/13.0sp1/nios2eds/bin/gnu/h-i686-mingw32/bin/../lib/gcc/nios2-elf/4.1.2/../../../../nios2-elf/lib\libc.a(lib_a-wsetup.o)
 .comment       0x00000000       0x27 d:/altera/13.0sp1/nios2eds/bin/gnu/h-i686-mingw32/bin/../lib/gcc/nios2-elf/4.1.2/../../../../nios2-elf/lib\libc.a(lib_a-dtoa.o)
 .comment       0x00000000       0x27 d:/altera/13.0sp1/nios2eds/bin/gnu/h-i686-mingw32/bin/../lib/gcc/nios2-elf/4.1.2/../../../../nios2-elf/lib\libc.a(lib_a-fflush.o)
 .comment       0x00000000       0x27 d:/altera/13.0sp1/nios2eds/bin/gnu/h-i686-mingw32/bin/../lib/gcc/nios2-elf/4.1.2/../../../../nios2-elf/lib\libc.a(lib_a-findfp.o)
 .comment       0x00000000       0x27 d:/altera/13.0sp1/nios2eds/bin/gnu/h-i686-mingw32/bin/../lib/gcc/nios2-elf/4.1.2/../../../../nios2-elf/lib\libc.a(lib_a-freer.o)
 .comment       0x00000000       0x27 d:/altera/13.0sp1/nios2eds/bin/gnu/h-i686-mingw32/bin/../lib/gcc/nios2-elf/4.1.2/../../../../nios2-elf/lib\libc.a(lib_a-fvwrite.o)
 .comment       0x00000000       0x27 d:/altera/13.0sp1/nios2eds/bin/gnu/h-i686-mingw32/bin/../lib/gcc/nios2-elf/4.1.2/../../../../nios2-elf/lib\libc.a(lib_a-fwalk.o)
 .comment       0x00000000       0x27 d:/altera/13.0sp1/nios2eds/bin/gnu/h-i686-mingw32/bin/../lib/gcc/nios2-elf/4.1.2/../../../../nios2-elf/lib\libc.a(lib_a-gettimeofdayr.o)
 .comment       0x00000000       0x27 d:/altera/13.0sp1/nios2eds/bin/gnu/h-i686-mingw32/bin/../lib/gcc/nios2-elf/4.1.2/../../../../nios2-elf/lib\libc.a(lib_a-impure.o)
 .comment       0x00000000       0x27 d:/altera/13.0sp1/nios2eds/bin/gnu/h-i686-mingw32/bin/../lib/gcc/nios2-elf/4.1.2/../../../../nios2-elf/lib\libc.a(lib_a-int_errno.o)
 .comment       0x00000000       0x27 d:/altera/13.0sp1/nios2eds/bin/gnu/h-i686-mingw32/bin/../lib/gcc/nios2-elf/4.1.2/../../../../nios2-elf/lib\libc.a(lib_a-locale.o)
 .comment       0x00000000       0x27 d:/altera/13.0sp1/nios2eds/bin/gnu/h-i686-mingw32/bin/../lib/gcc/nios2-elf/4.1.2/../../../../nios2-elf/lib\libc.a(lib_a-makebuf.o)
 .comment       0x00000000       0x27 d:/altera/13.0sp1/nios2eds/bin/gnu/h-i686-mingw32/bin/../lib/gcc/nios2-elf/4.1.2/../../../../nios2-elf/lib\libc.a(lib_a-mallocr.o)
 .comment       0x00000000       0x27 d:/altera/13.0sp1/nios2eds/bin/gnu/h-i686-mingw32/bin/../lib/gcc/nios2-elf/4.1.2/../../../../nios2-elf/lib\libc.a(lib_a-memchr.o)
 .comment       0x00000000       0x27 d:/altera/13.0sp1/nios2eds/bin/gnu/h-i686-mingw32/bin/../lib/gcc/nios2-elf/4.1.2/../../../../nios2-elf/lib\libc.a(lib_a-memcpy.o)
 .comment       0x00000000       0x27 d:/altera/13.0sp1/nios2eds/bin/gnu/h-i686-mingw32/bin/../lib/gcc/nios2-elf/4.1.2/../../../../nios2-elf/lib\libc.a(lib_a-memmove.o)
 .comment       0x00000000       0x27 d:/altera/13.0sp1/nios2eds/bin/gnu/h-i686-mingw32/bin/../lib/gcc/nios2-elf/4.1.2/../../../../nios2-elf/lib\libc.a(lib_a-memset.o)
 .comment       0x00000000       0x27 d:/altera/13.0sp1/nios2eds/bin/gnu/h-i686-mingw32/bin/../lib/gcc/nios2-elf/4.1.2/../../../../nios2-elf/lib\libc.a(lib_a-mprec.o)
 .comment       0x00000000       0x27 d:/altera/13.0sp1/nios2eds/bin/gnu/h-i686-mingw32/bin/../lib/gcc/nios2-elf/4.1.2/../../../../nios2-elf/lib\libc.a(lib_a-reallocr.o)
 .comment       0x00000000       0x27 d:/altera/13.0sp1/nios2eds/bin/gnu/h-i686-mingw32/bin/../lib/gcc/nios2-elf/4.1.2/../../../../nios2-elf/lib\libc.a(lib_a-s_isinfd.o)
 .comment       0x00000000       0x27 d:/altera/13.0sp1/nios2eds/bin/gnu/h-i686-mingw32/bin/../lib/gcc/nios2-elf/4.1.2/../../../../nios2-elf/lib\libc.a(lib_a-s_isnand.o)
 .comment       0x00000000       0x27 d:/altera/13.0sp1/nios2eds/bin/gnu/h-i686-mingw32/bin/../lib/gcc/nios2-elf/4.1.2/../../../../nios2-elf/lib\libc.a(lib_a-sbrkr.o)
 .comment       0x00000000       0x27 d:/altera/13.0sp1/nios2eds/bin/gnu/h-i686-mingw32/bin/../lib/gcc/nios2-elf/4.1.2/../../../../nios2-elf/lib\libc.a(lib_a-stdio.o)
 .comment       0x00000000       0x27 d:/altera/13.0sp1/nios2eds/bin/gnu/h-i686-mingw32/bin/../lib/gcc/nios2-elf/4.1.2/../../../../nios2-elf/lib\libc.a(lib_a-strcmp.o)
 .comment       0x00000000       0x27 d:/altera/13.0sp1/nios2eds/bin/gnu/h-i686-mingw32/bin/../lib/gcc/nios2-elf/4.1.2/../../../../nios2-elf/lib\libc.a(lib_a-writer.o)
 .comment       0x00000000       0x27 d:/altera/13.0sp1/nios2eds/bin/gnu/h-i686-mingw32/bin/../lib/gcc/nios2-elf/4.1.2/../../../../nios2-elf/lib\libc.a(lib_a-callocr.o)
 .comment       0x00000000       0x27 d:/altera/13.0sp1/nios2eds/bin/gnu/h-i686-mingw32/bin/../lib/gcc/nios2-elf/4.1.2/../../../../nios2-elf/lib\libc.a(lib_a-closer.o)
 .comment       0x00000000       0x27 d:/altera/13.0sp1/nios2eds/bin/gnu/h-i686-mingw32/bin/../lib/gcc/nios2-elf/4.1.2/../../../../nios2-elf/lib\libc.a(lib_a-fclose.o)
 .comment       0x00000000       0x27 d:/altera/13.0sp1/nios2eds/bin/gnu/h-i686-mingw32/bin/../lib/gcc/nios2-elf/4.1.2/../../../../nios2-elf/lib\libc.a(lib_a-fstatr.o)
 .comment       0x00000000       0x27 d:/altera/13.0sp1/nios2eds/bin/gnu/h-i686-mingw32/bin/../lib/gcc/nios2-elf/4.1.2/../../../../nios2-elf/lib\libc.a(lib_a-isattyr.o)
 .comment       0x00000000       0x27 d:/altera/13.0sp1/nios2eds/bin/gnu/h-i686-mingw32/bin/../lib/gcc/nios2-elf/4.1.2/../../../../nios2-elf/lib\libc.a(lib_a-lseekr.o)
 .comment       0x00000000       0x27 d:/altera/13.0sp1/nios2eds/bin/gnu/h-i686-mingw32/bin/../lib/gcc/nios2-elf/4.1.2/../../../../nios2-elf/lib\libc.a(lib_a-readr.o)
 .comment       0x00000000       0x27 d:/altera/13.0sp1/nios2eds/bin/gnu/h-i686-mingw32/bin/../lib/gcc/nios2-elf/4.1.2\libgcc.a(_udivdi3.o)
 .comment       0x00000000       0x27 d:/altera/13.0sp1/nios2eds/bin/gnu/h-i686-mingw32/bin/../lib/gcc/nios2-elf/4.1.2\libgcc.a(_umoddi3.o)
 .comment       0x00000000       0x27 d:/altera/13.0sp1/nios2eds/bin/gnu/h-i686-mingw32/bin/../lib/gcc/nios2-elf/4.1.2\libgcc.a(_addsub_df.o)
 .comment       0x00000000       0x27 d:/altera/13.0sp1/nios2eds/bin/gnu/h-i686-mingw32/bin/../lib/gcc/nios2-elf/4.1.2\libgcc.a(_mul_df.o)
 .comment       0x00000000       0x27 d:/altera/13.0sp1/nios2eds/bin/gnu/h-i686-mingw32/bin/../lib/gcc/nios2-elf/4.1.2\libgcc.a(_div_df.o)
 .comment       0x00000000       0x27 d:/altera/13.0sp1/nios2eds/bin/gnu/h-i686-mingw32/bin/../lib/gcc/nios2-elf/4.1.2\libgcc.a(_eq_df.o)
 .comment       0x00000000       0x27 d:/altera/13.0sp1/nios2eds/bin/gnu/h-i686-mingw32/bin/../lib/gcc/nios2-elf/4.1.2\libgcc.a(_ne_df.o)
 .comment       0x00000000       0x27 d:/altera/13.0sp1/nios2eds/bin/gnu/h-i686-mingw32/bin/../lib/gcc/nios2-elf/4.1.2\libgcc.a(_gt_df.o)
 .comment       0x00000000       0x27 d:/altera/13.0sp1/nios2eds/bin/gnu/h-i686-mingw32/bin/../lib/gcc/nios2-elf/4.1.2\libgcc.a(_ge_df.o)
 .comment       0x00000000       0x27 d:/altera/13.0sp1/nios2eds/bin/gnu/h-i686-mingw32/bin/../lib/gcc/nios2-elf/4.1.2\libgcc.a(_lt_df.o)
 .comment       0x00000000       0x27 d:/altera/13.0sp1/nios2eds/bin/gnu/h-i686-mingw32/bin/../lib/gcc/nios2-elf/4.1.2\libgcc.a(_si_to_df.o)
 .comment       0x00000000       0x27 d:/altera/13.0sp1/nios2eds/bin/gnu/h-i686-mingw32/bin/../lib/gcc/nios2-elf/4.1.2\libgcc.a(_df_to_si.o)
 .comment       0x00000000       0x27 d:/altera/13.0sp1/nios2eds/bin/gnu/h-i686-mingw32/bin/../lib/gcc/nios2-elf/4.1.2\libgcc.a(_thenan_df.o)
 .comment       0x00000000       0x27 d:/altera/13.0sp1/nios2eds/bin/gnu/h-i686-mingw32/bin/../lib/gcc/nios2-elf/4.1.2\libgcc.a(_usi_to_df.o)
 .comment       0x00000000       0x27 d:/altera/13.0sp1/nios2eds/bin/gnu/h-i686-mingw32/bin/../lib/gcc/nios2-elf/4.1.2\libgcc.a(lib2-divmod.o)
 .comment       0x00000000       0x27 d:/altera/13.0sp1/nios2eds/bin/gnu/h-i686-mingw32/bin/../lib/gcc/nios2-elf/4.1.2\libgcc.a(_muldi3.o)
 .comment       0x00000000       0x27 d:/altera/13.0sp1/nios2eds/bin/gnu/h-i686-mingw32/bin/../lib/gcc/nios2-elf/4.1.2\libgcc.a(_clz.o)
 .comment       0x00000000       0x27 d:/altera/13.0sp1/nios2eds/bin/gnu/h-i686-mingw32/bin/../lib/gcc/nios2-elf/4.1.2\libgcc.a(_clzsi2.o)
 .comment       0x00000000       0x27 d:/altera/13.0sp1/nios2eds/bin/gnu/h-i686-mingw32/bin/../lib/gcc/nios2-elf/4.1.2\libgcc.a(_pack_df.o)
 .comment       0x00000000       0x27 d:/altera/13.0sp1/nios2eds/bin/gnu/h-i686-mingw32/bin/../lib/gcc/nios2-elf/4.1.2\libgcc.a(_unpack_df.o)
 .comment       0x00000000       0x27 d:/altera/13.0sp1/nios2eds/bin/gnu/h-i686-mingw32/bin/../lib/gcc/nios2-elf/4.1.2\libgcc.a(_fpcmp_parts_df.o)
 .comment       0x00000000       0x27 ../sd_to_audio_bsp/\libhal_bsp.a(alt_close.o)
 .comment       0x00000000       0x27 ../sd_to_audio_bsp/\libhal_bsp.a(alt_dev.o)
 .comment       0x00000000       0x27 ../sd_to_audio_bsp/\libhal_bsp.a(alt_errno.o)
 .comment       0x00000000       0x27 ../sd_to_audio_bsp/\libhal_bsp.a(alt_fstat.o)
 .comment       0x00000000       0x27 ../sd_to_audio_bsp/\libhal_bsp.a(alt_gettod.o)
 .comment       0x00000000       0x27 ../sd_to_audio_bsp/\libhal_bsp.a(alt_isatty.o)
 .comment       0x00000000       0x27 ../sd_to_audio_bsp/\libhal_bsp.a(alt_load.o)
 .comment       0x00000000       0x27 ../sd_to_audio_bsp/\libhal_bsp.a(alt_lseek.o)
 .comment       0x00000000       0x27 ../sd_to_audio_bsp/\libhal_bsp.a(alt_main.o)
 .comment       0x00000000       0x27 ../sd_to_audio_bsp/\libhal_bsp.a(alt_malloc_lock.o)
 .comment       0x00000000       0x27 ../sd_to_audio_bsp/\libhal_bsp.a(alt_read.o)
 .comment       0x00000000       0x27 ../sd_to_audio_bsp/\libhal_bsp.a(alt_release_fd.o)
 .comment       0x00000000       0x27 ../sd_to_audio_bsp/\libhal_bsp.a(alt_sbrk.o)
 .comment       0x00000000       0x27 ../sd_to_audio_bsp/\libhal_bsp.a(alt_tick.o)
 .comment       0x00000000       0x27 ../sd_to_audio_bsp/\libhal_bsp.a(alt_write.o)
 .comment       0x00000000       0x27 ../sd_to_audio_bsp/\libhal_bsp.a(alt_sys_init.o)
 .comment       0x00000000       0x27 ../sd_to_audio_bsp/\libhal_bsp.a(Altera_UP_SD_Card_Avalon_Interface.o)
 .comment       0x00000000       0x27 ../sd_to_audio_bsp/\libhal_bsp.a(altera_avalon_jtag_uart_fd.o)
 .comment       0x00000000       0x27 ../sd_to_audio_bsp/\libhal_bsp.a(altera_avalon_jtag_uart_init.o)
 .comment       0x00000000       0x27 ../sd_to_audio_bsp/\libhal_bsp.a(altera_avalon_jtag_uart_ioctl.o)
 .comment       0x00000000       0x27 ../sd_to_audio_bsp/\libhal_bsp.a(altera_avalon_jtag_uart_read.o)
 .comment       0x00000000       0x27 ../sd_to_audio_bsp/\libhal_bsp.a(altera_avalon_jtag_uart_write.o)
 .comment       0x00000000       0x27 ../sd_to_audio_bsp/\libhal_bsp.a(altera_avalon_timer_sc.o)
 .comment       0x00000000       0x27 ../sd_to_audio_bsp/\libhal_bsp.a(altera_up_avalon_audio_and_video_config.o)
 .comment       0x00000000       0x27 ../sd_to_audio_bsp/\libhal_bsp.a(altera_up_avalon_character_lcd.o)
 .comment       0x00000000       0x27 ../sd_to_audio_bsp/\libhal_bsp.a(altera_up_avalon_rs232.o)
 .comment       0x00000000       0x27 ../sd_to_audio_bsp/\libhal_bsp.a(alt_alarm_start.o)
 .comment       0x00000000       0x27 ../sd_to_audio_bsp/\libhal_bsp.a(alt_dcache_flush_all.o)
 .comment       0x00000000       0x27 ../sd_to_audio_bsp/\libhal_bsp.a(alt_dev_llist_insert.o)
 .comment       0x00000000       0x27 ../sd_to_audio_bsp/\libhal_bsp.a(alt_do_ctors.o)
 .comment       0x00000000       0x27 ../sd_to_audio_bsp/\libhal_bsp.a(alt_do_dtors.o)
 .comment       0x00000000       0x27 ../sd_to_audio_bsp/\libhal_bsp.a(alt_find_dev.o)
 .comment       0x00000000       0x27 ../sd_to_audio_bsp/\libhal_bsp.a(alt_icache_flush_all.o)
 .comment       0x00000000       0x27 ../sd_to_audio_bsp/\libhal_bsp.a(alt_io_redirect.o)
 .comment       0x00000000       0x27 ../sd_to_audio_bsp/\libhal_bsp.a(alt_irq_register.o)
 .comment       0x00000000       0x27 ../sd_to_audio_bsp/\libhal_bsp.a(alt_irq_vars.o)
 .comment       0x00000000       0x27 ../sd_to_audio_bsp/\libhal_bsp.a(alt_open.o)
 .comment       0x00000000       0x27 ../sd_to_audio_bsp/\libhal_bsp.a(altera_nios2_qsys_irq.o)
 .comment       0x00000000       0x27 ../sd_to_audio_bsp/\libhal_bsp.a(alt_find_file.o)
 .comment       0x00000000       0x27 ../sd_to_audio_bsp/\libhal_bsp.a(alt_get_fd.o)
 .comment       0x00000000       0x27 ../sd_to_audio_bsp/\libhal_bsp.a(alt_icache_flush.o)
 .comment       0x00000000       0x27 ../sd_to_audio_bsp/\libhal_bsp.a(alt_irq_handler.o)
 .comment       0x00000000       0x27 d:/altera/13.0sp1/nios2eds/bin/gnu/h-i686-mingw32/bin/../lib/gcc/nios2-elf/4.1.2/../../../../nios2-elf/lib\libc.a(lib_a-atexit.o)
 .comment       0x00000000       0x27 d:/altera/13.0sp1/nios2eds/bin/gnu/h-i686-mingw32/bin/../lib/gcc/nios2-elf/4.1.2/../../../../nios2-elf/lib\libc.a(lib_a-exit.o)
 .comment       0x00000000       0x27 d:/altera/13.0sp1/nios2eds/bin/gnu/h-i686-mingw32/bin/../lib/gcc/nios2-elf/4.1.2/../../../../nios2-elf/lib\libc.a(lib_a-memcmp.o)
 .comment       0x00000000       0x27 d:/altera/13.0sp1/nios2eds/bin/gnu/h-i686-mingw32/bin/../lib/gcc/nios2-elf/4.1.2/../../../../nios2-elf/lib\libc.a(lib_a-__atexit.o)
 .comment       0x00000000       0x27 d:/altera/13.0sp1/nios2eds/bin/gnu/h-i686-mingw32/bin/../lib/gcc/nios2-elf/4.1.2/../../../../nios2-elf/lib\libc.a(lib_a-__call_atexit.o)
 .comment       0x00000000       0x27 ../sd_to_audio_bsp/\libhal_bsp.a(alt_exit.o)

.debug
 *(.debug)

.line
 *(.line)

.debug_srcinfo
 *(.debug_srcinfo)

.debug_sfnames
 *(.debug_sfnames)

.debug_aranges  0x00000000      0xd38
 *(.debug_aranges)
 .debug_aranges
                0x00000000       0x28 ../sd_to_audio_bsp//obj/HAL/src/crt0.o
 .debug_aranges
                0x00000028       0x20 obj/default/hello_world.o
 .debug_aranges
                0x00000048       0x20 d:/altera/13.0sp1/nios2eds/bin/gnu/h-i686-mingw32/bin/../lib/gcc/nios2-elf/4.1.2/../../../../nios2-elf/lib\libc.a(lib_a-printf.o)
 .debug_aranges
                0x00000068       0x20 d:/altera/13.0sp1/nios2eds/bin/gnu/h-i686-mingw32/bin/../lib/gcc/nios2-elf/4.1.2/../../../../nios2-elf/lib\libc.a(lib_a-puts.o)
 .debug_aranges
                0x00000088       0x20 d:/altera/13.0sp1/nios2eds/bin/gnu/h-i686-mingw32/bin/../lib/gcc/nios2-elf/4.1.2/../../../../nios2-elf/lib\libc.a(lib_a-strlen.o)
 .debug_aranges
                0x000000a8       0x20 d:/altera/13.0sp1/nios2eds/bin/gnu/h-i686-mingw32/bin/../lib/gcc/nios2-elf/4.1.2/../../../../nios2-elf/lib\libc.a(lib_a-time.o)
 .debug_aranges
                0x000000c8       0x20 d:/altera/13.0sp1/nios2eds/bin/gnu/h-i686-mingw32/bin/../lib/gcc/nios2-elf/4.1.2/../../../../nios2-elf/lib\libc.a(lib_a-vfprintf.o)
 .debug_aranges
                0x000000e8       0x20 d:/altera/13.0sp1/nios2eds/bin/gnu/h-i686-mingw32/bin/../lib/gcc/nios2-elf/4.1.2/../../../../nios2-elf/lib\libc.a(lib_a-wsetup.o)
 .debug_aranges
                0x00000108       0x20 d:/altera/13.0sp1/nios2eds/bin/gnu/h-i686-mingw32/bin/../lib/gcc/nios2-elf/4.1.2/../../../../nios2-elf/lib\libc.a(lib_a-dtoa.o)
 .debug_aranges
                0x00000128       0x20 d:/altera/13.0sp1/nios2eds/bin/gnu/h-i686-mingw32/bin/../lib/gcc/nios2-elf/4.1.2/../../../../nios2-elf/lib\libc.a(lib_a-fflush.o)
 .debug_aranges
                0x00000148       0x20 d:/altera/13.0sp1/nios2eds/bin/gnu/h-i686-mingw32/bin/../lib/gcc/nios2-elf/4.1.2/../../../../nios2-elf/lib\libc.a(lib_a-findfp.o)
 .debug_aranges
                0x00000168       0x20 d:/altera/13.0sp1/nios2eds/bin/gnu/h-i686-mingw32/bin/../lib/gcc/nios2-elf/4.1.2/../../../../nios2-elf/lib\libc.a(lib_a-freer.o)
 .debug_aranges
                0x00000188       0x20 d:/altera/13.0sp1/nios2eds/bin/gnu/h-i686-mingw32/bin/../lib/gcc/nios2-elf/4.1.2/../../../../nios2-elf/lib\libc.a(lib_a-fvwrite.o)
 .debug_aranges
                0x000001a8       0x20 d:/altera/13.0sp1/nios2eds/bin/gnu/h-i686-mingw32/bin/../lib/gcc/nios2-elf/4.1.2/../../../../nios2-elf/lib\libc.a(lib_a-fwalk.o)
 .debug_aranges
                0x000001c8       0x20 d:/altera/13.0sp1/nios2eds/bin/gnu/h-i686-mingw32/bin/../lib/gcc/nios2-elf/4.1.2/../../../../nios2-elf/lib\libc.a(lib_a-gettimeofdayr.o)
 .debug_aranges
                0x000001e8       0x20 d:/altera/13.0sp1/nios2eds/bin/gnu/h-i686-mingw32/bin/../lib/gcc/nios2-elf/4.1.2/../../../../nios2-elf/lib\libc.a(lib_a-locale.o)
 .debug_aranges
                0x00000208       0x20 d:/altera/13.0sp1/nios2eds/bin/gnu/h-i686-mingw32/bin/../lib/gcc/nios2-elf/4.1.2/../../../../nios2-elf/lib\libc.a(lib_a-makebuf.o)
 .debug_aranges
                0x00000228       0x20 d:/altera/13.0sp1/nios2eds/bin/gnu/h-i686-mingw32/bin/../lib/gcc/nios2-elf/4.1.2/../../../../nios2-elf/lib\libc.a(lib_a-mallocr.o)
 .debug_aranges
                0x00000248       0x20 d:/altera/13.0sp1/nios2eds/bin/gnu/h-i686-mingw32/bin/../lib/gcc/nios2-elf/4.1.2/../../../../nios2-elf/lib\libc.a(lib_a-memchr.o)
 .debug_aranges
                0x00000268       0x20 d:/altera/13.0sp1/nios2eds/bin/gnu/h-i686-mingw32/bin/../lib/gcc/nios2-elf/4.1.2/../../../../nios2-elf/lib\libc.a(lib_a-memcpy.o)
 .debug_aranges
                0x00000288       0x20 d:/altera/13.0sp1/nios2eds/bin/gnu/h-i686-mingw32/bin/../lib/gcc/nios2-elf/4.1.2/../../../../nios2-elf/lib\libc.a(lib_a-memmove.o)
 .debug_aranges
                0x000002a8       0x20 d:/altera/13.0sp1/nios2eds/bin/gnu/h-i686-mingw32/bin/../lib/gcc/nios2-elf/4.1.2/../../../../nios2-elf/lib\libc.a(lib_a-memset.o)
 .debug_aranges
                0x000002c8       0x20 d:/altera/13.0sp1/nios2eds/bin/gnu/h-i686-mingw32/bin/../lib/gcc/nios2-elf/4.1.2/../../../../nios2-elf/lib\libc.a(lib_a-mprec.o)
 .debug_aranges
                0x000002e8       0x20 d:/altera/13.0sp1/nios2eds/bin/gnu/h-i686-mingw32/bin/../lib/gcc/nios2-elf/4.1.2/../../../../nios2-elf/lib\libc.a(lib_a-reallocr.o)
 .debug_aranges
                0x00000308       0x20 d:/altera/13.0sp1/nios2eds/bin/gnu/h-i686-mingw32/bin/../lib/gcc/nios2-elf/4.1.2/../../../../nios2-elf/lib\libc.a(lib_a-s_isinfd.o)
 .debug_aranges
                0x00000328       0x20 d:/altera/13.0sp1/nios2eds/bin/gnu/h-i686-mingw32/bin/../lib/gcc/nios2-elf/4.1.2/../../../../nios2-elf/lib\libc.a(lib_a-s_isnand.o)
 .debug_aranges
                0x00000348       0x20 d:/altera/13.0sp1/nios2eds/bin/gnu/h-i686-mingw32/bin/../lib/gcc/nios2-elf/4.1.2/../../../../nios2-elf/lib\libc.a(lib_a-sbrkr.o)
 .debug_aranges
                0x00000368       0x20 d:/altera/13.0sp1/nios2eds/bin/gnu/h-i686-mingw32/bin/../lib/gcc/nios2-elf/4.1.2/../../../../nios2-elf/lib\libc.a(lib_a-stdio.o)
 .debug_aranges
                0x00000388       0x20 d:/altera/13.0sp1/nios2eds/bin/gnu/h-i686-mingw32/bin/../lib/gcc/nios2-elf/4.1.2/../../../../nios2-elf/lib\libc.a(lib_a-strcmp.o)
 .debug_aranges
                0x000003a8       0x20 d:/altera/13.0sp1/nios2eds/bin/gnu/h-i686-mingw32/bin/../lib/gcc/nios2-elf/4.1.2/../../../../nios2-elf/lib\libc.a(lib_a-writer.o)
 .debug_aranges
                0x000003c8       0x20 d:/altera/13.0sp1/nios2eds/bin/gnu/h-i686-mingw32/bin/../lib/gcc/nios2-elf/4.1.2/../../../../nios2-elf/lib\libc.a(lib_a-callocr.o)
 .debug_aranges
                0x000003e8       0x20 d:/altera/13.0sp1/nios2eds/bin/gnu/h-i686-mingw32/bin/../lib/gcc/nios2-elf/4.1.2/../../../../nios2-elf/lib\libc.a(lib_a-closer.o)
 .debug_aranges
                0x00000408       0x20 d:/altera/13.0sp1/nios2eds/bin/gnu/h-i686-mingw32/bin/../lib/gcc/nios2-elf/4.1.2/../../../../nios2-elf/lib\libc.a(lib_a-fclose.o)
 .debug_aranges
                0x00000428       0x20 d:/altera/13.0sp1/nios2eds/bin/gnu/h-i686-mingw32/bin/../lib/gcc/nios2-elf/4.1.2/../../../../nios2-elf/lib\libc.a(lib_a-fstatr.o)
 .debug_aranges