Archive member included because of file (symbol)

c:/altera/13.0sp1/nios2eds/bin/gnu/h-i686-mingw32/bin/../lib/gcc/nios2-elf/4.1.2/../../../../nios2-elf/lib\libc.a(lib_a-impure.o)
                              obj/default/hello_world.o (_impure_ptr)
c:/altera/13.0sp1/nios2eds/bin/gnu/h-i686-mingw32/bin/../lib/gcc/nios2-elf/4.1.2/../../../../nios2-elf/lib\libc.a(lib_a-printf.o)
                              obj/default/hello_world.o (printf)
c:/altera/13.0sp1/nios2eds/bin/gnu/h-i686-mingw32/bin/../lib/gcc/nios2-elf/4.1.2/../../../../nios2-elf/lib\libc.a(lib_a-putc.o)
                              obj/default/hello_world.o (putc)
c:/altera/13.0sp1/nios2eds/bin/gnu/h-i686-mingw32/bin/../lib/gcc/nios2-elf/4.1.2/../../../../nios2-elf/lib\libc.a(lib_a-strsep.o)
                              obj/default/hello_world.o (strsep)
c:/altera/13.0sp1/nios2eds/bin/gnu/h-i686-mingw32/bin/../lib/gcc/nios2-elf/4.1.2/../../../../nios2-elf/lib\libc.a(lib_a-strtok_r.o)
                              c:/altera/13.0sp1/nios2eds/bin/gnu/h-i686-mingw32/bin/../lib/gcc/nios2-elf/4.1.2/../../../../nios2-elf/lib\libc.a(lib_a-strsep.o) (__strtok_r)
c:/altera/13.0sp1/nios2eds/bin/gnu/h-i686-mingw32/bin/../lib/gcc/nios2-elf/4.1.2/../../../../nios2-elf/lib\libc.a(lib_a-vfprintf.o)
                              c:/altera/13.0sp1/nios2eds/bin/gnu/h-i686-mingw32/bin/../lib/gcc/nios2-elf/4.1.2/../../../../nios2-elf/lib\libc.a(lib_a-printf.o) (___vfprintf_internal_r)
c:/altera/13.0sp1/nios2eds/bin/gnu/h-i686-mingw32/bin/../lib/gcc/nios2-elf/4.1.2/../../../../nios2-elf/lib\libc.a(lib_a-wbuf.o)
                              c:/altera/13.0sp1/nios2eds/bin/gnu/h-i686-mingw32/bin/../lib/gcc/nios2-elf/4.1.2/../../../../nios2-elf/lib\libc.a(lib_a-putc.o) (__swbuf_r)
c:/altera/13.0sp1/nios2eds/bin/gnu/h-i686-mingw32/bin/../lib/gcc/nios2-elf/4.1.2/../../../../nios2-elf/lib\libc.a(lib_a-wsetup.o)
                              c:/altera/13.0sp1/nios2eds/bin/gnu/h-i686-mingw32/bin/../lib/gcc/nios2-elf/4.1.2/../../../../nios2-elf/lib\libc.a(lib_a-vfprintf.o) (__swsetup_r)
c:/altera/13.0sp1/nios2eds/bin/gnu/h-i686-mingw32/bin/../lib/gcc/nios2-elf/4.1.2/../../../../nios2-elf/lib\libc.a(lib_a-dtoa.o)
                              c:/altera/13.0sp1/nios2eds/bin/gnu/h-i686-mingw32/bin/../lib/gcc/nios2-elf/4.1.2/../../../../nios2-elf/lib\libc.a(lib_a-vfprintf.o) (_dtoa_r)
c:/altera/13.0sp1/nios2eds/bin/gnu/h-i686-mingw32/bin/../lib/gcc/nios2-elf/4.1.2/../../../../nios2-elf/lib\libc.a(lib_a-fflush.o)
                              c:/altera/13.0sp1/nios2eds/bin/gnu/h-i686-mingw32/bin/../lib/gcc/nios2-elf/4.1.2/../../../../nios2-elf/lib\libc.a(lib_a-vfprintf.o) (_fflush_r)
c:/altera/13.0sp1/nios2eds/bin/gnu/h-i686-mingw32/bin/../lib/gcc/nios2-elf/4.1.2/../../../../nios2-elf/lib\libc.a(lib_a-findfp.o)
                              c:/altera/13.0sp1/nios2eds/bin/gnu/h-i686-mingw32/bin/../lib/gcc/nios2-elf/4.1.2/../../../../nios2-elf/lib\libc.a(lib_a-putc.o) (__sinit)
c:/altera/13.0sp1/nios2eds/bin/gnu/h-i686-mingw32/bin/../lib/gcc/nios2-elf/4.1.2/../../../../nios2-elf/lib\libc.a(lib_a-freer.o)
                              c:/altera/13.0sp1/nios2eds/bin/gnu/h-i686-mingw32/bin/../lib/gcc/nios2-elf/4.1.2/../../../../nios2-elf/lib\libc.a(lib_a-wsetup.o) (_free_r)
c:/altera/13.0sp1/nios2eds/bin/gnu/h-i686-mingw32/bin/../lib/gcc/nios2-elf/4.1.2/../../../../nios2-elf/lib\libc.a(lib_a-fvwrite.o)
                              c:/altera/13.0sp1/nios2eds/bin/gnu/h-i686-mingw32/bin/../lib/gcc/nios2-elf/4.1.2/../../../../nios2-elf/lib\libc.a(lib_a-vfprintf.o) (__sfvwrite_r)
c:/altera/13.0sp1/nios2eds/bin/gnu/h-i686-mingw32/bin/../lib/gcc/nios2-elf/4.1.2/../../../../nios2-elf/lib\libc.a(lib_a-fwalk.o)
                              c:/altera/13.0sp1/nios2eds/bin/gnu/h-i686-mingw32/bin/../lib/gcc/nios2-elf/4.1.2/../../../../nios2-elf/lib\libc.a(lib_a-fflush.o) (_fwalk_reent)
c:/altera/13.0sp1/nios2eds/bin/gnu/h-i686-mingw32/bin/../lib/gcc/nios2-elf/4.1.2/../../../../nios2-elf/lib\libc.a(lib_a-locale.o)
                              c:/altera/13.0sp1/nios2eds/bin/gnu/h-i686-mingw32/bin/../lib/gcc/nios2-elf/4.1.2/../../../../nios2-elf/lib\libc.a(lib_a-vfprintf.o) (_localeconv_r)
c:/altera/13.0sp1/nios2eds/bin/gnu/h-i686-mingw32/bin/../lib/gcc/nios2-elf/4.1.2/../../../../nios2-elf/lib\libc.a(lib_a-makebuf.o)
                              c:/altera/13.0sp1/nios2eds/bin/gnu/h-i686-mingw32/bin/../lib/gcc/nios2-elf/4.1.2/../../../../nios2-elf/lib\libc.a(lib_a-wsetup.o) (__smakebuf_r)
c:/altera/13.0sp1/nios2eds/bin/gnu/h-i686-mingw32/bin/../lib/gcc/nios2-elf/4.1.2/../../../../nios2-elf/lib\libc.a(lib_a-mallocr.o)
                              c:/altera/13.0sp1/nios2eds/bin/gnu/h-i686-mingw32/bin/../lib/gcc/nios2-elf/4.1.2/../../../../nios2-elf/lib\libc.a(lib_a-findfp.o) (_malloc_r)
c:/altera/13.0sp1/nios2eds/bin/gnu/h-i686-mingw32/bin/../lib/gcc/nios2-elf/4.1.2/../../../../nios2-elf/lib\libc.a(lib_a-memchr.o)
[...]
Memory Configuration

Name             Origin             Length             Attributes
onchip_memory2_0 0x00000000         0x00001000
reset            0x01000000         0x00000020
new_sdram_controller_0 0x01000020         0x007fffe0
*default*        0x00000000         0xffffffff

Linker script and memory map

LOAD ../..//obj/HAL/src/crt0.o
LOAD obj/default/hello_world.o
LOAD c:/altera/13.0sp1/nios2eds/bin/gnu/h-i686-mingw32/bin/../lib/gcc/nios2-elf/4.1.2/../../../../nios2-elf/lib\libstdc++.a
LOAD c:/altera/13.0sp1/nios2eds/bin/gnu/h-i686-mingw32/bin/../lib/gcc/nios2-elf/4.1.2/../../../../nios2-elf/lib\libm.a
LOAD c:/altera/13.0sp1/nios2eds/bin/gnu/h-i686-mingw32/bin/../lib/gcc/nios2-elf/4.1.2\libgcc.a
START GROUP
LOAD c:/altera/13.0sp1/nios2eds/bin/gnu/h-i686-mingw32/bin/../lib/gcc/nios2-elf/4.1.2/../../../../nios2-elf/lib\libc.a
LOAD c:/altera/13.0sp1/nios2eds/bin/gnu/h-i686-mingw32/bin/../lib/gcc/nios2-elf/4.1.2\libgcc.a
LOAD ../../\libhal_bsp.a
END GROUP
LOAD c:/altera/13.0sp1/nios2eds/bin/gnu/h-i686-mingw32/bin/../lib/gcc/nios2-elf/4.1.2\libgcc.a
                0x00000000                __alt_mem_onchip_memory2_0 = 0x0
                0x01000000                __alt_mem_new_sdram_controller_0 = 0x1000000

.entry          0x01000000       0x20
 *(.entry)
 .entry         0x01000000       0x20 ../..//obj/HAL/src/crt0.o
                0x01000000                __reset

.exceptions     0x01000020      0x198
                0x01000020                PROVIDE (__ram_exceptions_start, ABSOLUTE (.))
                0x01000020                . = ALIGN (0x20)
 *(.irq)
 *(.exceptions.entry.label)
 .exceptions.entry.label
                0x01000020        0x0 ../../\libhal_bsp.a(alt_irq_entry.o)
                0x01000020                alt_irq_entry
 .exceptions.entry.label
                0x01000020        0x0 ../../\libhal_bsp.a(alt_exception_entry.o)
                0x01000020                alt_exception
 *(.exceptions.entry.user)
 *(.exceptions.entry)
 .exceptions.entry
                0x01000020       0x54 ../../\libhal_bsp.a(alt_exception_entry.o)
 *(.exceptions.irqtest.user)
 *(.exceptions.irqtest)
 .exceptions.irqtest
                0x01000074       0x10 ../../\libhal_bsp.a(alt_irq_entry.o)
 *(.exceptions.irqhandler.user)
 *(.exceptions.irqhandler)
 .exceptions.irqhandler
                0x01000084        0x4 ../../\libhal_bsp.a(alt_irq_entry.o)
 *(.exceptions.irqreturn.user)
 *(.exceptions.irqreturn)
 .exceptions.irqreturn
                0x01000088        0x4 ../../\libhal_bsp.a(alt_irq_entry.o)
 *(.exceptions.notirq.label)
 .exceptions.notirq.label
                0x0100008c        0x0 ../../\libhal_bsp.a(alt_irq_entry.o)
 *(.exceptions.notirq.user)
 *(.exceptions.notirq)
 .exceptions.notirq
                0x0100008c        0x8 ../../\libhal_bsp.a(alt_exception_entry.o)
 *(.exceptions.soft.user)
 *(.exceptions.soft)
 *(.exceptions.unknown.user)
 *(.exceptions.unknown)
 .exceptions.unknown
                0x01000094        0x4 ../../\libhal_bsp.a(alt_exception_entry.o)
 *(.exceptions.exit.label)
 .exceptions.exit.label
                0x01000098        0x0 ../../\libhal_bsp.a(alt_irq_entry.o)
 .exceptions.exit.label
                0x01000098        0x0 ../../\libhal_bsp.a(alt_exception_entry.o)
 *(.exceptions.exit.user)
 *(.exceptions.exit)
 .exceptions.exit
                0x01000098       0x54 ../../\libhal_bsp.a(alt_exception_entry.o)
 *(.exceptions)
 .exceptions    0x010000ec       0xcc ../../\libhal_bsp.a(alt_irq_handler.o)
                0x010000ec                alt_irq_handler
                0x010001b8                PROVIDE (__ram_exceptions_end, ABSOLUTE (.))
                0x01000020                PROVIDE (__flash_exceptions_start, LOADADDR (.exceptions))

.text           0x010001b8     0xd258
                0x010001b8                PROVIDE (stext, ABSOLUTE (.))
 *(.interp)
 *(.hash)
 *(.dynsym)
 *(.dynstr)
 *(.gnu.version)
 *(.gnu.version_d)
 *(.gnu.version_r)
 *(.rel.init)
 *(.rela.init)
 *(.rel.text .rel.text.* .rel.gnu.linkonce.t.*)
 *(.rela.text .rela.text.* .rela.gnu.linkonce.t.*)
 *(.rel.fini)
 *(.rela.fini)
 *(.rel.rodata .rel.rodata.* .rel.gnu.linkonce.r.*)
 *(.rela.rodata .rela.rodata.* .rela.gnu.linkonce.r.*)
 *(.rel.data .rel.data.* .rel.gnu.linkonce.d.*)
 *(.rela.data .rela.data.* .rela.gnu.linkonce.d.*)
 *(.rel.tdata .rel.tdata.* .rel.gnu.linkonce.td.*)
 *(.rela.tdata .rela.tdata.* .rela.gnu.linkonce.td.*)
 *(.rel.tbss .rel.tbss.* .rel.gnu.linkonce.tb.*)
 *(.rela.tbss .rela.tbss.* .rela.gnu.linkonce.tb.*)
 *(.rel.ctors)
 *(.rela.ctors)
 *(.rel.dtors)
 *(.rela.dtors)
 *(.rel.got)
 *(.rela.got)
 *(.rel.sdata .rel.sdata.* .rel.gnu.linkonce.s.*)
 *(.rela.sdata .rela.sdata.* .rela.gnu.linkonce.s.*)
 *(.rel.sbss .rel.sbss.* .rel.gnu.linkonce.sb.*)
 *(.rela.sbss .rela.sbss.* .rela.gnu.linkonce.sb.*)
 *(.rel.sdata2 .rel.sdata2.* .rel.gnu.linkonce.s2.*)
 *(.rela.sdata2 .rela.sdata2.* .rela.gnu.linkonce.s2.*)
 *(.rel.sbss2 .rel.sbss2.* .rel.gnu.linkonce.sb2.*)
 *(.rela.sbss2 .rela.sbss2.* .rela.gnu.linkonce.sb2.*)
 *(.rel.bss .rel.bss.* .rel.gnu.linkonce.b.*)
 *(.rela.bss .rela.bss.* .rela.gnu.linkonce.b.*)
 *(.rel.plt)
 *(.rela.plt)
 *(.rel.dyn)
 *(.init)
 *(.plt)
 *(.text .stub .text.* .gnu.linkonce.t.*)
 .text          0x010001b8       0x4c ../..//obj/HAL/src/crt0.o
                0x010001b8                _start
 .text          0x01000204      0x524 obj/default/hello_world.o
                0x01000204                main
                0x01000230                write_BlueToothTOGPS
                0x010002a0                Init_BlueTooth
                0x010002dc                putcharBlueTooth
                0x0100031c                getcharBlueTooth
                0x01000354                Init_GPS
                0x01000390                putcharGPS
                0x010003d0                getcharGPS
                0x01000408                GPSTestForReceivedData
                0x01000450                Init_RS232
                0x0100048c                putcharRS232
                0x010004d8                getcharRS232
                0x0100051c                RS232TestForReceivedData
                0x01000564                presentGPS
                0x01000694                findGPRMC
 .text          0x01000728        0x0 c:/altera/13.0sp1/nios2eds/bin/gnu/h-i686-mingw32/bin/../lib/gcc/nios2-elf/4.1.2/../../../../nios2-elf/lib\libc.a(lib_a-impure.o)
 .text          0x01000728       0x78 c:/altera/13.0sp1/nios2eds/bin/gnu/h-i686-mingw32/bin/../lib/gcc/nios2-elf/4.1.2/../../../../nios2-elf/lib\libc.a(lib_a-printf.o)
                0x01000728                printf
                0x0100076c                _printf_r
 .text          0x010007a0      0x1ec c:/altera/13.0sp1/nios2eds/bin/gnu/h-i686-mingw32/bin/../lib/gcc/nios2-elf/4.1.2/../../../../nios2-elf/lib\libc.a(lib_a-putc.o)
                0x010007a0                putc
                0x010008a4                _putc_r
 .text          0x0100098c       0x10 c:/altera/13.0sp1/nios2eds/bin/gnu/h-i686-mingw32/bin/../lib/gcc/nios2-elf/4.1.2/../../../../nios2-elf/lib\libc.a(lib_a-strsep.o)
                0x0100098c                strsep
 .text          0x0100099c       0xac c:/altera/13.0sp1/nios2eds/bin/gnu/h-i686-mingw32/bin/../lib/gcc/nios2-elf/4.1.2/../../../../nios2-elf/lib\libc.a(lib_a-strtok_r.o)
                0x0100099c                __strtok_r
                0x01000a40                strtok_r
 .text          0x01000a48     0x1f28 c:/altera/13.0sp1/nios2eds/bin/gnu/h-i686-mingw32/bin/../lib/gcc/nios2-elf/4.1.2/../../../../nios2-elf/lib\libc.a(lib_a-vfprintf.o)
                0x01000aa0                ___vfprintf_internal_r
                0x0100294c                __vfprintf_internal
 .text          0x01002970      0x14c c:/altera/13.0sp1/nios2eds/bin/gnu/h-i686-mingw32/bin/../lib/gcc/nios2-elf/4.1.2/../../../../nios2-elf/lib\libc.a(lib_a-wbuf.o)
                0x01002970                __swbuf_r
                0x01002aa0                __swbuf
 .text          0x01002abc      0x13c c:/altera/13.0sp1/nios2eds/bin/gnu/h-i686-mingw32/bin/../lib/gcc/nios2-elf/4.1.2/../../../../nios2-elf/lib\libc.a(lib_a-wsetup.o)
                0x01002abc                __swsetup_r
 .text          0x01002bf8     0x17cc c:/altera/13.0sp1/nios2eds/bin/gnu/h-i686-mingw32/bin/../lib/gcc/nios2-elf/4.1.2/../../../../nios2-elf/lib\libc.a(lib_a-dtoa.o)
                0x01002e10                _dtoa_r
 .text          0x010043c4      0x230 c:/altera/13.0sp1/nios2eds/bin/gnu/h-i686-mingw32/bin/../lib/gcc/nios2-elf/4.1.2/../../../../nios2-elf/lib\libc.a(lib_a-fflush.o)
                0x010043c4                _fflush_r
                0x010045c0                fflush
 .text          0x010045f4      0x2c0 c:/altera/13.0sp1/nios2eds/bin/gnu/h-i686-mingw32/bin/../lib/gcc/nios2-elf/4.1.2/../../../../nios2-elf/lib\libc.a(lib_a-findfp.o)
                0x0100464c                __sfp_lock_acquire
                0x01004650                __sfp_lock_release
                0x01004654                __sinit_lock_acquire
                0x01004658                __sinit_lock_release
                0x0100465c                __sinit
                0x01004710                __fp_unlock_all
                0x01004728                __fp_lock_all
                0x01004740                _cleanup_r
                0x0100474c                _cleanup
                0x0100475c                __sfmoreglue
                0x010047c4                __sfp
 .text          0x010048b4      0x440 c:/altera/13.0sp1/nios2eds/bin/gnu/h-i686-mingw32/bin/../lib/gcc/nios2-elf/4.1.2/../../../../nios2-elf/lib\libc.a(lib_a-freer.o)
                0x010048b4                _malloc_trim_r
                0x010049e0                _free_r
 .text          0x01004cf4      0x49c c:/altera/13.0sp1/nios2eds/bin/gnu/h-i686-mingw32/bin/../lib/gcc/nios2-elf/4.1.2/../../../../nios2-elf/lib\libc.a(lib_a-fvwrite.o)
                0x01004cf4                __sfvwrite_r
 .text          0x01005190      0x180 c:/altera/13.0sp1/nios2eds/bin/gnu/h-i686-mingw32/bin/../lib/gcc/nios2-elf/4.1.2/../../../../nios2-elf/lib\libc.a(lib_a-fwalk.o)
                0x01005190                _fwalk_reent
                0x01005258                _fwalk
 .text          0x01005310       0xc4 c:/altera/13.0sp1/nios2eds/bin/gnu/h-i686-mingw32/bin/../lib/gcc/nios2-elf/4.1.2/../../../../nios2-elf/lib\libc.a(lib_a-locale.o)
                0x01005310                __locale_charset
                0x01005318                _localeconv_r
                0x01005324                localeconv
                0x01005334                _setlocale_r
                0x010053b8                setlocale
 .text          0x010053d4      0x194 c:/altera/13.0sp1/nios2eds/bin/gnu/h-i686-mingw32/bin/../lib/gcc/nios2-elf/4.1.2/../../../../nios2-elf/lib\libc.a(lib_a-makebuf.o)
                0x010053d4                __smakebuf_r
 .text          0x01005568      0x740 c:/altera/13.0sp1/nios2eds/bin/gnu/h-i686-mingw32/bin/../lib/gcc/nios2-elf/4.1.2/../../../../nios2-elf/lib\libc.a(lib_a-mallocr.o)
                0x01005568                _malloc_r
 .text          0x01005ca8       0xe4 c:/altera/13.0sp1/nios2eds/bin/gnu/h-i686-mingw32/bin/../lib/gcc/nios2-elf/4.1.2/../../../../nios2-elf/lib\libc.a(lib_a-memchr.o)
                0x01005ca8                memchr
 .text          0x01005d8c       0xa0 c:/altera/13.0sp1/nios2eds/bin/gnu/h-i686-mingw32/bin/../lib/gcc/nios2-elf/4.1.2/../../../../nios2-elf/lib\libc.a(lib_a-memcpy.o)
                0x01005d8c                memcpy
 .text          0x01005e2c       0xe0 c:/altera/13.0sp1/nios2eds/bin/gnu/h-i686-mingw32/bin/../lib/gcc/nios2-elf/4.1.2/../../../../nios2-elf/lib\libc.a(lib_a-memmove.o)
                0x01005e2c                memmove
 .text          0x01005f0c       0x98 c:/altera/13.0sp1/nios2eds/bin/gnu/h-i686-mingw32/bin/../lib/gcc/nios2-elf/4.1.2/../../../../nios2-elf/lib\libc.a(lib_a-memset.o)
                0x01005f0c                memset
 .text          0x01005fa4      0xff4 c:/altera/13.0sp1/nios2eds/bin/gnu/h-i686-mingw32/bin/../lib/gcc/nios2-elf/4.1.2/../../../../nios2-elf/lib\libc.a(lib_a-mprec.o)
                0x01005fa4                _Bfree
                0x01005fcc                __hi0bits
                0x0100603c                __lo0bits
                0x01006100                __mcmp
                0x01006160                __ulp
                0x010061e0                __b2d
                0x01006300                __ratio
                0x010063b0                _mprec_log10
                0x01006444                __copybits
                0x0100649c                __any_on
                0x01006524                _Balloc
                0x010065e0                __d2b
                0x0100675c                __mdiff
                0x010068e8                __lshift
                0x01006a34                __multiply
                0x01006c1c                __i2b
                0x01006c58                __multadd
                0x01006d58                __pow5mult
                0x01006e78                __s2b
 .text          0x01006f98      0x5f4 c:/altera/13.0sp1/nios2eds/bin/gnu/h-i686-mingw32/bin/../lib/gcc/nios2-elf/4.1.2/../../../../nios2-elf/lib\libc.a(lib_a-reallocr.o)
                0x01006f98                _realloc_r
 .text          0x0100758c       0x40 c:/altera/13.0sp1/nios2eds/bin/gnu/h-i686-mingw32/bin/../lib/gcc/nios2-elf/4.1.2/../../../../nios2-elf/lib\libc.a(lib_a-s_isinfd.o)
                0x0100758c                __isinfd
 .text          0x010075cc       0x30 c:/altera/13.0sp1/nios2eds/bin/gnu/h-i686-mingw32/bin/../lib/gcc/nios2-elf/4.1.2/../../../../nios2-elf/lib\libc.a(lib_a-s_isnand.o)
                0x010075cc                __isnand
 .text          0x010075fc       0x70 c:/altera/13.0sp1/nios2eds/bin/gnu/h-i686-mingw32/bin/../lib/gcc/nios2-elf/4.1.2/../../../../nios2-elf/lib\libc.a(lib_a-sbrkr.o)
                0x010075fc                _sbrk_r
 .text          0x0100766c      0x14c c:/altera/13.0sp1/nios2eds/bin/gnu/h-i686-mingw32/bin/../lib/gcc/nios2-elf/4.1.2/../../../../nios2-elf/lib\libc.a(lib_a-stdio.o)
                0x0100766c                __sclose
                0x01007674                __sseek
                0x010076dc                __swrite
                0x01007758                __sread
 .text          0x010077b8       0xbc c:/altera/13.0sp1/nios2eds/bin/gnu/h-i686-mingw32/bin/../lib/gcc/nios2-elf/4.1.2/../../../../nios2-elf/lib\libc.a(lib_a-strcmp.o)
                0x010077b8                strcmp
 .text          0x01007874       0x74 c:/altera/13.0sp1/nios2eds/bin/gnu/h-i686-mingw32/bin/../lib/gcc/nios2-elf/4.1.2/../../../../nios2-elf/lib\libc.a(lib_a-strlen.o)
                0x01007874                strlen
 .text          0x010078e8       0x78 c:/altera/13.0sp1/nios2eds/bin/gnu/h-i686-mingw32/bin/../lib/gcc/nios2-elf/4.1.2/../../../../nios2-elf/lib\libc.a(lib_a-writer.o)
                0x010078e8                _write_r
 .text          0x01007960       0xb4 c:/altera/13.0sp1/nios2eds/bin/gnu/h-i686-mingw32/bin/../lib/gcc/nios2-elf/4.1.2/../../../../nios2-elf/lib\libc.a(lib_a-callocr.o)
                0x01007960                _calloc_r
 .text          0x01007a14       0x70 c:/altera/13.0sp1/nios2eds/bin/gnu/h-i686-mingw32/bin/../lib/gcc/nios2-elf/4.1.2/../../../../nios2-elf/lib\libc.a(lib_a-closer.o)
                0x01007a14                _close_r
 .text          0x01007a84      0x124 c:/altera/13.0sp1/nios2eds/bin/gnu/h-i686-mingw32/bin/../lib/gcc/nios2-elf/4.1.2/../../../../nios2-elf/lib\libc.a(lib_a-fclose.o)
                0x01007a84                _fclose_r
                0x01007b94                fclose
 .text          0x01007ba8       0x74 c:/altera/13.0sp1/nios2eds/bin/gnu/h-i686-mingw32/bin/../lib/gcc/nios2-elf/4.1.2/../../../../nios2-elf/lib\libc.a(lib_a-fstatr.o)
                0x01007ba8                _fstat_r
 .text          0x01007c1c        0x0 c:/altera/13.0sp1/nios2eds/bin/gnu/h-i686-mingw32/bin/../lib/gcc/nios2-elf/4.1.2/../../../../nios2-elf/lib\libc.a(lib_a-int_errno.o)
 .text          0x01007c1c       0x70 c:/altera/13.0sp1/nios2eds/bin/gnu/h-i686-mingw32/bin/../lib/gcc/nios2-elf/4.1.2/../../../../nios2-elf/lib\libc.a(lib_a-isattyr.o)
                0x01007c1c                _isatty_r
 .text          0x01007c8c       0x78 c:/altera/13.0sp1/nios2eds/bin/gnu/h-i686-mingw32/bin/../lib/gcc/nios2-elf/4.1.2/../../../../nios2-elf/lib\libc.a(lib_a-lseekr.o)
                0x01007c8c                _lseek_r
 .text          0x01007d04       0x78 c:/altera/13.0sp1/nios2eds/bin/gnu/h-i686-mingw32/bin/../lib/gcc/nios2-elf/4.1.2/../../../../nios2-elf/lib\libc.a(lib_a-readr.o)
                0x01007d04                _read_r
 .text          0x01007d7c      0x5dc c:/altera/13.0sp1/nios2eds/bin/gnu/h-i686-mingw32/bin/../lib/gcc/nios2-elf/4.1.2\libgcc.a(_udivdi3.o)
                0x01007d7c                __udivdi3
 .text          0x01008358      0x5b0 c:/altera/13.0sp1/nios2eds/bin/gnu/h-i686-mingw32/bin/../lib/gcc/nios2-elf/4.1.2\libgcc.a(_umoddi3.o)
                0x01008358                __umoddi3
 .text          0x01008908      0x504 c:/altera/13.0sp1/nios2eds/bin/gnu/h-i686-mingw32/bin/../lib/gcc/nios2-elf/4.1.2\libgcc.a(_addsub_df.o)
                0x01008d18                __subdf3
                0x01008d98                __adddf3
 .text          0x01008e0c      0x3c4 c:/altera/13.0sp1/nios2eds/bin/gnu/h-i686-mingw32/bin/../lib/gcc/nios2-elf/4.1.2\libgcc.a(_mul_df.o)
                0x01008e0c                __muldf3
 .text          0x010091d0      0x258 c:/altera/13.0sp1/nios2eds/bin/gnu/h-i686-mingw32/bin/../lib/gcc/nios2-elf/4.1.2\libgcc.a(_div_df.o)
                0x010091d0                __divdf3
 .text          0x01009428       0x88 c:/altera/13.0sp1/nios2eds/bin/gnu/h-i686-mingw32/bin/../lib/gcc/nios2-elf/4.1.2\libgcc.a(_eq_df.o)
                0x01009428                __eqdf2
 .text          0x010094b0       0x88 c:/altera/13.0sp1/nios2eds/bin/gnu/h-i686-mingw32/bin/../lib/gcc/nios2-elf/4.1.2\libgcc.a(_ne_df.o)
                0x010094b0                __nedf2
 .text          0x01009538       0x88 c:/altera/13.0sp1/nios2eds/bin/gnu/h-i686-mingw32/bin/../lib/gcc/nios2-elf/4.1.2\libgcc.a(_gt_df.o)
                0x01009538                __gtdf2
 .text          0x010095c0       0x88 c:/altera/13.0sp1/nios2eds/bin/gnu/h-i686-mingw32/bin/../lib/gcc/nios2-elf/4.1.2\libgcc.a(_ge_df.o)
                0x010095c0                __gedf2
 .text          0x01009648       0x88 c:/altera/13.0sp1/nios2eds/bin/gnu/h-i686-mingw32/bin/../lib/gcc/nios2-elf/4.1.2\libgcc.a(_lt_df.o)
                0x01009648                __ltdf2
 .text          0x010096d0       0xf8 c:/altera/13.0sp1/nios2eds/bin/gnu/h-i686-mingw32/bin/../lib/gcc/nios2-elf/4.1.2\libgcc.a(_si_to_df.o)
                0x010096d0                __floatsidf
 .text          0x010097c8       0xd8 c:/altera/13.0sp1/nios2eds/bin/gnu/h-i686-mingw32/bin/../lib/gcc/nios2-elf/4.1.2\libgcc.a(_df_to_si.o)
                0x010097c8                __fixdfsi
 .text          0x010098a0        0x0 c:/altera/13.0sp1/nios2eds/bin/gnu/h-i686-mingw32/bin/../lib/gcc/nios2-elf/4.1.2\libgcc.a(_thenan_df.o)
 .text          0x010098a0      0x194 c:/altera/13.0sp1/nios2eds/bin/gnu/h-i686-mingw32/bin/../lib/gcc/nios2-elf/4.1.2\libgcc.a(_usi_to_df.o)
                0x010098a0                __floatunsidf
 .text          0x01009a34      0x14c c:/altera/13.0sp1/nios2eds/bin/gnu/h-i686-mingw32/bin/../lib/gcc/nios2-elf/4.1.2\libgcc.a(lib2-divmod.o)
                0x01009ab0                __divsi3
                0x01009b10                __modsi3
                0x01009b70                __udivsi3
                0x01009b78                __umodsi3
 .text          0x01009b80       0x98 c:/altera/13.0sp1/nios2eds/bin/gnu/h-i686-mingw32/bin/../lib/gcc/nios2-elf/4.1.2\libgcc.a(_muldi3.o)
                0x01009b80                __muldi3
 .text          0x01009c18        0x0 c:/altera/13.0sp1/nios2eds/bin/gnu/h-i686-mingw32/bin/../lib/gcc/nios2-elf/4.1.2\libgcc.a(_clz.o)
 .text          0x01009c18       0x80 c:/altera/13.0sp1/nios2eds/bin/gnu/h-i686-mingw32/bin/../lib/gcc/nios2-elf/4.1.2\libgcc.a(_clzsi2.o)
                0x01009c18                __clzsi2
 .text          0x01009c98      0x314 c:/altera/13.0sp1/nios2eds/bin/gnu/h-i686-mingw32/bin/../lib/gcc/nios2-elf/4.1.2\libgcc.a(_pack_df.o)
                0x01009c98                __pack_d
 .text          0x01009fac      0x138 c:/altera/13.0sp1/nios2eds/bin/gnu/h-i686-mingw32/bin/../lib/gcc/nios2-elf/4.1.2\libgcc.a(_unpack_df.o)
                0x01009fac                __unpack_d
 .text          0x0100a0e4       0xc8 c:/altera/13.0sp1/nios2eds/bin/gnu/h-i686-mingw32/bin/../lib/gcc/nios2-elf/4.1.2\libgcc.a(_fpcmp_parts_df.o)
                0x0100a0e4                __fpcmp_parts_d
 .text          0x0100a1ac      0x15c ../../\libhal_bsp.a(alt_close.o)
                0x0100a1ac                close
 .text          0x0100a308       0x2c ../../\libhal_bsp.a(alt_dev.o)
 .text          0x0100a334        0x0 ../../\libhal_bsp.a(alt_errno.o)
 .text          0x0100a334      0x134 ../../\libhal_bsp.a(alt_fstat.o)
                0x0100a334                fstat
 .text          0x0100a468      0x120 ../../\libhal_bsp.a(alt_isatty.o)
                0x0100a468                isatty
 .text          0x0100a588       0xec ../../\libhal_bsp.a(alt_load.o)
                0x0100a588                alt_load
 .text          0x0100a674      0x150 ../../\libhal_bsp.a(alt_lseek.o)
                0x0100a674                lseek
 .text          0x0100a7c4       0x6c ../../\libhal_bsp.a(alt_main.o)
                0x0100a7c4                alt_main
 .text          0x0100a830       0x40 ../../\libhal_bsp.a(alt_malloc_lock.o)
                0x0100a830                __malloc_lock
                0x0100a850                __malloc_unlock
 .text          0x0100a870      0x180 ../../\libhal_bsp.a(alt_read.o)
                0x0100a870                read
 .text          0x0100a9f0       0x60 ../../\libhal_bsp.a(alt_release_fd.o)
                0x0100a9f0                alt_release_fd
 .text          0x0100aa50       0xbc ../../\libhal_bsp.a(alt_sbrk.o)
                0x0100aa50                sbrk
 .text          0x0100ab0c      0x180 ../../\libhal_bsp.a(alt_write.o)
                0x0100ab0c                write
 .text          0x0100ac8c       0xe8 ../../\libhal_bsp.a(alt_sys_init.o)
                0x0100ac8c                alt_irq_init
                0x0100acc0                alt_sys_init
 .text          0x0100ad74      0x148 ../../\libhal_bsp.a(altera_avalon_jtag_uart_fd.o)
                0x0100ad74                altera_avalon_jtag_uart_read_fd
                0x0100adcc                altera_avalon_jtag_uart_write_fd
                0x0100ae24                altera_avalon_jtag_uart_close_fd
                0x0100ae6c                altera_avalon_jtag_uart_ioctl_fd
 .text          0x0100aebc      0x408 ../../\libhal_bsp.a(altera_avalon_jtag_uart_init.o)
                0x0100aebc                altera_avalon_jtag_uart_init
                0x0100b250                altera_avalon_jtag_uart_close
 .text          0x0100b2c4       0xf4 ../../\libhal_bsp.a(altera_avalon_jtag_uart_ioctl.o)
                0x0100b2c4                altera_avalon_jtag_uart_ioctl
 .text          0x0100b3b8      0x224 ../../\libhal_bsp.a(altera_avalon_jtag_uart_read.o)
                0x0100b3b8                altera_avalon_jtag_uart_read
 .text          0x0100b5dc      0x240 ../../\libhal_bsp.a(altera_avalon_jtag_uart_write.o)
                0x0100b5dc                altera_avalon_jtag_uart_write
 .text          0x0100b81c       0xfc ../../\libhal_bsp.a(altera_avalon_timer_sc.o)
                0x0100b890                alt_avalon_timer_sc_init
 .text          0x0100b918      0x530 ../../\libhal_bsp.a(altera_up_avalon_character_lcd.o)
                0x0100b918                get_DDRAM_addr
                0x0100b994                alt_up_character_lcd_send_cmd
                0x0100b9c8                alt_up_character_lcd_init
                0x0100b9fc                alt_up_character_lcd_open_dev
                0x0100ba3c                alt_up_character_lcd_write
                0x0100bab4                alt_up_character_lcd_string
                0x0100bb2c                alt_up_character_lcd_write_fd
                0x0100bb78                alt_up_character_lcd_set_cursor_pos
                0x0100bbf0                alt_up_character_lcd_shift_cursor
                0x0100bca0                alt_up_character_lcd_shift_display
                0x0100bd50                alt_up_character_lcd_erase_pos
                0x0100bde0                alt_up_character_lcd_cursor_off
                0x0100be14                alt_up_character_lcd_cursor_blink_on
 .text          0x0100be48      0x398 ../../\libhal_bsp.a(altera_up_avalon_rs232.o)
                0x0100be48                alt_up_rs232_enable_read_interrupt
                0x0100be9c                alt_up_rs232_disable_read_interrupt
                0x0100bef4                alt_up_rs232_get_used_space_in_read_FIFO
                0x0100bf30                alt_up_rs232_get_available_space_in_write_FIFO
                0x0100bf70                alt_up_rs232_check_parity
                0x0100bfc0                alt_up_rs232_write_data
                0x0100c008                alt_up_rs232_read_data
                0x0100c07c                alt_up_rs232_read_fd
                0x0100c10c                alt_up_rs232_write_fd
                0x0100c1a0                alt_up_rs232_open_dev
 .text          0x0100c1e0      0x154 ../../\libhal_bsp.a(alt_alarm_start.o)
                0x0100c1e0                alt_alarm_start
 .text          0x0100c334       0x44 ../../\libhal_bsp.a(alt_dcache_flush_all.o)
                0x0100c334                alt_dcache_flush_all
 .text          0x0100c378      0x114 ../../\libhal_bsp.a(alt_dev_llist_insert.o)
                0x0100c378                alt_dev_llist_insert
 .text          0x0100c48c       0x64 ../../\libhal_bsp.a(alt_do_ctors.o)
                0x0100c48c                _do_ctors
 .text          0x0100c4f0       0x64 ../../\libhal_bsp.a(alt_do_dtors.o)
                0x0100c4f0                _do_dtors
 .text          0x0100c554       0x94 ../../\libhal_bsp.a(alt_find_dev.o)
                0x0100c554                alt_find_dev
 .text          0x0100c5e8       0x30 ../../\libhal_bsp.a(alt_icache_flush_all.o)
                0x0100c5e8                alt_icache_flush_all
 .text          0x0100c618      0x13c ../../\libhal_bsp.a(alt_io_redirect.o)
                0x0100c6dc                alt_io_redirect
 .text          0x0100c754      0x1c0 ../../\libhal_bsp.a(alt_irq_register.o)
                0x0100c754                alt_irq_register
 .text          0x0100c914        0x0 ../../\libhal_bsp.a(alt_irq_vars.o)
 .text          0x0100c914      0x2c4 ../../\libhal_bsp.a(alt_open.o)
                0x0100c9f0                open
 .text          0x0100cbd8      0x1a4 ../../\libhal_bsp.a(alt_tick.o)
                0x0100cbd8                alt_alarm_stop
                0x0100cc70                alt_tick
 .text          0x0100cd7c       0x20 ../../\libhal_bsp.a(altera_nios2_qsys_irq.o)
                0x0100cd7c                altera_nios2_qsys_irq_init
 .text          0x0100cd9c      0x120 ../../\libhal_bsp.a(alt_find_file.o)
                0x0100cd9c                alt_find_file
 .text          0x0100cebc       0xb8 ../../\libhal_bsp.a(alt_get_fd.o)
                0x0100cebc                alt_get_fd
 .text          0x0100cf74       0x90 ../../\libhal_bsp.a(alt_icache_flush.o)
                0x0100cf74                alt_icache_flush
 .text          0x0100d004        0x0 ../../\libhal_bsp.a(alt_irq_entry.o)
 .text          0x0100d004        0x0 ../../\libhal_bsp.a(alt_irq_handler.o)
 .text          0x0100d004        0x0 ../../\libhal_bsp.a(alt_exception_entry.o)
 .text          0x0100d004       0x14 c:/altera/13.0sp1/nios2eds/bin/gnu/h-i686-mingw32/bin/../lib/gcc/nios2-elf/4.1.2/../../../../nios2-elf/lib\libc.a(lib_a-atexit.o)
                0x0100d004                atexit
 .text          0x0100d018       0x38 c:/altera/13.0sp1/nios2eds/bin/gnu/h-i686-mingw32/bin/../lib/gcc/nios2-elf/4.1.2/../../../../nios2-elf/lib\libc.a(lib_a-exit.o)
                0x0100d018                exit
 .text          0x0100d050       0x74 c:/altera/13.0sp1/nios2eds/bin/gnu/h-i686-mingw32/bin/../lib/gcc/nios2-elf/4.1.2/../../../../nios2-elf/lib\libc.a(lib_a-memcmp.o)
                0x0100d050                memcmp
 .text          0x0100d0c4      0x134 c:/altera/13.0sp1/nios2eds/bin/gnu/h-i686-mingw32/bin/../lib/gcc/nios2-elf/4.1.2/../../../../nios2-elf/lib\libc.a(lib_a-__atexit.o)
                0x0100d0c4                __register_exitproc
 .text          0x0100d1f8      0x1b4 c:/altera/13.0sp1/nios2eds/bin/gnu/h-i686-mingw32/bin/../lib/gcc/nios2-elf/4.1.2/../../../../nios2-elf/lib\libc.a(lib_a-__call_atexit.o)
                0x0100d1fc                __call_exitprocs
 .text          0x0100d3ac       0x60 ../../\libhal_bsp.a(alt_exit.o)
                0x0100d3ec                _exit
 *(.gnu.warning.*)
 *(.fini)
                0x0100d40c                PROVIDE (__etext, ABSOLUTE (.))
                0x0100d40c                PROVIDE (_etext, ABSOLUTE (.))
                0x0100d40c                PROVIDE (etext, ABSOLUTE (.))
 *(.eh_frame_hdr)
                0x0100d40c                . = ALIGN (0x4)
                0x0100d40c                PROVIDE (__preinit_array_start, ABSOLUTE (.))
 *(.preinit_array)
                0x0100d40c                PROVIDE (__preinit_array_end, ABSOLUTE (.))
                0x0100d40c                PROVIDE (__init_array_start, ABSOLUTE (.))
 *(.init_array)
                0x0100d40c                PROVIDE (__init_array_end, ABSOLUTE (.))
                0x0100d40c                PROVIDE (__fini_array_start, ABSOLUTE (.))
 *(.fini_array)
                0x0100d40c                PROVIDE (__fini_array_end, ABSOLUTE (.))
 *(.eh_frame)
 *(.gcc_except_table)
 *(.dynamic)
                0x0100d40c                PROVIDE (__CTOR_LIST__, ABSOLUTE (.))
 *(.ctors)
 *(SORT(.ctors.*))
 .ctors.65535   0x0100d40c        0x4 c:/altera/13.0sp1/nios2eds/bin/gnu/h-i686-mingw32/bin/../lib/gcc/nios2-elf/4.1.2/../../../../nios2-elf/lib\libc.a(lib_a-__call_atexit.o)
                0x0100d410                PROVIDE (__CTOR_END__, ABSOLUTE (.))
                0x0100d410                PROVIDE (__DTOR_LIST__, ABSOLUTE (.))
 *(.dtors)
 *(SORT(.dtors.*))
                0x0100d410                PROVIDE (__DTOR_END__, ABSOLUTE (.))
 *(.jcr)
                0x0100d410                . = ALIGN (0x4)

.rodata         0x0100d410      0x380
                0x0100d410                PROVIDE (__ram_rodata_start, ABSOLUTE (.))
                0x0100d410                . = ALIGN (0x4)
 *(.rodata .rodata.* .gnu.linkonce.r.*)
 .rodata        0x0100d410       0x18 obj/default/hello_world.o
 .rodata.str1.4
                0x0100d428        0x2 c:/altera/13.0sp1/nios2eds/bin/gnu/h-i686-mingw32/bin/../lib/gcc/nios2-elf/4.1.2/../../../../nios2-elf/lib\libc.a(lib_a-impure.o)
                                  0x4 (size before relaxing)
 *fill*         0x0100d42a        0x2 00
 .rodata.str1.4
                0x0100d42c       0x5e c:/altera/13.0sp1/nios2eds/bin/gnu/h-i686-mingw32/bin/../lib/gcc/nios2-elf/4.1.2/../../../../nios2-elf/lib\libc.a(lib_a-vfprintf.o)
                                 0x60 (size before relaxing)
 .rodata        0x0100d48a       0x20 c:/altera/13.0sp1/nios2eds/bin/gnu/h-i686-mingw32/bin/../lib/gcc/nios2-elf/4.1.2/../../../../nios2-elf/lib\libc.a(lib_a-vfprintf.o)
 *fill*         0x0100d4aa        0x2 00
 .rodata.str1.4
                0x0100d4ac       0x10 c:/altera/13.0sp1/nios2eds/bin/gnu/h-i686-mingw32/bin/../lib/gcc/nios2-elf/4.1.2/../../../../nios2-elf/lib\libc.a(lib_a-dtoa.o)
                                 0x14 (size before relaxing)
 .rodata.str1.4
                0x0100d4bc       0x10 c:/altera/13.0sp1/nios2eds/bin/gnu/h-i686-mingw32/bin/../lib/gcc/nios2-elf/4.1.2/../../../../nios2-elf/lib\libc.a(lib_a-locale.o)
                                 0x18 (size before relaxing)
 .rodata        0x0100d4cc       0x30 c:/altera/13.0sp1/nios2eds/bin/gnu/h-i686-mingw32/bin/../lib/gcc/nios2-elf/4.1.2/../../../../nios2-elf/lib\libc.a(lib_a-locale.o)
 .rodata        0x0100d4fc      0x124 c:/altera/13.0sp1/nios2eds/bin/gnu/h-i686-mingw32/bin/../lib/gcc/nios2-elf/4.1.2/../../../../nios2-elf/lib\libc.a(lib_a-mprec.o)
                0x0100d4fc                __mprec_tens
                0x0100d5c4                __mprec_bigtens
                0x0100d5ec                __mprec_tinytens
 .rodata        0x0100d620       0x14 c:/altera/13.0sp1/nios2eds/bin/gnu/h-i686-mingw32/bin/../lib/gcc/nios2-elf/4.1.2\libgcc.a(_thenan_df.o)
                0x0100d620                __thenan_df
 .rodata        0x0100d634      0x100 c:/altera/13.0sp1/nios2eds/bin/gnu/h-i686-mingw32/bin/../lib/gcc/nios2-elf/4.1.2\libgcc.a(_clz.o)
                0x0100d634                __clz_tab
 .rodata        0x0100d734        0xc ../../\libhal_bsp.a(alt_dev.o)
 .rodata        0x0100d740       0x14 ../../\libhal_bsp.a(alt_main.o)
 .rodata        0x0100d754       0x3c ../../\libhal_bsp.a(alt_sys_init.o)
 *(.rodata1)
                0x0100d790                . = ALIGN (0x4)
                0x0100d790                PROVIDE (__ram_rodata_end, ABSOLUTE (.))
                0x0100d410                PROVIDE (__flash_rodata_start, LOADADDR (.rodata))

.rwdata         0x0100d790     0x1ab4 load address 0x0100f244
                0x0100d790                PROVIDE (__ram_rwdata_start, ABSOLUTE (.))
                0x0100d790                . = ALIGN (0x4)
 *(.got.plt)
 *(.got)
 *(.data1)
 *(.data .data.* .gnu.linkonce.d.*)
 .data          0x0100d790        0x0 ../..//obj/HAL/src/crt0.o
 .data          0x0100d790        0x0 obj/default/hello_world.o
 .data          0x0100d790      0x400 c:/altera/13.0sp1/nios2eds/bin/gnu/h-i686-mingw32/bin/../lib/gcc/nios2-elf/4.1.2/../../../../nios2-elf/lib\libc.a(lib_a-impure.o)
 .data          0x0100db90        0x0 c:/altera/13.0sp1/nios2eds/bin/gnu/h-i686-mingw32/bin/../lib/gcc/nios2-elf/4.1.2/../../../../nios2-elf/lib\libc.a(lib_a-printf.o)
 .data          0x0100db90        0x0 c:/altera/13.0sp1/nios2eds/bin/gnu/h-i686-mingw32/bin/../lib/gcc/nios2-elf/4.1.2/../../../../nios2-elf/lib\libc.a(lib_a-putc.o)
 .data          0x0100db90        0x0 c:/altera/13.0sp1/nios2eds/bin/gnu/h-i686-mingw32/bin/../lib/gcc/nios2-elf/4.1.2/../../../../nios2-elf/lib\libc.a(lib_a-strsep.o)
 .data          0x0100db90        0x0 c:/altera/13.0sp1/nios2eds/bin/gnu/h-i686-mingw32/bin/../lib/gcc/nios2-elf/4.1.2/../../../../nios2-elf/lib\libc.a(lib_a-strtok_r.o)
 .data          0x0100db90        0x0 c:/altera/13.0sp1/nios2eds/bin/gnu/h-i686-mingw32/bin/../lib/gcc/nios2-elf/4.1.2/../../../../nios2-elf/lib\libc.a(lib_a-vfprintf.o)
 .data          0x0100db90        0x0 c:/altera/13.0sp1/nios2eds/bin/gnu/h-i686-mingw32/bin/../lib/gcc/nios2-elf/4.1.2/../../../../nios2-elf/lib\libc.a(lib_a-wbuf.o)
 .data          0x0100db90        0x0 c:/altera/13.0sp1/nios2eds/bin/gnu/h-i686-mingw32/bin/../lib/gcc/nios2-elf/4.1.2/../../../../nios2-elf/lib\libc.a(lib_a-wsetup.o)
 .data          0x0100db90        0x0 c:/altera/13.0sp1/nios2eds/bin/gnu/h-i686-mingw32/bin/../lib/gcc/nios2-elf/4.1.2/../../../../nios2-elf/lib\libc.a(lib_a-dtoa.o)
 .data          0x0100db90        0x0 c:/altera/13.0sp1/nios2eds/bin/gnu/h-i686-mingw32/bin/../lib/gcc/nios2-elf/4.1.2/../../../../nios2-elf/lib\libc.a(lib_a-fflush.o)
 .data          0x0100db90        0x0 c:/altera/13.0sp1/nios2eds/bin/gnu/h-i686-mingw32/bin/../lib/gcc/nios2-elf/4.1.2/../../../../nios2-elf/lib\libc.a(lib_a-findfp.o)
 .data          0x0100db90        0x0 c:/altera/13.0sp1/nios2eds/bin/gnu/h-i686-mingw32/bin/../lib/gcc/nios2-elf/4.1.2/../../../../nios2-elf/lib\libc.a(lib_a-freer.o)
 .data          0x0100db90        0x0 c:/altera/13.0sp1/nios2eds/bin/gnu/h-i686-mingw32/bin/../lib/gcc/nios2-elf/4.1.2/../../../../nios2-elf/lib\libc.a(lib_a-fvwrite.o)
 .data          0x0100db90        0x0 c:/altera/13.0sp1/nios2eds/bin/gnu/h-i686-mingw32/bin/../lib/gcc/nios2-elf/4.1.2/../../../../nios2-elf/lib\libc.a(lib_a-fwalk.o)
 .data          0x0100db90        0xc c:/altera/13.0sp1/nios2eds/bin/gnu/h-i686-mingw32/bin/../lib/gcc/nios2-elf/4.1.2/../../../../nios2-elf/lib\libc.a(lib_a-locale.o)
                0x0100db90                __lc_ctype
 .data          0x0100db9c        0x0 c:/altera/13.0sp1/nios2eds/bin/gnu/h-i686-mingw32/bin/../lib/gcc/nios2-elf/4.1.2/../../../../nios2-elf/lib\libc.a(lib_a-makebuf.o)
 .data          0x0100db9c      0x408 c:/altera/13.0sp1/nios2eds/bin/gnu/h-i686-mingw32/bin/../lib/gcc/nios2-elf/4.1.2/../../../../nios2-elf/lib\libc.a(lib_a-mallocr.o)
                0x0100db9c                __malloc_av_
 .data          0x0100dfa4        0x0 c:/altera/13.0sp1/nios2eds/bin/gnu/h-i686-mingw32/bin/../lib/gcc/nios2-elf/4.1.2/../../../../nios2-elf/lib\libc.a(lib_a-memchr.o)
 .data          0x0100dfa4        0x0 c:/altera/13.0sp1/nios2eds/bin/gnu/h-i686-mingw32/bin/../lib/gcc/nios2-elf/4.1.2/../../../../nios2-elf/lib\libc.a(lib_a-memcpy.o)
 .data          0x0100dfa4        0x0 c:/altera/13.0sp1/nios2eds/bin/gnu/h-i686-mingw32/bin/../lib/gcc/nios2-elf/4.1.2/../../../../nios2-elf/lib\libc.a(lib_a-memmove.o)
 .data          0x0100dfa4        0x0 c:/altera/13.0sp1/nios2eds/bin/gnu/h-i686-mingw32/bin/../lib/gcc/nios2-elf/4.1.2/../../../../nios2-elf/lib\libc.a(lib_a-memset.o)
 .data          0x0100dfa4        0x0 c:/altera/13.0sp1/nios2eds/bin/gnu/h-i686-mingw32/bin/../lib/gcc/nios2-elf/4.1.2/../../../../nios2-elf/lib\libc.a(lib_a-mprec.o)
 .data          0x0100dfa4        0x0 c:/altera/13.0sp1/nios2eds/bin/gnu/h-i686-mingw32/bin/../lib/gcc/nios2-elf/4.1.2/../../../../nios2-elf/lib\libc.a(lib_a-reallocr.o)
 .data          0x0100dfa4        0x0 c:/altera/13.0sp1/nios2eds/bin/gnu/h-i686-mingw32/bin/../lib/gcc/nios2-elf/4.1.2/../../../../nios2-elf/lib\libc.a(lib_a-s_isinfd.o)
 .data          0x0100dfa4        0x0 c:/altera/13.0sp1/nios2eds/bin/gnu/h-i686-mingw32/bin/../lib/gcc/nios2-elf/4.1.2/../../../../nios2-elf/lib\libc.a(lib_a-s_isnand.o)
 .data          0x0100dfa4        0x0 c:/altera/13.0sp1/nios2eds/bin/gnu/h-i686-mingw32/bin/../lib/gcc/nios2-elf/4.1.2/../../../../nios2-elf/lib\libc.a(lib_a-sbrkr.o)
 .data          0x0100dfa4        0x0 c:/altera/13.0sp1/nios2eds/bin/gnu/h-i686-mingw32/bin/../lib/gcc/nios2-elf/4.1.2/../../../../nios2-elf/lib\libc.a(lib_a-stdio.o)
 .data          0x0100dfa4        0x0 c:/altera/13.0sp1/nios2eds/bin/gnu/h-i686-mingw32/bin/../lib/gcc/nios2-elf/4.1.2/../../../../nios2-elf/lib\libc.a(lib_a-strcmp.o)
 .data          0x0100dfa4        0x0 c:/altera/13.0sp1/nios2eds/bin/gnu/h-i686-mingw32/bin/../lib/gcc/nios2-elf/4.1.2/../../../../nios2-elf/lib\libc.a(lib_a-strlen.o)
 .data          0x0100dfa4        0x0 c:/altera/13.0sp1/nios2eds/bin/gnu/h-i686-mingw32/bin/../lib/gcc/nios2-elf/4.1.2/../../../../nios2-elf/lib\libc.a(lib_a-writer.o)
 .data          0x0100dfa4        0x0 c:/altera/13.0sp1/nios2eds/bin/gnu/h-i686-mingw32/bin/../lib/gcc/nios2-elf/4.1.2/../../../../nios2-elf/lib\libc.a(lib_a-callocr.o)
 .data          0x0100dfa4        0x0 c:/altera/13.0sp1/nios2eds/bin/gnu/h-i686-mingw32/bin/../lib/gcc/nios2-elf/4.1.2/../../../../nios2-elf/lib\libc.a(lib_a-closer.o)
 .data          0x0100dfa4        0x0 c:/altera/13.0sp1/nios2eds/bin/gnu/h-i686-mingw32/bin/../lib/gcc/nios2-elf/4.1.2/../../../../nios2-elf/lib\libc.a(lib_a-fclose.o)
 .data          0x0100dfa4        0x0 c:/altera/13.0sp1/nios2eds/bin/gnu/h-i686-mingw32/bin/../lib/gcc/nios2-elf/4.1.2/../../../../nios2-elf/lib\libc.a(lib_a-fstatr.o)
 .data          0x0100dfa4        0x0 c:/altera/13.0sp1/nios2eds/bin/gnu/h-i686-mingw32/bin/../lib/gcc/nios2-elf/4.1.2/../../../../nios2-elf/lib\libc.a(lib_a-int_errno.o)
 .data          0x0100dfa4        0x0 c:/altera/13.0sp1/nios2eds/bin/gnu/h-i686-mingw32/bin/../lib/gcc/nios2-elf/4.1.2/../../../../nios2-elf/lib\libc.a(lib_a-isattyr.o)
 .data          0x0100dfa4        0x0 c:/altera/13.0sp1/nios2eds/bin/gnu/h-i686-mingw32/bin/../lib/gcc/nios2-elf/4.1.2/../../../../nios2-elf/lib\libc.a(lib_a-lseekr.o)
 .data          0x0100dfa4        0x0 c:/altera/13.0sp1/nios2eds/bin/gnu/h-i686-mingw32/bin/../lib/gcc/nios2-elf/4.1.2/../../../../nios2-elf/lib\libc.a(lib_a-readr.o)
 .data          0x0100dfa4        0x0 c:/altera/13.0sp1/nios2eds/bin/gnu/h-i686-mingw32/bin/../lib/gcc/nios2-elf/4.1.2\libgcc.a(_udivdi3.o)
 .data          0x0100dfa4        0x0 c:/altera/13.0sp1/nios2eds/bin/gnu/h-i686-mingw32/bin/../lib/gcc/nios2-elf/4.1.2\libgcc.a(_umoddi3.o)
 .data          0x0100dfa4        0x0 c:/altera/13.0sp1/nios2eds/bin/gnu/h-i686-mingw32/bin/../lib/gcc/nios2-elf/4.1.2\libgcc.a(_addsub_df.o)
 .data          0x0100dfa4        0x0 c:/altera/13.0sp1/nios2eds/bin/gnu/h-i686-mingw32/bin/../lib/gcc/nios2-elf/4.1.2\libgcc.a(_mul_df.o)
 .data          0x0100dfa4        0x0 c:/altera/13.0sp1/nios2eds/bin/gnu/h-i686-mingw32/bin/../lib/gcc/nios2-elf/4.1.2\libgcc.a(_div_df.o)
 .data          0x0100dfa4        0x0 c:/altera/13.0sp1/nios2eds/bin/gnu/h-i686-mingw32/bin/../lib/gcc/nios2-elf/4.1.2\libgcc.a(_eq_df.o)
 .data          0x0100dfa4        0x0 c:/altera/13.0sp1/nios2eds/bin/gnu/h-i686-mingw32/bin/../lib/gcc/nios2-elf/4.1.2\libgcc.a(_ne_df.o)
 .data          0x0100dfa4        0x0 c:/altera/13.0sp1/nios2eds/bin/gnu/h-i686-mingw32/bin/../lib/gcc/nios2-elf/4.1.2\libgcc.a(_gt_df.o)
 .data          0x0100dfa4        0x0 c:/altera/13.0sp1/nios2eds/bin/gnu/h-i686-mingw32/bin/../lib/gcc/nios2-elf/4.1.2\libgcc.a(_ge_df.o)
 .data          0x0100dfa4        0x0 c:/altera/13.0sp1/nios2eds/bin/gnu/h-i686-mingw32/bin/../lib/gcc/nios2-elf/4.1.2\libgcc.a(_lt_df.o)
 .data          0x0100dfa4        0x0 c:/altera/13.0sp1/nios2eds/bin/gnu/h-i686-mingw32/bin/../lib/gcc/nios2-elf/4.1.2\libgcc.a(_si_to_df.o)
 .data          0x0100dfa4        0x0 c:/altera/13.0sp1/nios2eds/bin/gnu/h-i686-mingw32/bin/../lib/gcc/nios2-elf/4.1.2\libgcc.a(_df_to_si.o)
 .data          0x0100dfa4        0x0 c:/altera/13.0sp1/nios2eds/bin/gnu/h-i686-mingw32/bin/../lib/gcc/nios2-elf/4.1.2\libgcc.a(_thenan_df.o)
 .data          0x0100dfa4        0x0 c:/altera/13.0sp1/nios2eds/bin/gnu/h-i686-mingw32/bin/../lib/gcc/nios2-elf/4.1.2\libgcc.a(_usi_to_df.o)
 .data          0x0100dfa4        0x0 c:/altera/13.0sp1/nios2eds/bin/gnu/h-i686-mingw32/bin/../lib/gcc/nios2-elf/4.1.2\libgcc.a(lib2-divmod.o)
 .data          0x0100dfa4        0x0 c:/altera/13.0sp1/nios2eds/bin/gnu/h-i686-mingw32/bin/../lib/gcc/nios2-elf/4.1.2\libgcc.a(_muldi3.o)
 .data          0x0100dfa4        0x0 c:/altera/13.0sp1/nios2eds/bin/gnu/h-i686-mingw32/bin/../lib/gcc/nios2-elf/4.1.2\libgcc.a(_clz.o)
 .data          0x0100dfa4        0x0 c:/altera/13.0sp1/nios2eds/bin/gnu/h-i686-mingw32/bin/../lib/gcc/nios2-elf/4.1.2\libgcc.a(_clzsi2.o)
 .data          0x0100dfa4        0x0 c:/altera/13.0sp1/nios2eds/bin/gnu/h-i686-mingw32/bin/../lib/gcc/nios2-elf/4.1.2\libgcc.a(_pack_df.o)
 .data          0x0100dfa4        0x0 c:/altera/13.0sp1/nios2eds/bin/gnu/h-i686-mingw32/bin/../lib/gcc/nios2-elf/4.1.2\libgcc.a(_unpack_df.o)
 .data          0x0100dfa4        0x0 c:/altera/13.0sp1/nios2eds/bin/gnu/h-i686-mingw32/bin/../lib/gcc/nios2-elf/4.1.2\libgcc.a(_fpcmp_parts_df.o)
 .data          0x0100dfa4        0x0 ../../\libhal_bsp.a(alt_close.o)
 .data          0x0100dfa4      0x1a8 ../../\libhal_bsp.a(alt_dev.o)
                0x0100dfa4                alt_dev_null
                0x0100dfcc                alt_fd_list
 .data          0x0100e14c        0x0 ../../\libhal_bsp.a(alt_errno.o)
 .data          0x0100e14c        0x0 ../../\libhal_bsp.a(alt_fstat.o)
 .data          0x0100e14c        0x0 ../../\libhal_bsp.a(alt_isatty.o)
 .data          0x0100e14c        0x0 ../../\libhal_bsp.a(alt_load.o)
 .data          0x0100e14c        0x0 ../../\libhal_bsp.a(alt_lseek.o)
 .data          0x0100e14c        0x0 ../../\libhal_bsp.a(alt_main.o)
 .data          0x0100e14c        0x0 ../../\libhal_bsp.a(alt_malloc_lock.o)
 .data          0x0100e14c        0x0 ../../\libhal_bsp.a(alt_read.o)
 .data          0x0100e14c        0x0 ../../\libhal_bsp.a(alt_release_fd.o)
 .data          0x0100e14c        0x0 ../../\libhal_bsp.a(alt_sbrk.o)
 .data          0x0100e14c        0x0 ../../\libhal_bsp.a(alt_write.o)
 .data          0x0100e14c     0x10b8 ../../\libhal_bsp.a(alt_sys_init.o)
 .data          0x0100f204        0x0 ../../\libhal_bsp.a(altera_avalon_jtag_uart_fd.o)
 .data          0x0100f204        0x0 ../../\libhal_bsp.a(altera_avalon_jtag_uart_init.o)
 .data          0x0100f204        0x0 ../../\libhal_bsp.a(altera_avalon_jtag_uart_ioctl.o)
 .data          0x0100f204        0x0 ../../\libhal_bsp.a(altera_avalon_jtag_uart_read.o)
 .data          0x0100f204        0x0 ../../\libhal_bsp.a(altera_avalon_jtag_uart_write.o)
 .data          0x0100f204        0x0 ../../\libhal_bsp.a(altera_avalon_timer_sc.o)
 .data          0x0100f204        0x0 ../../\libhal_bsp.a(altera_up_avalon_character_lcd.o)
 .data          0x0100f204        0x0 ../../\libhal_bsp.a(altera_up_avalon_rs232.o)
 .data          0x0100f204        0x0 ../../\libhal_bsp.a(alt_alarm_start.o)
 .data          0x0100f204        0x0 ../../\libhal_bsp.a(alt_dcache_flush_all.o)
 .data          0x0100f204        0x0 ../../\libhal_bsp.a(alt_dev_llist_insert.o)
 .data          0x0100f204        0x0 ../../\libhal_bsp.a(alt_do_ctors.o)
 .data          0x0100f204        0x0 ../../\libhal_bsp.a(alt_do_dtors.o)
 .data          0x0100f204        0x0 ../../\libhal_bsp.a(alt_find_dev.o)
 .data          0x0100f204        0x0 ../../\libhal_bsp.a(alt_icache_flush_all.o)
 .data          0x0100f204        0x0 ../../\libhal_bsp.a(alt_io_redirect.o)
 .data          0x0100f204        0x0 ../../\libhal_bsp.a(alt_irq_register.o)
 .data          0x0100f204        0x0 ../../\libhal_bsp.a(alt_irq_vars.o)
 .data          0x0100f204        0x0 ../../\libhal_bsp.a(alt_open.o)
 .data          0x0100f204        0x0 ../../\libhal_bsp.a(alt_tick.o)
 .data          0x0100f204        0x0 ../../\libhal_bsp.a(altera_nios2_qsys_irq.o)
 .data          0x0100f204        0x0 ../../\libhal_bsp.a(alt_find_file.o)
 .data          0x0100f204        0x0 ../../\libhal_bsp.a(alt_get_fd.o)
 .data          0x0100f204        0x0 ../../\libhal_bsp.a(alt_icache_flush.o)
 .data          0x0100f204        0x0 ../../\libhal_bsp.a(alt_irq_entry.o)
 .data          0x0100f204        0x0 ../../\libhal_bsp.a(alt_irq_handler.o)
 .data          0x0100f204        0x0 ../../\libhal_bsp.a(alt_exception_entry.o)
 .data          0x0100f204        0x0 c:/altera/13.0sp1/nios2eds/bin/gnu/h-i686-mingw32/bin/../lib/gcc/nios2-elf/4.1.2/../../../../nios2-elf/lib\libc.a(lib_a-atexit.o)
 .data          0x0100f204        0x0 c:/altera/13.0sp1/nios2eds/bin/gnu/h-i686-mingw32/bin/../lib/gcc/nios2-elf/4.1.2/../../../../nios2-elf/lib\libc.a(lib_a-exit.o)
 .data          0x0100f204        0x0 c:/altera/13.0sp1/nios2eds/bin/gnu/h-i686-mingw32/bin/../lib/gcc/nios2-elf/4.1.2/../../../../nios2-elf/lib\libc.a(lib_a-memcmp.o)
 .data          0x0100f204        0x0 c:/altera/13.0sp1/nios2eds/bin/gnu/h-i686-mingw32/bin/../lib/gcc/nios2-elf/4.1.2/../../../../nios2-elf/lib\libc.a(lib_a-__atexit.o)
 .data          0x0100f204        0x0 c:/altera/13.0sp1/nios2eds/bin/gnu/h-i686-mingw32/bin/../lib/gcc/nios2-elf/4.1.2/../../../../nios2-elf/lib\libc.a(lib_a-__call_atexit.o)
 .data          0x0100f204        0x0 ../../\libhal_bsp.a(alt_exit.o)
                0x01017204                _gp = ABSOLUTE ((. + 0x8000))
                0x01017204                PROVIDE (gp, _gp)
 *(.rwdata .rwdata.*)
 *(.sdata .sdata.* .gnu.linkonce.s.*)
 .sdata         0x0100f204        0x8 c:/altera/13.0sp1/nios2eds/bin/gnu/h-i686-mingw32/bin/../lib/gcc/nios2-elf/4.1.2/../../../../nios2-elf/lib\libc.a(lib_a-impure.o)
                0x0100f204                _impure_ptr
                0x0100f208                _global_impure_ptr
 .sdata         0x0100f20c        0x8 c:/altera/13.0sp1/nios2eds/bin/gnu/h-i686-mingw32/bin/../lib/gcc/nios2-elf/4.1.2/../../../../nios2-elf/lib\libc.a(lib_a-locale.o)
                0x0100f20c                __mb_cur_max
 .sdata         0x0100f214        0x8 c:/altera/13.0sp1/nios2eds/bin/gnu/h-i686-mingw32/bin/../lib/gcc/nios2-elf/4.1.2/../../../../nios2-elf/lib\libc.a(lib_a-mallocr.o)
                0x0100f214                __malloc_trim_threshold
                0x0100f218                __malloc_sbrk_base
 .sdata         0x0100f21c       0x14 ../../\libhal_bsp.a(alt_dev.o)
                0x0100f21c                alt_fs_list
                0x0100f224                alt_dev_list
                0x0100f22c                alt_max_fd
 .sdata         0x0100f230        0x4 ../../\libhal_bsp.a(alt_errno.o)
                0x0100f230                alt_errno
 .sdata         0x0100f234        0x4 ../../\libhal_bsp.a(alt_sbrk.o)
 .sdata         0x0100f238        0x4 ../../\libhal_bsp.a(alt_irq_vars.o)
                0x0100f238                alt_priority_mask
 .sdata         0x0100f23c        0x8 ../../\libhal_bsp.a(alt_tick.o)
                0x0100f23c                alt_alarm_list
 *(.sdata2 .sdata2.* .gnu.linkonce.s2.*)
                0x0100f244                . = ALIGN (0x4)
                0x0100f244                _edata = ABSOLUTE (.)
                0x0100f244                PROVIDE (edata, ABSOLUTE (.))
                0x0100f244                PROVIDE (__ram_rwdata_end, ABSOLUTE (.))
                0x0100f244                PROVIDE (__flash_rwdata_start, LOADADDR (.rwdata))

.bss            0x01010cf8      0x2ec
                0x01010cf8                __bss_start = ABSOLUTE (.)
                0x01010cf8                PROVIDE (__sbss_start, ABSOLUTE (.))
                0x01010cf8                PROVIDE (___sbss_start, ABSOLUTE (.))
 *(.dynsbss)
 *(.sbss .sbss.* .gnu.linkonce.sb.*)
 .sbss          0x01010cf8        0xc c:/altera/13.0sp1/nios2eds/bin/gnu/h-i686-mingw32/bin/../lib/gcc/nios2-elf/4.1.2/../../../../nios2-elf/lib\libc.a(lib_a-locale.o)
                0x01010cf8                __nlocale_changed
                0x01010cfc                __mlocale_changed
                0x01010d00                _PathLocale
 .sbss          0x01010d04        0xc c:/altera/13.0sp1/nios2eds/bin/gnu/h-i686-mingw32/bin/../lib/gcc/nios2-elf/4.1.2/../../../../nios2-elf/lib\libc.a(lib_a-mallocr.o)
                0x01010d04                __malloc_top_pad
                0x01010d08                __malloc_max_sbrked_mem
                0x01010d0c                __malloc_max_total_mem
 .sbss          0x01010d10        0x4 c:/altera/13.0sp1/nios2eds/bin/gnu/h-i686-mingw32/bin/../lib/gcc/nios2-elf/4.1.2/../../../../nios2-elf/lib\libc.a(lib_a-int_errno.o)
                0x01010d10                errno
 .sbss          0x01010d14        0xc ../../\libhal_bsp.a(alt_main.o)
                0x01010d14                alt_argc
                0x01010d18                alt_argv
                0x01010d1c                alt_envp
 .sbss          0x01010d20        0x4 ../../\libhal_bsp.a(alt_irq_vars.o)
                0x01010d20                alt_irq_active
 .sbss          0x01010d24        0x8 ../../\libhal_bsp.a(alt_tick.o)
                0x01010d24                _alt_tick_rate
                0x01010d28                _alt_nticks
 *(.sbss2 .sbss2.* .gnu.linkonce.sb2.*)
 *(.scommon)
                0x01010d2c                PROVIDE (__sbss_end, ABSOLUTE (.))
                0x01010d2c                PROVIDE (___sbss_end, ABSOLUTE (.))
 *(.dynbss)
 *(.bss .bss.* .gnu.linkonce.b.*)
 .bss           0x01010d2c        0x0 ../..//obj/HAL/src/crt0.o
 .bss           0x01010d2c        0x0 obj/default/hello_world.o
 .bss           0x01010d2c        0x0 c:/altera/13.0sp1/nios2eds/bin/gnu/h-i686-mingw32/bin/../lib/gcc/nios2-elf/4.1.2/../../../../nios2-elf/lib\libc.a(lib_a-impure.o)
 .bss           0x01010d2c        0x0 c:/altera/13.0sp1/nios2eds/bin/gnu/h-i686-mingw32/bin/../lib/gcc/nios2-elf/4.1.2/../../../../nios2-elf/lib\libc.a(lib_a-printf.o)
 .bss           0x01010d2c        0x0 c:/altera/13.0sp1/nios2eds/bin/gnu/h-i686-mingw32/bin/../lib/gcc/nios2-elf/4.1.2/../../../../nios2-elf/lib\libc.a(lib_a-putc.o)
 .bss           0x01010d2c        0x0 c:/altera/13.0sp1/nios2eds/bin/gnu/h-i686-mingw32/bin/../lib/gcc/nios2-elf/4.1.2/../../../../nios2-elf/lib\libc.a(lib_a-strsep.o)
 .bss           0x01010d2c        0x0 c:/altera/13.0sp1/nios2eds/bin/gnu/h-i686-mingw32/bin/../lib/gcc/nios2-elf/4.1.2/../../../../nios2-elf/lib\libc.a(lib_a-strtok_r.o)
 .bss           0x01010d2c        0x0 c:/altera/13.0sp1/nios2eds/bin/gnu/h-i686-mingw32/bin/../lib/gcc/nios2-elf/4.1.2/../../../../nios2-elf/lib\libc.a(lib_a-vfprintf.o)
 .bss           0x01010d2c        0x0 c:/altera/13.0sp1/nios2eds/bin/gnu/h-i686-mingw32/bin/../lib/gcc/nios2-elf/4.1.2/../../../../nios2-elf/lib\libc.a(lib_a-wbuf.o)
 .bss           0x01010d2c        0x0 c:/altera/13.0sp1/nios2eds/bin/gnu/h-i686-mingw32/bin/../lib/gcc/nios2-elf/4.1.2/../../../../nios2-elf/lib\libc.a(lib_a-wsetup.o)
 .bss           0x01010d2c        0x0 c:/altera/13.0sp1/nios2eds/bin/gnu/h-i686-mingw32/bin/../lib/gcc/nios2-elf/4.1.2/../../../../nios2-elf/lib\libc.a(lib_a-dtoa.o)
 .bss           0x01010d2c        0x0 c:/altera/13.0sp1/nios2eds/bin/gnu/h-i686-mingw32/bin/../lib/gcc/nios2-elf/4.1.2/../../../../nios2-elf/lib\libc.a(lib_a-fflush.o)
 .bss           0x01010d2c        0x0 c:/altera/13.0sp1/nios2eds/bin/gnu/h-i686-mingw32/bin/../lib/gcc/nios2-elf/4.1.2/../../../../nios2-elf/lib\libc.a(lib_a-findfp.o)
 .bss           0x01010d2c        0x0 c:/altera/13.0sp1/nios2eds/bin/gnu/h-i686-mingw32/bin/../lib/gcc/nios2-elf/4.1.2/../../../../nios2-elf/lib\libc.a(lib_a-freer.o)
 .bss           0x01010d2c        0x0 c:/altera/13.0sp1/nios2eds/bin/gnu/h-i686-mingw32/bin/../lib/gcc/nios2-elf/4.1.2/../../../../nios2-elf/lib\libc.a(lib_a-fvwrite.o)
 .bss           0x01010d2c        0x0 c:/altera/13.0sp1/nios2eds/bin/gnu/h-i686-mingw32/bin/../lib/gcc/nios2-elf/4.1.2/../../../../nios2-elf/lib\libc.a(lib_a-fwalk.o)
 .bss           0x01010d2c        0x0 c:/altera/13.0sp1/nios2eds/bin/gnu/h-i686-mingw32/bin/../lib/gcc/nios2-elf/4.1.2/../../../../nios2-elf/lib\libc.a(lib_a-locale.o)
 .bss           0x01010d2c        0x0 c:/altera/13.0sp1/nios2eds/bin/gnu/h-i686-mingw32/bin/../lib/gcc/nios2-elf/4.1.2/../../../../nios2-elf/lib\libc.a(lib_a-makebuf.o)
 .bss           0x01010d2c       0x28 c:/altera/13.0sp1/nios2eds/bin/gnu/h-i686-mingw32/bin/../lib/gcc/nios2-elf/4.1.2/../../../../nios2-elf/lib\libc.a(lib_a-mallocr.o)
                0x01010d2c                __malloc_current_mallinfo
 .bss           0x01010d54        0x0 c:/altera/13.0sp1/nios2eds/bin/gnu/h-i686-mingw32/bin/../lib/gcc/nios2-elf/4.1.2/../../../../nios2-elf/lib\libc.a(lib_a-memchr.o)
 .bss           0x01010d54        0x0 c:/altera/13.0sp1/nios2eds/bin/gnu/h-i686-mingw32/bin/../lib/gcc/nios2-elf/4.1.2/../../../../nios2-elf/lib\libc.a(lib_a-memcpy.o)
 .bss           0x01010d54        0x0 c:/altera/13.0sp1/nios2eds/bin/gnu/h-i686-mingw32/bin/../lib/gcc/nios2-elf/4.1.2/../../../../nios2-elf/lib\libc.a(lib_a-memmove.o)
 .bss           0x01010d54        0x0 c:/altera/13.0sp1/nios2eds/bin/gnu/h-i686-mingw32/bin/../lib/gcc/nios2-elf/4.1.2/../../../../nios2-elf/lib\libc.a(lib_a-memset.o)
 .bss           0x01010d54        0x0 c:/altera/13.0sp1/nios2eds/bin/gnu/h-i686-mingw32/bin/../lib/gcc/nios2-elf/4.1.2/../../../../nios2-elf/lib\libc.a(lib_a-mprec.o)
 .bss           0x01010d54        0x0 c:/altera/13.0sp1/nios2eds/bin/gnu/h-i686-mingw32/bin/../lib/gcc/nios2-elf/4.1.2/../../../../nios2-elf/lib\libc.a(lib_a-reallocr.o)
 .bss           0x01010d54        0x0 c:/altera/13.0sp1/nios2eds/bin/gnu/h-i686-mingw32/bin/../lib/gcc/nios2-elf/4.1.2/../../../../nios2-elf/lib\libc.a(lib_a-s_isinfd.o)
 .bss           0x01010d54        0x0 c:/altera/13.0sp1/nios2eds/bin/gnu/h-i686-mingw32/bin/../lib/gcc/nios2-elf/4.1.2/../../../../nios2-elf/lib\libc.a(lib_a-s_isnand.o)
 .bss           0x01010d54        0x0 c:/altera/13.0sp1/nios2eds/bin/gnu/h-i686-mingw32/bin/../lib/gcc/nios2-elf/4.1.2/../../../../nios2-elf/lib\libc.a(lib_a-sbrkr.o)
 .bss           0x01010d54        0x0 c:/altera/13.0sp1/nios2eds/bin/gnu/h-i686-mingw32/bin/../lib/gcc/nios2-elf/4.1.2/../../../../nios2-elf/lib\libc.a(lib_a-stdio.o)
 .bss           0x01010d54        0x0 c:/altera/13.0sp1/nios2eds/bin/gnu/h-i686-mingw32/bin/../lib/gcc/nios2-elf/4.1.2/../../../../nios2-elf/lib\libc.a(lib_a-strcmp.o)
 .bss           0x01010d54        0x0 c:/altera/13.0sp1/nios2eds/bin/gnu/h-i686-mingw32/bin/../lib/gcc/nios2-elf/4.1.2/../../../../nios2-elf/lib\libc.a(lib_a-strlen.o)
 .bss           0x01010d54        0x0 c:/altera/13.0sp1/nios2eds/bin/gnu/h-i686-mingw32/bin/../lib/gcc/nios2-elf/4.1.2/../../../../nios2-elf/lib\libc.a(lib_a-writer.o)
 .bss           0x01010d54        0x0 c:/altera/13.0sp1/nios2eds/bin/gnu/h-i686-mingw32/bin/../lib/gcc/nios2-elf/4.1.2/../../../../nios2-elf/lib\libc.a(lib_a-callocr.o)
 .bss           0x01010d54        0x0 c:/altera/13.0sp1/nios2eds/bin/gnu/h-i686-mingw32/bin/../lib/gcc/nios2-elf/4.1.2/../../../../nios2-elf/lib\libc.a(lib_a-closer.o)
 .bss           0x01010d54        0x0 c:/altera/13.0sp1/nios2eds/bin/gnu/h-i686-mingw32/bin/../lib/gcc/nios2-elf/4.1.2/../../../../nios2-elf/lib\libc.a(lib_a-fclose.o)
 .bss           0x01010d54        0x0 c:/altera/13.0sp1/nios2eds/bin/gnu/h-i686-mingw32/bin/../lib/gcc/nios2-elf/4.1.2/../../../../nios2-elf/lib\libc.a(lib_a-fstatr.o)
 .bss           0x01010d54        0x0 c:/altera/13.0sp1/nios2eds/bin/gnu/h-i686-mingw32/bin/../lib/gcc/nios2-elf/4.1.2/../../../../nios2-elf/lib\libc.a(lib_a-int_errno.o)
 .bss           0x01010d54        0x0 c:/altera/13.0sp1/nios2eds/bin/gnu/h-i686-mingw32/bin/../lib/gcc/nios2-elf/4.1.2/../../../../nios2-elf/lib\libc.a(lib_a-isattyr.o)
 .bss           0x01010d54        0x0 c:/altera/13.0sp1/nios2eds/bin/gnu/h-i686-mingw32/bin/../lib/gcc/nios2-elf/4.1.2/../../../../nios2-elf/lib\libc.a(lib_a-lseekr.o)
 .bss           0x01010d54        0x0 c:/altera/13.0sp1/nios2eds/bin/gnu/h-i686-mingw32/bin/../lib/gcc/nios2-elf/4.1.2/../../../../nios2-elf/lib\libc.a(lib_a-readr.o)
 .bss           0x01010d54        0x0 c:/altera/13.0sp1/nios2eds/bin/gnu/h-i686-mingw32/bin/../lib/gcc/nios2-elf/4.1.2\libgcc.a(_udivdi3.o)
 .bss           0x01010d54        0x0 c:/altera/13.0sp1/nios2eds/bin/gnu/h-i686-mingw32/bin/../lib/gcc/nios2-elf/4.1.2\libgcc.a(_umoddi3.o)
 .bss           0x01010d54        0x0 c:/altera/13.0sp1/nios2eds/bin/gnu/h-i686-mingw32/bin/../lib/gcc/nios2-elf/4.1.2\libgcc.a(_addsub_df.o)
 .bss           0x01010d54        0x0 c:/altera/13.0sp1/nios2eds/bin/gnu/h-i686-mingw32/bin/../lib/gcc/nios2-elf/4.1.2\libgcc.a(_mul_df.o)
 .bss           0x01010d54        0x0 c:/altera/13.0sp1/nios2eds/bin/gnu/h-i686-mingw32/bin/../lib/gcc/nios2-elf/4.1.2\libgcc.a(_div_df.o)
 .bss           0x01010d54        0x0 c:/altera/13.0sp1/nios2eds/bin/gnu/h-i686-mingw32/bin/../lib/gcc/nios2-elf/4.1.2\libgcc.a(_eq_df.o)
 .bss           0x01010d54        0x0 c:/altera/13.0sp1/nios2eds/bin/gnu/h-i686-mingw32/bin/../lib/gcc/nios2-elf/4.1.2\libgcc.a(_ne_df.o)
 .bss           0x01010d54        0x0 c:/altera/13.0sp1/nios2eds/bin/gnu/h-i686-mingw32/bin/../lib/gcc/nios2-elf/4.1.2\libgcc.a(_gt_df.o)
 .bss           0x01010d54        0x0 c:/altera/13.0sp1/nios2eds/bin/gnu/h-i686-mingw32/bin/../lib/gcc/nios2-elf/4.1.2\libgcc.a(_ge_df.o)
 .bss           0x01010d54        0x0 c:/altera/13.0sp1/nios2eds/bin/gnu/h-i686-mingw32/bin/../lib/gcc/nios2-elf/4.1.2\libgcc.a(_lt_df.o)
 .bss           0x01010d54        0x0 c:/altera/13.0sp1/nios2eds/bin/gnu/h-i686-mingw32/bin/../lib/gcc/nios2-elf/4.1.2\libgcc.a(_si_to_df.o)
 .bss           0x01010d54        0x0 c:/altera/13.0sp1/nios2eds/bin/gnu/h-i686-mingw32/bin/../lib/gcc/nios2-elf/4.1.2\libgcc.a(_df_to_si.o)
 .bss           0x01010d54        0x0 c:/altera/13.0sp1/nios2eds/bin/gnu/h-i686-mingw32/bin/../lib/gcc/nios2-elf/4.1.2\libgcc.a(_thenan_df.o)
 .bss           0x01010d54        0x0 c:/altera/13.0sp1/nios2eds/bin/gnu/h-i686-mingw32/bin/../lib/gcc/nios2-elf/4.1.2\libgcc.a(_usi_to_df.o)
 .bss           0x01010d54        0x0 c:/altera/13.0sp1/nios2eds/bin/gnu/h-i686-mingw32/bin/../lib/gcc/nios2-elf/4.1.2\libgcc.a(lib2-divmod.o)
 .bss           0x01010d54        0x0 c:/altera/13.0sp1/nios2eds/bin/gnu/h-i686-mingw32/bin/../lib/gcc/nios2-elf/4.1.2\libgcc.a(_muldi3.o)
 .bss           0x01010d54        0x0 c:/altera/13.0sp1/nios2eds/bin/gnu/h-i686-mingw32/bin/../lib/gcc/nios2-elf/4.1.2\libgcc.a(_clz.o)
 .bss           0x01010d54        0x0 c:/altera/13.0sp1/nios2eds/bin/gnu/h-i686-mingw32/bin/../lib/gcc/nios2-elf/4.1.2\libgcc.a(_clzsi2.o)
 .bss           0x01010d54        0x0 c:/altera/13.0sp1/nios2eds/bin/gnu/h-i686-mingw32/bin/../lib/gcc/nios2-elf/4.1.2\libgcc.a(_pack_df.o)
 .bss           0x01010d54        0x0 c:/altera/13.0sp1/nios2eds/bin/gnu/h-i686-mingw32/bin/../lib/gcc/nios2-elf/4.1.2\libgcc.a(_unpack_df.o)
 .bss           0x01010d54        0x0 c:/altera/13.0sp1/nios2eds/bin/gnu/h-i686-mingw32/bin/../lib/gcc/nios2-elf/4.1.2\libgcc.a(_fpcmp_parts_df.o)
 .bss           0x01010d54        0x0 ../../\libhal_bsp.a(alt_close.o)
 .bss           0x01010d54        0x0 ../../\libhal_bsp.a(alt_dev.o)
 .bss           0x01010d54        0x0 ../../\libhal_bsp.a(alt_errno.o)
 .bss           0x01010d54        0x0 ../../\libhal_bsp.a(alt_fstat.o)
 .bss           0x01010d54        0x0 ../../\libhal_bsp.a(alt_isatty.o)
 .bss           0x01010d54        0x0 ../../\libhal_bsp.a(alt_load.o)
 .bss           0x01010d54        0x0 ../../\libhal_bsp.a(alt_lseek.o)
 .bss           0x01010d54        0x0 ../../\libhal_bsp.a(alt_main.o)
 .bss           0x01010d54        0x0 ../../\libhal_bsp.a(alt_malloc_lock.o)
 .bss           0x01010d54        0x0 ../../\libhal_bsp.a(alt_read.o)
 .bss           0x01010d54        0x0 ../../\libhal_bsp.a(alt_release_fd.o)
 .bss           0x01010d54        0x0 ../../\libhal_bsp.a(alt_sbrk.o)
 .bss           0x01010d54        0x0 ../../\libhal_bsp.a(alt_write.o)
 .bss           0x01010d54        0x0 ../../\libhal_bsp.a(alt_sys_init.o)
 .bss           0x01010d54        0x0 ../../\libhal_bsp.a(altera_avalon_jtag_uart_fd.o)
 .bss           0x01010d54        0x0 ../../\libhal_bsp.a(altera_avalon_jtag_uart_init.o)
 .bss           0x01010d54        0x0 ../../\libhal_bsp.a(altera_avalon_jtag_uart_ioctl.o)
 .bss           0x01010d54        0x0 ../../\libhal_bsp.a(altera_avalon_jtag_uart_read.o)
 .bss           0x01010d54        0x0 ../../\libhal_bsp.a(altera_avalon_jtag_uart_write.o)
 .bss           0x01010d54        0x0 ../../\libhal_bsp.a(altera_avalon_timer_sc.o)
 .bss           0x01010d54        0x0 ../../\libhal_bsp.a(altera_up_avalon_character_lcd.o)
 .bss           0x01010d54        0x0 ../../\libhal_bsp.a(altera_up_avalon_rs232.o)
 .bss           0x01010d54        0x0 ../../\libhal_bsp.a(alt_alarm_start.o)
 .bss           0x01010d54        0x0 ../../\libhal_bsp.a(alt_dcache_flush_all.o)
 .bss           0x01010d54        0x0 ../../\libhal_bsp.a(alt_dev_llist_insert.o)
 .bss           0x01010d54        0x0 ../../\libhal_bsp.a(alt_do_ctors.o)
 .bss           0x01010d54        0x0 ../../\libhal_bsp.a(alt_do_dtors.o)
 .bss           0x01010d54        0x0 ../../\libhal_bsp.a(alt_find_dev.o)
 .bss           0x01010d54        0x0 ../../\libhal_bsp.a(alt_icache_flush_all.o)
 .bss           0x01010d54        0x0 ../../\libhal_bsp.a(alt_io_redirect.o)
 .bss           0x01010d54        0x0 ../../\libhal_bsp.a(alt_irq_register.o)
 .bss           0x01010d54        0x0 ../../\libhal_bsp.a(alt_irq_vars.o)
 .bss           0x01010d54        0x0 ../../\libhal_bsp.a(alt_open.o)
 .bss           0x01010d54        0x0 ../../\libhal_bsp.a(alt_tick.o)
 .bss           0x01010d54        0x0 ../../\libhal_bsp.a(altera_nios2_qsys_irq.o)
 .bss           0x01010d54        0x0 ../../\libhal_bsp.a(alt_find_file.o)
 .bss           0x01010d54        0x0 ../../\libhal_bsp.a(alt_get_fd.o)
 .bss           0x01010d54        0x0 ../../\libhal_bsp.a(alt_icache_flush.o)
 .bss           0x01010d54        0x0 ../../\libhal_bsp.a(alt_irq_entry.o)
 .bss           0x01010d54        0x0 ../../\libhal_bsp.a(alt_irq_handler.o)
 .bss           0x01010d54        0x0 ../../\libhal_bsp.a(alt_exception_entry.o)
 .bss           0x01010d54        0x0 c:/altera/13.0sp1/nios2eds/bin/gnu/h-i686-mingw32/bin/../lib/gcc/nios2-elf/4.1.2/../../../../nios2-elf/lib\libc.a(lib_a-atexit.o)
 .bss           0x01010d54        0x0 c:/altera/13.0sp1/nios2eds/bin/gnu/h-i686-mingw32/bin/../lib/gcc/nios2-elf/4.1.2/../../../../nios2-elf/lib\libc.a(lib_a-exit.o)
 .bss           0x01010d54        0x0 c:/altera/13.0sp1/nios2eds/bin/gnu/h-i686-mingw32/bin/../lib/gcc/nios2-elf/4.1.2/../../../../nios2-elf/lib\libc.a(lib_a-memcmp.o)
 .bss           0x01010d54        0x0 c:/altera/13.0sp1/nios2eds/bin/gnu/h-i686-mingw32/bin/../lib/gcc/nios2-elf/4.1.2/../../../../nios2-elf/lib\libc.a(lib_a-__atexit.o)
 .bss           0x01010d54        0x0 c:/altera/13.0sp1/nios2eds/bin/gnu/h-i686-mingw32/bin/../lib/gcc/nios2-elf/4.1.2/../../../../nios2-elf/lib\libc.a(lib_a-__call_atexit.o)
 .bss           0x01010d54        0x0 ../../\libhal_bsp.a(alt_exit.o)
 *(COMMON)
 COMMON         0x01010d54      0x100 ../../\libhal_bsp.a(alt_irq_handler.o)
                0x01010d54                alt_irq
 COMMON         0x01010e54      0x190 c:/altera/13.0sp1/nios2eds/bin/gnu/h-i686-mingw32/bin/../lib/gcc/nios2-elf/4.1.2/../../../../nios2-elf/lib\libc.a(lib_a-atexit.o)
                0x01010e54                _atexit0
                0x01010fe4                . = ALIGN (0x4)
                0x01010fe4                __bss_end = ABSOLUTE (.)

.onchip_memory2_0
                0x00000000        0x0 load address 0x01010fe4
                0x00000000                PROVIDE (_alt_partition_onchip_memory2_0_start, ABSOLUTE (.))
 *(.onchip_memory2_0. onchip_memory2_0.*)
                0x00000000                . = ALIGN (0x4)
                0x00000000                PROVIDE (_alt_partition_onchip_memory2_0_end, ABSOLUTE (.))
                0x01010fe4                PROVIDE (_alt_partition_onchip_memory2_0_load_addr, LOADADDR (.onchip_memory2_0))

.new_sdram_controller_0
                0x01010fe4        0x0
                0x01010fe4                PROVIDE (_alt_partition_new_sdram_controller_0_start, ABSOLUTE (.))
 *(.new_sdram_controller_0. new_sdram_controller_0.*)
                0x01010fe4                . = ALIGN (0x4)
                0x01010fe4                PROVIDE (_alt_partition_new_sdram_controller_0_end, ABSOLUTE (.))
                0x01010fe4                _end = ABSOLUTE (.)
                0x01010fe4                end = ABSOLUTE (.)
                0x01010fe4                __alt_stack_base = ABSOLUTE (.)
                0x01010fe4                PROVIDE (_alt_partition_new_sdram_controller_0_load_addr, LOADADDR (.new_sdram_controller_0))

.stab
 *(.stab)

.stabstr
 *(.stabstr)

.stab.excl
 *(.stab.excl)

.stab.exclstr
 *(.stab.exclstr)

.stab.index
 *(.stab.index)

.stab.indexstr
 *(.stab.indexstr)

.comment        0x00000000       0x26
 *(.comment)
 .comment       0x00000000       0x26 obj/default/hello_world.o
                                 0x27 (size before relaxing)
 .comment       0x00000000       0x27 c:/altera/13.0sp1/nios2eds/bin/gnu/h-i686-mingw32/bin/../lib/gcc/nios2-elf/4.1.2/../../../../nios2-elf/lib\libc.a(lib_a-impure.o)
 .comment       0x00000000       0x27 c:/altera/13.0sp1/nios2eds/bin/gnu/h-i686-mingw32/bin/../lib/gcc/nios2-elf/4.1.2/../../../../nios2-elf/lib\libc.a(lib_a-printf.o)
 .comment       0x00000000       0x27 c:/altera/13.0sp1/nios2eds/bin/gnu/h-i686-mingw32/bin/../lib/gcc/nios2-elf/4.1.2/../../../../nios2-elf/lib\libc.a(lib_a-putc.o)
 .comment       0x00000000       0x27 c:/altera/13.0sp1/nios2eds/bin/gnu/h-i686-mingw32/bin/../lib/gcc/nios2-elf/4.1.2/../../../../nios2-elf/lib\libc.a(lib_a-strsep.o)
 .comment       0x00000000       0x27 c:/altera/13.0sp1/nios2eds/bin/gnu/h-i686-mingw32/bin/../lib/gcc/nios2-elf/4.1.2/../../../../nios2-elf/lib\libc.a(lib_a-strtok_r.o)
 .comment       0x00000000       0x27 c:/altera/13.0sp1/nios2eds/bin/gnu/h-i686-mingw32/bin/../lib/gcc/nios2-elf/4.1.2/../../../../nios2-elf/lib\libc.a(lib_a-vfprintf.o)
 .comment       0x00000000       0x27 c:/altera/13.0sp1/nios2eds/bin/gnu/h-i686-mingw32/bin/../lib/gcc/nios2-elf/4.1.2/../../../../nios2-elf/lib\libc.a(lib_a-wbuf.o)
 .comment       0x00000000       0x27 c:/altera/13.0sp1/nios2eds/bin/gnu/h-i686-mingw32/bin/../lib/gcc/nios2-elf/4.1.2/../../../../nios2-elf/lib\libc.a(lib_a-wsetup.o)
 .comment       0x00000000       0x27 c:/altera/13.0sp1/nios2eds/bin/gnu/h-i686-mingw32/bin/../lib/gcc/nios2-elf/4.1.2/../../../../nios2-elf/lib\libc.a(lib_a-dtoa.o)
 .comment       0x00000000       0x27 c:/altera/13.0sp1/nios2eds/bin/gnu/h-i686-mingw32/bin/../lib/gcc/nios2-elf/4.1.2/../../../../nios2-elf/lib\libc.a(lib_a-fflush.o)
 .comment       0x00000000       0x27 c:/altera/13.0sp1/nios2eds/bin/gnu/h-i686-mingw32/bin/../lib/gcc/nios2-elf/4.1.2/../../../../nios2-elf/lib\libc.a(lib_a-findfp.o)
 .comment       0x00000000       0x27 c:/altera/13.0sp1/nios2eds/bin/gnu/h-i686-mingw32/bin/../lib/gcc/nios2-elf/4.1.2/../../../../nios2-elf/lib\libc.a(lib_a-freer.o)
 .comment       0x00000000       0x27 c:/altera/13.0sp1/nios2eds/bin/gnu/h-i686-mingw32/bin/../lib/gcc/nios2-elf/4.1.2/../../../../nios2-elf/lib\libc.a(lib_a-fvwrite.o)
 .comment       0x00000000       0x27 c:/altera/13.0sp1/nios2eds/bin/gnu/h-i686-mingw32/bin/../lib/gcc/nios2-elf/4.1.2/../../../../nios2-elf/lib\libc.a(lib_a-fwalk.o)
 .comment       0x00000000       0x27 c:/altera/13.0sp1/nios2eds/bin/gnu/h-i686-mingw32/bin/../lib/gcc/nios2-elf/4.1.2/../../../../nios2-elf/lib\libc.a(lib_a-locale.o)
 .comment       0x00000000       0x27 c:/altera/13.0sp1/nios2eds/bin/gnu/h-i686-mingw32/bin/../lib/gcc/nios2-elf/4.1.2/../../../../nios2-elf/lib\libc.a(lib_a-makebuf.o)
 .comment       0x00000000       0x27 c:/altera/13.0sp1/nios2eds/bin/gnu/h-i686-mingw32/bin/../lib/gcc/nios2-elf/4.1.2/../../../../nios2-elf/lib\libc.a(lib_a-mallocr.o)
 .comment       0x00000000       0x27 c:/altera/13.0sp1/nios2eds/bin/gnu/h-i686-mingw32/bin/../lib/gcc/nios2-elf/4.1.2/../../../../nios2-elf/lib\libc.a(lib_a-memchr.o)
 .comment       0x00000000       0x27 c:/altera/13.0sp1/nios2eds/bin/gnu/h-i686-mingw32/bin/../lib/gcc/nios2-elf/4.1.2/../../../../nios2-elf/lib\libc.a(lib_a-memcpy.o)
 .comment       0x00000000       0x27 c:/altera/13.0sp1/nios2eds/bin/gnu/h-i686-mingw32/bin/../lib/gcc/nios2-elf/4.1.2/../../../../nios2-elf/lib\libc.a(lib_a-memmove.o)
 .comment       0x00000000       0x27 c:/altera/13.0sp1/nios2eds/bin/gnu/h-i686-mingw32/bin/../lib/gcc/nios2-elf/4.1.2/../../../../nios2-elf/lib\libc.a(lib_a-memset.o)
 .comment       0x00000000       0x27 c:/altera/13.0sp1/nios2eds/bin/gnu/h-i686-mingw32/bin/../lib/gcc/nios2-elf/4.1.2/../../../../nios2-elf/lib\libc.a(lib_a-mprec.o)
 .comment       0x00000000       0x27 c:/altera/13.0sp1/nios2eds/bin/gnu/h-i686-mingw32/bin/../lib/gcc/nios2-elf/4.1.2/../../../../nios2-elf/lib\libc.a(lib_a-reallocr.o)
 .comment       0x00000000       0x27 c:/altera/13.0sp1/nios2eds/bin/gnu/h-i686-mingw32/bin/../lib/gcc/nios2-elf/4.1.2/../../../../nios2-elf/lib\libc.a(lib_a-s_isinfd.o)
 .comment       0x00000000       0x27 c:/altera/13.0sp1/nios2eds/bin/gnu/h-i686-mingw32/bin/../lib/gcc/nios2-elf/4.1.2/../../../../nios2-elf/lib\libc.a(lib_a-s_isnand.o)
 .comment       0x00000000       0x27 c:/altera/13.0sp1/nios2eds/bin/gnu/h-i686-mingw32/bin/../lib/gcc/nios2-elf/4.1.2/../../../../nios2-elf/lib\libc.a(lib_a-sbrkr.o)
 .comment       0x00000000       0x27 c:/altera/13.0sp1/nios2eds/bin/gnu/h-i686-mingw32/bin/../lib/gcc/nios2-elf/4.1.2/../../../../nios2-elf/lib\libc.a(lib_a-stdio.o)
 .comment       0x00000000       0x27 c:/altera/13.0sp1/nios2eds/bin/gnu/h-i686-mingw32/bin/../lib/gcc/nios2-elf/4.1.2/../../../../nios2-elf/lib\libc.a(lib_a-strcmp.o)
 .comment       0x00000000       0x27 c:/altera/13.0sp1/nios2eds/bin/gnu/h-i686-mingw32/bin/../lib/gcc/nios2-elf/4.1.2/../../../../nios2-elf/lib\libc.a(lib_a-strlen.o)
 .comment       0x00000000       0x27 c:/altera/13.0sp1/nios2eds/bin/gnu/h-i686-mingw32/bin/../lib/gcc/nios2-elf/4.1.2/../../../../nios2-elf/lib\libc.a(lib_a-writer.o)
 .comment       0x00000000       0x27 c:/altera/13.0sp1/nios2eds/bin/gnu/h-i686-mingw32/bin/../lib/gcc/nios2-elf/4.1.2/../../../../nios2-elf/lib\libc.a(lib_a-callocr.o)
 .comment       0x00000000       0x27 c:/altera/13.0sp1/nios2eds/bin/gnu/h-i686-mingw32/bin/../lib/gcc/nios2-elf/4.1.2/../../../../nios2-elf/lib\libc.a(lib_a-closer.o)
 .comment       0x00000000       0x27 c:/altera/13.0sp1/nios2eds/bin/gnu/h-i686-mingw32/bin/../lib/gcc/nios2-elf/4.1.2/../../../../nios2-elf/lib\libc.a(lib_a-fclose.o)
 .comment       0x00000000       0x27 c:/altera/13.0sp1/nios2eds/bin/gnu/h-i686-mingw32/bin/../lib/gcc/nios2-elf/4.1.2/../../../../nios2-elf/lib\libc.a(lib_a-fstatr.o)
 .comment       0x00000000       0x27 c:/altera/13.0sp1/nios2eds/bin/gnu/h-i686-mingw32/bin/../lib/gcc/nios2-elf/4.1.2/../../../../nios2-elf/lib\libc.a(lib_a-int_errno.o)
 .comment       0x00000000       0x27 c:/altera/13.0sp1/nios2eds/bin/gnu/h-i686-mingw32/bin/../lib/gcc/nios2-elf/4.1.2/../../../../nios2-elf/lib\libc.a(lib_a-isattyr.o)
 .comment       0x00000000       0x27 c:/altera/13.0sp1/nios2eds/bin/gnu/h-i686-mingw32/bin/../lib/gcc/nios2-elf/4.1.2/../../../../nios2-elf/lib\libc.a(lib_a-lseekr.o)
 .comment       0x00000000       0x27 c:/altera/13.0sp1/nios2eds/bin/gnu/h-i686-mingw32/bin/../lib/gcc/nios2-elf/4.1.2/../../../../nios2-elf/lib\libc.a(lib_a-readr.o)
 .comment       0x00000000       0x27 c:/altera/13.0sp1/nios2eds/bin/gnu/h-i686-mingw32/bin/../lib/gcc/nios2-elf/4.1.2\libgcc.a(_udivdi3.o)
 .comment       0x00000000       0x27 c:/altera/13.0sp1/nios2eds/bin/gnu/h-i686-mingw32/bin/../lib/gcc/nios2-elf/4.1.2\libgcc.a(_umoddi3.o)
 .comment       0x00000000       0x27 c:/altera/13.0sp1/nios2eds/bin/gnu/h-i686-mingw32/bin/../lib/gcc/nios2-elf/4.1.2\libgcc.a(_addsub_df.o)
 .comment       0x00000000       0x27 c:/altera/13.0sp1/nios2eds/bin/gnu/h-i686-mingw32/bin/../lib/gcc/nios2-elf/4.1.2\libgcc.a(_mul_df.o)
 .comment       0x00000000       0x27 c:/altera/13.0sp1/nios2eds/bin/gnu/h-i686-mingw32/bin/../lib/gcc/nios2-elf/4.1.2\libgcc.a(_div_df.o)
 .comment       0x00000000       0x27 c:/altera/13.0sp1/nios2eds/bin/gnu/h-i686-mingw32/bin/../lib/gcc/nios2-elf/4.1.2\libgcc.a(_eq_df.o)
 .comment       0x00000000       0x27 c:/altera/13.0sp1/nios2eds/bin/gnu/h-i686-mingw32/bin/../lib/gcc/nios2-elf/4.1.2\libgcc.a(_ne_df.o)
 .comment       0x00000000       0x27 c:/altera/13.0sp1/nios2eds/bin/gnu/h-i686-mingw32/bin/../lib/gcc/nios2-elf/4.1.2\libgcc.a(_gt_df.o)
 .comment       0x00000000       0x27 c:/altera/13.0sp1/nios2eds/bin/gnu/h-i686-mingw32/bin/../lib/gcc/nios2-elf/4.1.2\libgcc.a(_ge_df.o)
 .comment       0x00000000       0x27 c:/altera/13.0sp1/nios2eds/bin/gnu/h-i686-mingw32/bin/../lib/gcc/nios2-elf/4.1.2\libgcc.a(_lt_df.o)
 .comment       0x00000000       0x27 c:/altera/13.0sp1/nios2eds/bin/gnu/h-i686-mingw32/bin/../lib/gcc/nios2-elf/4.1.2\libgcc.a(_si_to_df.o)
 .comment       0x00000000       0x27 c:/altera/13.0sp1/nios2eds/bin/gnu/h-i686-mingw32/bin/../lib/gcc/nios2-elf/4.1.2\libgcc.a(_df_to_si.o)
 .comment       0x00000000       0x27 c:/altera/13.0sp1/nios2eds/bin/gnu/h-i686-mingw32/bin/../lib/gcc/nios2-elf/4.1.2\libgcc.a(_thenan_df.o)
 .comment       0x00000000       0x27 c:/altera/13.0sp1/nios2eds/bin/gnu/h-i686-mingw32/bin/../lib/gcc/nios2-elf/4.1.2\libgcc.a(_usi_to_df.o)
 .comment       0x00000000       0x27 c:/altera/13.0sp1/nios2eds/bin/gnu/h-i686-mingw32/bin/../lib/gcc/nios2-elf/4.1.2\libgcc.a(lib2-divmod.o)
 .comment       0x00000000       0x27 c:/altera/13.0sp1/nios2eds/bin/gnu/h-i686-mingw32/bin/../lib/gcc/nios2-elf/4.1.2\libgcc.a(_muldi3.o)
 .comment       0x00000000       0x27 c:/altera/13.0sp1/nios2eds/bin/gnu/h-i686-mingw32/bin/../lib/gcc/nios2-elf/4.1.2\libgcc.a(_clz.o)
 .comment       0x00000000       0x27 c:/altera/13.0sp1/nios2eds/bin/gnu/h-i686-mingw32/bin/../lib/gcc/nios2-elf/4.1.2\libgcc.a(_clzsi2.o)
 .comment       0x00000000       0x27 c:/altera/13.0sp1/nios2eds/bin/gnu/h-i686-mingw32/bin/../lib/gcc/nios2-elf/4.1.2\libgcc.a(_pack_df.o)
 .comment       0x00000000       0x27 c:/altera/13.0sp1/nios2eds/bin/gnu/h-i686-mingw32/bin/../lib/gcc/nios2-elf/4.1.2\libgcc.a(_unpack_df.o)
 .comment       0x00000000       0x27 c:/altera/13.0sp1/nios2eds/bin/gnu/h-i686-mingw32/bin/../lib/gcc/nios2-elf/4.1.2\libgcc.a(_fpcmp_parts_df.o)
 .comment       0x00000000       0x27 ../../\libhal_bsp.a(alt_close.o)
 .comment       0x00000000       0x27 ../../\libhal_bsp.a(alt_dev.o)
 .comment       0x00000000       0x27 ../../\libhal_bsp.a(alt_errno.o)
 .comment       0x00000000       0x27 ../../\libhal_bsp.a(alt_fstat.o)
 .comment       0x00000000       0x27 ../../\libhal_bsp.a(alt_isatty.o)
 .comment       0x00000000       0x27 ../../\libhal_bsp.a(alt_load.o)
 .comment       0x00000000       0x27 ../../\libhal_bsp.a(alt_lseek.o)
 .comment       0x00000000       0x27 ../../\libhal_bsp.a(alt_main.o)
 .comment       0x00000000       0x27 ../../\libhal_bsp.a(alt_malloc_lock.o)
 .comment       0x00000000       0x27 ../../\libhal_bsp.a(alt_read.o)
 .comment       0x00000000       0x27 ../../\libhal_bsp.a(alt_release_fd.o)
 .comment       0x00000000       0x27 ../../\libhal_bsp.a(alt_sbrk.o)
 .comment       0x00000000       0x27 ../../\libhal_bsp.a(alt_write.o)
 .comment       0x00000000       0x27 ../../\libhal_bsp.a(alt_sys_init.o)
 .comment       0x00000000       0x27 ../../\libhal_bsp.a(altera_avalon_jtag_uart_fd.o)
 .comment       0x00000000       0x27 ../../\libhal_bsp.a(altera_avalon_jtag_uart_init.o)
 .comment       0x00000000       0x27 ../../\libhal_bsp.a(altera_avalon_jtag_uart_ioctl.o)
 .comment       0x00000000       0x27 ../../\libhal_bsp.a(altera_avalon_jtag_uart_read.o)
 .comment       0x00000000       0x27 ../../\libhal_bsp.a(altera_avalon_jtag_uart_write.o)
 .comment       0x00000000       0x27 ../../\libhal_bsp.a(altera_avalon_timer_sc.o)
 .comment       0x00000000       0x27 ../../\libhal_bsp.a(altera_up_avalon_character_lcd.o)
 .comment       0x00000000       0x27 ../../\libhal_bsp.a(altera_up_avalon_rs232.o)
 .comment       0x00000000       0x27 ../../\libhal_bsp.a(alt_alarm_start.o)
 .comment       0x00000000       0x27 ../../\libhal_bsp.a(alt_dcache_flush_all.o)
 .comment       0x00000000       0x27 ../../\libhal_bsp.a(alt_dev_llist_insert.o)
 .comment       0x00000000       0x27 ../../\libhal_bsp.a(alt_do_ctors.o)
 .comment       0x00000000       0x27 ../../\libhal_bsp.a(alt_do_dtors.o)
 .comment       0x00000000       0x27 ../../\libhal_bsp.a(alt_find_dev.o)
 .comment       0x00000000       0x27 ../../\libhal_bsp.a(alt_icache_flush_all.o)
 .comment       0x00000000       0x27 ../../\libhal_bsp.a(alt_io_redirect.o)
 .comment       0x00000000       0x27 ../../\libhal_bsp.a(alt_irq_register.o)
 .comment       0x00000000       0x27 ../../\libhal_bsp.a(alt_irq_vars.o)
 .comment       0x00000000       0x27 ../../\libhal_bsp.a(alt_open.o)
 .comment       0x00000000       0x27 ../../\libhal_bsp.a(alt_tick.o)
 .comment       0x00000000       0x27 ../../\libhal_bsp.a(altera_nios2_qsys_irq.o)
 .comment       0x00000000       0x27 ../../\libhal_bsp.a(alt_find_file.o)
 .comment       0x00000000       0x27 ../../\libhal_bsp.a(alt_get_fd.o)
 .comment       0x00000000       0x27 ../../\libhal_bsp.a(alt_icache_flush.o)
 .comment       0x00000000       0x27 ../../\libhal_bsp.a(alt_irq_handler.o)
 .comment       0x00000000       0x27 c:/altera/13.0sp1/nios2eds/bin/gnu/h-i686-mingw32/bin/../lib/gcc/nios2-elf/4.1.2/../../../../nios2-elf/lib\libc.a(lib_a-atexit.o)
 .comment       0x00000000       0x27 c:/altera/13.0sp1/nios2eds/bin/gnu/h-i686-mingw32/bin/../lib/gcc/nios2-elf/4.1.2/../../../../nios2-elf/lib\libc.a(lib_a-exit.o)
 .comment       0x00000000       0x27 c:/altera/13.0sp1/nios2eds/bin/gnu/h-i686-mingw32/bin/../lib/gcc/nios2-elf/4.1.2/../../../../nios2-elf/lib\libc.a(lib_a-memcmp.o)
 .comment       0x00000000       0x27 c:/altera/13.0sp1/nios2eds/bin/gnu/h-i686-mingw32/bin/../lib/gcc/nios2-elf/4.1.2/../../../../nios2-elf/lib\libc.a(lib_a-__atexit.o)
 .comment       0x00000000       0x27 c:/altera/13.0sp1/nios2eds/bin/gnu/h-i686-mingw32/bin/../lib/gcc/nios2-elf/4.1.2/../../../../nios2-elf/lib\libc.a(lib_a-__call_atexit.o)
 .comment       0x00000000       0x27 ../../\libhal_bsp.a(alt_exit.o)

.debug
 *(.debug)

.line
 *(.line)

.debug_srcinfo
 *(.debug_srcinfo)

.debug_sfnames
 *(.debug_sfnames)

.debug_aranges  0x00000000      0xcf8
 *(.debug_aranges)
 .debug_aranges
                0x00000000       0x28 ../..//obj/HAL/src/crt0.o
 .debug_aranges
                0x00000028       0x20 obj/default/hello_world.o
 .debug_aranges
                0x00000048       0x20 c:/altera/13.0sp1/nios2eds/bin/gnu/h-i686-mingw32/bin/../lib/gcc/nios2-elf/4.1.2/../../../../nios2-elf/lib\libc.a(lib_a-printf.o)
 .debug_aranges
                0x00000068       0x20 c:/altera/13.0sp1/nios2eds/bin/gnu/h-i686-mingw32/bin/../lib/gcc/nios2-elf/4.1.2/../../../../nios2-elf/lib\libc.a(lib_a-putc.o)
 .debug_aranges
                0x00000088       0x20 c:/altera/13.0sp1/nios2eds/bin/gnu/h-i686-mingw32/bin/../lib/gcc/nios2-elf/4.1.2/../../../../nios2-elf/lib\libc.a(lib_a-strsep.o)
 .debug_aranges
                0x000000a8       0x20 c:/altera/13.0sp1/nios2eds/bin/gnu/h-i686-mingw32/bin/../lib/gcc/nios2-elf/4.1.2/../../../../nios2-elf/lib\libc.a(lib_a-strtok_r.o)
 .debug_aranges
                0x000000c8       0x20 c:/altera/13.0sp1/nios2eds/bin/gnu/h-i686-mingw32/bin/../lib/gcc/nios2-elf/4.1.2/../../../../nios2-elf/lib\libc.a(lib_a-vfprintf.o)
 .debug_aranges
                0x000000e8       0x20 c:/altera/13.0sp1/nios2eds/bin/gnu/h-i686-mingw32/bin/../lib/gcc/nios2-elf/4.1.2/../../../../nios2-elf/lib\libc.a(lib_a-wbuf.o)
 .debug_aranges
                0x00000108       0x20 c:/altera/13.0sp1/nios2eds/bin/gnu/h-i686-mingw32/bin/../lib/gcc/nios2-elf/4.1.2/../../../../nios2-elf/lib\libc.a(lib_a-wsetup.o)
 .debug_aranges
                0x00000128       0x20 c:/altera/13.0sp1/nios2eds/bin/gnu/h-i686-mingw32/bin/../lib/gcc/nios2-elf/4.1.2/../../../../nios2-elf/lib\libc.a(lib_a-dtoa.o)
 .debug_aranges
                0x00000148       0x20 c:/altera/13.0sp1/nios2eds/bin/gnu/h-i686-mingw32/bin/../lib/gcc/nios2-elf/4.1.2/../../../../nios2-elf/lib\libc.a(lib_a-fflush.o)
 .debug_aranges
                0x00000168       0x20 c:/altera/13.0sp1/nios2eds/bin/gnu/h-i686-mingw32/bin/../lib/gcc/nios2-elf/4.1.2/../../../../nios2-elf/lib\libc.a(lib_a-findfp.o)
 .debug_aranges
                0x00000188       0x20 c:/altera/13.0sp1/nios2eds/bin/gnu/h-i686-mingw32/bin/../lib/gcc/nios2-elf/4.1.2/../../../../nios2-elf/lib\libc.a(lib_a-freer.o)
 .debug_aranges
                0x000001a8       0x20 c:/altera/13.0sp1/nios2eds/bin/gnu/h-i686-mingw32/bin/../lib/gcc/nios2-elf/4.1.2/../../../../nios2-elf/lib\libc.a(lib_a-fvwrite.o)
 .debug_aranges
                0x000001c8       0x20 c:/altera/13.0sp1/nios2eds/bin/gnu/h-i686-mingw32/bin/../lib/gcc/nios2-elf/4.1.2/../../../../nios2-elf/lib\libc.a(lib_a-fwalk.o)
 .debug_aranges
                0x000001e8       0x20 c:/altera/13.0sp1/nios2eds/bin/gnu/h-i686-mingw32/bin/../lib/gcc/nios2-elf/4.1.2/../../../../nios2-elf/lib\libc.a(lib_a-locale.o)
 .debug_aranges
                0x00000208       0x20 c:/altera/13.0sp1/nios2eds/bin/gnu/h-i686-mingw32/bin/../lib/gcc/nios2-elf/4.1.2/../../../../nios2-elf/lib\libc.a(lib_a-makebuf.o)
 .debug_aranges
                0x00000228       0x20 c:/altera/13.0sp1/nios2eds/bin/gnu/h-i686-mingw32/bin/../lib/gcc/nios2-elf/4.1.2/../../../../nios2-elf/lib\libc.a(lib_a-mallocr.o)
 .debug_aranges
                0x00000248       0x20 c:/altera/13.0sp1/nios2eds/bin/gnu/h-i686-mingw32/bin/../lib/gcc/nios2-elf/4.1.2/../../../../nios2-elf/lib\libc.a(lib_a-memchr.o)
 .debug_aranges
                0x00000268       0x20 c:/altera/13.0sp1/nios2eds/bin/gnu/h-i686-mingw32/bin/../lib/gcc/nios2-elf/4.1.2/../../../../nios2-elf/lib\libc.a(lib_a-memcpy.o)
 .debug_aranges
                0x00000288       0x20 c:/altera/13.0sp1/nios2eds/bin/gnu/h-i686-mingw32/bin/../lib/gcc/nios2-elf/4.1.2/../../../../nios2-elf/lib\libc.a(lib_a-memmove.o)
 .debug_aranges
                0x000002a8       0x20 c:/altera/13.0sp1/nios2eds/bin/gnu/h-i686-mingw32/bin/../lib/gcc/nios2-elf/4.1.2/../../../../nios2-elf/lib\libc.a(lib_a-memset.o)
 .debug_aranges
                0x000002c8       0x20 c:/altera/13.0sp1/nios2eds/bin/gnu/h-i686-mingw32/bin/../lib/gcc/nios2-elf/4.1.2/../../../../nios2-elf/lib\libc.a(lib_a-mprec.o)
 .debug_aranges
                0x000002e8       0x20 c:/altera/13.0sp1/nios2eds/bin/gnu/h-i686-mingw32/bin/../lib/gcc/nios2-elf/4.1.2/../../../../nios2-elf/lib\libc.a(lib_a-reallocr.o)
 .debug_aranges
                0x00000308       0x20 c:/altera/13.0sp1/nios2eds/bin/gnu/h-i686-mingw32/bin/../lib/gcc/nios2-elf/4.1.2/../../../../nios2-elf/lib\libc.a(lib_a-s_isinfd.o)
 .debug_aranges
                0x00000328       0x20 c:/altera/13.0sp1/nios2eds/bin/gnu/h-i686-mingw32/bin/../lib/gcc/nios2-elf/4.1.2/../../../../nios2-elf/lib\libc.a(lib_a-s_isnand.o)
 .debug_aranges
                0x00000348       0x20 c:/altera/13.0sp1/nios2eds/bin/gnu/h-i686-mingw32/bin/../lib/gcc/nios2-elf/4.1.2/../../../../nios2-elf/lib\libc.a(lib_a-sbrkr.o)
 .debug_aranges
                0x00000368       0x20 c:/altera/13.0sp1/nios2eds/bin/gnu/h-i686-mingw32/bin/../lib/gcc/nios2-elf/4.1.2/../../../../nios2-elf/lib\libc.a(lib_a-stdio.o)
 .debug_aranges
                0x00000388       0x20 c:/altera/13.0sp1/nios2eds/bin/gnu/h-i686-mingw32/bin/../lib/gcc/nios2-elf/4.1.2/../../../../nios2-elf/lib\libc.a(lib_a-strcmp.o)
 .debug_aranges
                0x000003a8       0x20 c:/altera/13.0sp1/nios2eds/bin/gnu/h-i686-mingw32/bin/../lib/gcc/nios2-elf/4.1.2/../../../../nios2-elf/lib\libc.a(lib_a-strlen.o)
 .debug_aranges
                0x000003c8       0x20 c:/altera/13.0sp1/nios2eds/bin/gnu/h-i686-mingw32/bin/../lib/gcc/nios2-elf/4.1.2/../../../../nios2-elf/lib\libc.a(lib_a-writer.o)
 .debug_aranges
                0x000003e8       0x20 c:/altera/13.0sp1/nios2eds/bin/gnu/h-i686-mingw32/bin/../lib/gcc/nios2-elf/4.1.2/../../../../nios2-elf/lib\libc.a(lib_a-callocr.o)
 .debug_aranges
                0x00000408       0x20 c:/altera/13.0sp1/nios2eds/bin/gnu/h-i686-mingw32/bin/../lib/gcc/nios2-elf/4.1.2/../../../../nios2-elf/lib\libc.a(lib_a-closer.o)
 .debug_aranges
                0x00000428       0x20 c:/altera/13.0sp1/nios2eds/bin/gnu/h-i686-mingw32/bin/../lib/gcc/nios2-elf/4.1.2/../../../../nios2-elf/lib\libc.a(lib_a-fclose.o)
 .debug_aranges
                0x00000448       0x20 c:/altera/13.0sp1/nios2eds/bin/gnu/h-i686-mingw32/bin/../lib/gcc/nios2-elf/4.1.2/../../../../nios2-elf/lib\libc.a(lib_a-fstatr.o)
 .debug_aranges
                0x00000468       0x20 c:/altera/13.0sp1/nios2eds/bin/gnu/h-i686-mingw32/bin/../lib/gcc/nios2-elf/4.1.2/../../../../nios2-elf/lib\libc.a(lib_a-isattyr.o)
 .debug_aranges
                0x00000488       0x20 c:/altera/13.0sp1/nios2eds/bin/gnu/h-i686-mingw32/bin/../lib/gcc/nios2-elf/4.1.2/../../../../nios2-elf/lib\libc.a(lib_a-lseekr.o)
 .debug_aranges
                0x000004a8       0x20 c:/altera/13.0sp1/nios2eds/bin/gnu/h-i686-mingw32/bin/../lib/gcc/nios2-elf/4.1.2/../../../../nios2-elf/lib\libc.a(lib_a-readr.o)
 .debug_aranges
                0x000004c8       0x20 c:/altera/13.0sp1/nios2eds/bin/gnu/h-i686-mingw32/bin/../lib/gcc/nios2-elf/4.1.2\libgcc.a(_udivdi3.o)
 .debug_aranges
                0x000004e8       0x20 c:/altera/13.0sp1/nios2eds/bin/gnu/h-i686-mingw32/bin/../lib/gcc/nios2-elf/4.1.2\libgcc.a(_umoddi3.o)
 .debug_aranges
                0x00000508       0x20 c:/altera/13.0sp1/nios2eds/bin/gnu/h-i686-mingw32/bin/../lib/gcc/nios2-elf/4.1.2\libgcc.a(_addsub_df.o)
 .debug_aranges
                0x00000528       0x20 c:/altera/13.0sp1/nios2eds/bin/gnu/h-i686-mingw32/bin/../lib/gcc/nios2-elf/4.1.2\libgcc.a(_mul_df.o)
 .debug_aranges
                0x00000548       0x20 c:/altera/13.0sp1/nios2eds/bin/gnu/h-i686-mingw32/bin/../lib/gcc/nios2-elf/4.1.2\libgcc.a(_div_df.o)
 .debug_aranges
                0x00000568       0x20 c:/altera/13.0sp1/nios2eds/bin/gnu/h-i686-mingw32/bin/../lib/gcc/nios2-elf/4.1.2\libgcc.a(_eq_df.o)
 .debug_aranges
                0x00000588       0x20 c:/altera/13.0sp1/nios2eds/bin/gnu/h-i686-mingw32/bin/../lib/gcc/nios2-elf/4.1.2\libgcc.a(_ne_df.o)
 .debug_aranges
                0x000005a8       0x20 c:/altera/13.0sp1/nios2eds/bin/gnu/h-i686-mingw32/bin/../lib/gcc/nios2-elf/4.1.2\libgcc.a(_gt_df.o)
 .debug_aranges
                0x000005c8       0x20 c:/altera/13.0sp1/nios2eds/bin/gnu/h-i686-mingw32/bin/../lib/gcc/nios2-elf/4.1.2\libgcc.a(_ge_df.o)
 .debug_aranges
                0x000005e8       0x20 c:/altera/13.0sp1/nios2eds/bin/gnu/h-i686-mingw32/bin/../lib/gcc/nios2-elf/4.1.2\libgcc.a(_lt_df.o)
 .debug_aranges
                0x00000608       0x20 c:/altera/13.0sp1/nios2eds/bin/gnu/h-i686-mingw32/bin/../lib/gcc/nios2-elf/4.1.2\libgcc.a(_si_to_df.o)
 .debug_aranges
                0x00000628       0x20 c:/altera/13.0sp1/nios2eds/bin/gnu/h-i686-mingw32/bin/../lib/gcc/nios2-elf/4.1.2\libgcc.a(_df_to_si.o)
 .debug_aranges
                0x00000648       0x20 c:/altera/13.0sp1/nios2eds/bin/gnu/h-i686-mingw32/bin/../lib/gcc/nios2-elf/4.1.2\libgcc.a(_usi_to_df.o)
 .debug_aranges
                0x00000668       0x20 c:/altera/13.0sp1/nios2eds/bin/gnu/h-i686-mingw32/bin/../lib/gcc/nios2-elf/4.1.2\libgcc.a(lib2-divmod.o)
 .debug_aranges
                0x00000688       0x20 c:/altera/13.0sp1/nios2eds/bin/gnu/h-i686-mingw32/bin/../lib/gcc/nios2-elf/4.1.2\libgcc.a(_muldi3.o)
 .debug_aranges
                0x000006a8       0x20 c:/altera/13.0sp1/nios2eds/bin/gnu/h-i686-mingw32/bin/../lib/gcc/nios2-elf/4.1.2\libgcc.a(_clzsi2.o)
 .debug_aranges
                0x000006c8       0x20 c:/altera/13.0sp1/nios2eds/bin/gnu/h-i686-mingw32/bin/../lib/gcc/nios2-elf/4.1.2\libgcc.a(_pack_df.o)
 .debug_aranges
                0x000006e8       0x20 c:/altera/13.0sp1/nios2eds/bin/gnu/h-i686-mingw32/bin/../lib/gcc/nios2-elf/4.1.2\libgcc.a(_unpack_df.o)
 .debug_aranges
                0x00000708       0x20 c:/altera/13.0sp1/nios2eds/bin/gnu/h-i686-mingw32/bin/../lib/gcc/nios2-elf/4.1.2\libgcc.a(_fpcmp_parts_df.o)
 .debug_aranges
                0x00000728       0x20 ../../\libhal_bsp.a(alt_close.o)
 .debug_aranges
                0x00000748       0x20 ../../\libhal_bsp.a(alt_dev.o)
 .debug_aranges
                0x00000768       0x20 ../../\libhal_bsp.a(alt_fstat.o)
 .debug_aranges
                0x00000788       0x20 ../../\libhal_bsp.a(alt_isatty.o)
 .debug_aranges
                0x000007a8       0x20 ../../\libhal_bsp.a(alt_load.o)
 .debug_aranges
                0x000007c8       0x20 ../../\libhal_bsp.a(alt_lseek.o)
 .debug_aranges
                0x000007e8       0x20 ../../\libhal_bsp.a(alt_main.o)
 .debug_aranges
                0x00000808       0x20 ../../\libhal_bsp.a(alt_malloc_lock.o)
 .debug_aranges
                0x00000828       0x20 ../../\libhal_bsp.a(alt_read.o)
 .debug_aranges
                0x00000848       0x20 ../../\libhal_bsp.a(alt_release_fd.o)
 .debug_aranges
                0x00000868       0x20 ../../\libhal_bsp.a(alt_sbrk.o)
 .debug_aranges
                0x00000888       0x20 ../../\libhal_bsp.a(alt_write.o)
 .debug_aranges
                0x000008a8       0x20 ../../\libhal_bsp.a(alt_sys_init.o)
 .debug_aranges
                0x000008c8       0x20 ../../\libhal_bsp.a(altera_avalon_jtag_uart_fd.o)
 .debug_aranges
                0x000008e8       0x20 ../../\libhal_bsp.a(altera_avalon_jtag_uart_init.o)
 .debug_aranges
                0x00000908       0x20 ../../\libhal_bsp.a(altera_avalon_jtag_uart_ioctl.o)
 .debug_aranges
                0x00000928       0x20 ../../\libhal_bsp.a(altera_avalon_jtag_uart_read.o)
 .debug_aranges
                0x00000948       0x20 ../../\libhal_bsp.a(altera_avalon_jtag_uart_write.o)
 .debug_aranges
                0x00000968       0x20 ../../\libhal_bsp.a(altera_avalon_timer_sc.o)
 .debug_aranges
                0x00000988       0x20 ../../\libhal_bsp.a(altera_up_avalon_character_lcd.o)
 .debug_aranges
                0x000009a8       0x20 ../../\libhal_bsp.a(altera_up_avalon_rs232.o)
 .debug_aranges
                0x000009c8       0x20 ../../\libhal_bsp.a(alt_alarm_start.o)
 .debug_aranges
                0x000009e8       0x20 ../../\libhal_bsp.a(alt_dcache_flush_all.o)
 .debug_aranges
                0x00000a08       0x20 ../../\libhal_bsp.a(alt_dev_llist_insert.o)
 .debug_aranges
                0x00000a28       0x20 ../../\libhal_bsp.a(alt_do_ctors.o)
 .debug_aranges
                0x00000a48       0x20 ../../\libhal_bsp.a(alt_do_dtors.o)
 .debug_aranges
                0x00000a68       0x20 ../../\libhal_bsp.a(alt_find_dev.o)
 .debug_aranges
                0x00000a88       0x20 ../../\libhal_bsp.a(alt_icache_flush_all.o)
 .debug_aranges
                0x00000aa8       0x20 ../../\libhal_bsp.a(alt_io_redirect.o)
 .debug_aranges
                0x00000ac8       0x20 ../../\libhal_bsp.a(alt_irq_register.o)
 .debug_aranges
                0x00000ae8       0x20 ../../\libhal_bsp.a(alt_open.o)
 .debug_aranges
                0x00000b08       0x20 ../../\libhal_bsp.a(alt_tick.o)
 .debug_aranges
                0x00000b28       0x20 ../../\libhal_bsp.a(altera_nios2_qsys_irq.o)
 .debug_aranges
                0x00000b48       0x20 ../../\libhal_bsp.a(alt_find_file.o)
 .debug_aranges
                0x00000b68       0x20 ../../\libhal_bsp.a(alt_get_fd.o)
 .debug_aranges
                0x00000b88       0x20 ../../\libhal_bsp.a(alt_icache_flush.o)
 .debug_aranges
                0x00000ba8       0x30 ../../\libhal_bsp.a(alt_irq_entry.o)
 .debug_aranges
                0x00000bd8       0x28 ../../\libhal_bsp.a(alt_irq_handler.o)
 .debug_aranges
                0x00000c00       0x38 ../../\libhal_bsp.a(alt_exception_entry.o)
 .debug_aranges
                0x00000c38       0x20 c:/altera/13.0sp1/nios2eds/bin/gnu/h-i686-mingw32/bin/../lib/gcc/nios2-elf/4.1.2/../../../../nios2-elf/lib\libc.a(lib_a-atexit.o)
 .debug_aranges
                0x00000c58       0x20 c:/altera/13.0sp1/nios2eds/bin/gnu/h-i686-mingw32/bin/../lib/gcc/nios2-elf/4.1.2/../../../../nios2-elf/lib\libc.a(lib_a-exit.o)
 .debug_aranges
                0x00000c78       0x20 c:/altera/13.0sp1/nios2eds/bin/gnu/h-i686-mingw32/bin/../lib/gcc/nios2-elf/4.1.2/../../../../nios2-elf/lib\libc.a(lib_a-memcmp.o)